--------- beginning of /dev/log/main
D/AndroidRuntime(25365): 
D/AndroidRuntime(25365): >>>>>> AndroidRuntime START com.android.internal.os.RuntimeInit <<<<<<
D/AndroidRuntime(25365): CheckJNI is ON
D/AndroidRuntime(25365): setted country_code = CHINA
D/AndroidRuntime(25365): setted countryiso_code = CN
D/AndroidRuntime(25365): setted sales_code = CTC
D/AndroidRuntime(25365): readGMSProperty: start
D/AndroidRuntime(25365): readGMSProperty: already setted!!
D/AndroidRuntime(25365): readGMSProperty: end
D/AndroidRuntime(25365): addProductProperty: start
D/dalvikvm(25365): Trying to load lib libjavacore.so 0x0
D/dalvikvm(25365): Added shared lib libjavacore.so 0x0
D/dalvikvm(25365): Trying to load lib libnativehelper.so 0x0
D/dalvikvm(25365): Added shared lib libnativehelper.so 0x0
D/dalvikvm(25365): No JNI_OnLoad found in libnativehelper.so 0x0, skipping init
D/dalvikvm(25365): Note: class Landroid/app/ActivityManagerNative; has 194 unimplemented (abstract) methods
D/AndroidRuntime(25365): Calling main entry com.android.commands.am.Am
V/ApplicationPolicy(  834): isApplicationStateBlocked userId 0 pkgname com.samsung.demo.wbtatransitioneffect
I/DVFSHelper(  834): acquire:: timeout = -1, mIsAcquired = false
I/CustomFrequencyManager(  834): newFrequencyRequest  - mFrequency = 556800, mTimeoutMs = -1, mPkgName = ACTIVITY_RESUME_BOOSTER@6
I/CustomFrequencyManager(  834): Boost Request from package = ACTIVITY_RESUME_BOOSTER@6 frequency : 556800type = 6
I/CustomFrequencyManager(  834): !! pkgName = ACTIVITY_RESUME_BOOSTER@6
I/CustomFrequencyManager(  834): CPUDVFSControlRequest : doFrequencyRequest::  = 556800 Timeout : -1
I/DVFSHelper(  834): acquire:: timeout = -1, mIsAcquired = false
I/DVFSHelper(  834): acquire:: timeout = -1, mIsAcquired = false
I/CustomFrequencyManager(  834): newFrequencyRequest  - mFrequency = 0, mTimeoutMs = -1, mPkgName = AMS_RESUME_BOOST_CSTATE@31
I/CustomFrequencyManager(  834): Boost Request from package = AMS_RESUME_BOOST_CSTATE@31 frequency : 0type = 12
I/CustomFrequencyManager(  834): !! pkgName = AMS_RESUME_BOOST_CSTATE@31
I/CustomFrequencyManager(  834): CPUDisCStateRequest : doFrequencyRequest::  = 0 Timeout : -1
I/SurfaceFlinger(  267): id=5835 createSurf (16x16),-1 flag=20004, EimLayer
I/SurfaceFlinger(  267): id=5836 createSurf (16x16),-1 flag=20004, EimLayer
--------- beginning of /dev/log/system
D/CustomFrequencyManagerService(  834): checkCPUBoostRange : 556800
D/CustomFrequencyManagerService(  834): acquireDVFSLockLocked : type : DVFS_MIN_LIMIT  frequency : 556800  uid : 1000  pid : 834  pkgName : ACTIVITY_RESUME_BOOSTER@6
D/CustomFrequencyManagerService(  834): Before Adding ---------
D/CustomFrequencyManagerService(  834): After Adding ---------
D/CustomFrequencyManagerService(  834): ########## Start : CPU BOOST ##########
D/CustomFrequencyManagerService(  834): dumpDVFSLockList : DVFS_MIN_LIMIT
D/CustomFrequencyManagerService(  834):     0 : tag : ACTIVITY_RESUME_BOOSTER@6  frequency : 556800  elapsed time : 0 Binder = android.os.Binder@437bea50 UID 1000 PID = 834
D/CustomFrequencyManagerService(  834): ########## END : CPU BOOST ##########
D/CustomFrequencyManagerService(  834): acquireDVFSLockLocked : Creating new Lock type & adding to List : DVFS_MIN_LIMIT  frequency : 556800  uid : 1000  pid : 834  pkgName : ACTIVITY_RESUME_BOOSTER@6
D/CustomFrequencyManagerService(  834): writeSysfs:: path = /sys/power/cpufreq_min_limit, value = 556800
W/ActivityManager(  834): mDVFSHelper.acquire()
D/CustomFrequencyManagerService(  834): disableCPUCState:: package = AMS_RESUME_BOOST_CSTATE@31, uid = 1000, pid = 834
D/CustomFrequencyManagerService(  834): disableCPUCState, Going tochange the CPU Core value
D/QcFalImpl(  834): acquirePerfPwrClpsDisLock:: perfLockAcquire(ALL_CPUS_PC_DIS)
D/Launcher.HomeView( 1325): onPause
D/PhoneStatusBar( 1078): setTransGradationMode=false, mTransparentMode=false, mSemiTransparentMode=false, mMultiWindowMode=false
D/PhoneStatusBar( 1078): checkBarMode(2)
D/AndroidRuntime(25365): Shutting down VM
D/StatusBarManagerService(  834): tr p:1325,o:f
D/dalvikvm(25365): GC_CONCURRENT freed 98K, 13% free 723K/824K, paused 0ms+0ms, total 5ms
E/ActivityManager(  834): checkUser: useridlist=null, currentuser=0
E/ActivityManager(  834): checkUser: useridlist=null, currentuser=0
E/ActivityManager(  834): checkUser: useridlist=null, currentuser=0
E/ActivityManager(  834): checkUser: useridlist=null, currentuser=0
I/ApplicationUsage(  834): handleMessage : MSG_UPDATE_USAGE_DB
I/ApplicationUsage(  834): Updating Usage Statistics in DB @ 1396727566875
E/dalvikvm(25377): >>>>> Normal User
E/dalvikvm(25377): >>>>> com.sec.android.widgetapp.activeapplicationwidget [ userId:0 | appId:10062 ]
I/libpersona(25377): KNOX_SDCARD checking this for 10062
I/libpersona(25377): KNOX_SDCARD not a persona
I/SELinux (25377): Function: selinux_android_load_priority , priority [3] , priority version is VE=SEPF_SM-A7009_4.4.4_A024
E/SELinux (25377): [DEBUG] get_category: variable seinfocat: platform sensitivity: NULL, cateogry: NULL
D/StatusBarManagerService(  834): semi p:834,o:f
E/ActivityManager(  834): checkUser: useridlist=null, currentuser=0
E/ActivityManager(  834): checkUser: useridlist=null, currentuser=0
E/ActivityManager(  834): checkUser: useridlist=null, currentuser=0
E/ActivityManager(  834): checkUser: useridlist=null, currentuser=0
I/SurfaceFlinger(  267): id=5837 createSurf (1x1),2 flag=404, xbtatransit
D/PhoneStatusBar( 1078): setSemiTransparentMode=false, mTransparentMode=false, mSemiTransparentMode=false, mMultiWindowMode=false
D/PhoneStatusBar( 1078): checkBarMode(2)
D/TimaKeyStoreProvider(25377): in addTimaSignatureService
D/TimaKeyStoreProvider(25377): Cannot add TimaSignature Service, License check Failed
D/ActivityThread(25377): Added TimaKesytore provider
D/dalvikvm(  268): GC_EXPLICIT freed 46K, 37% free 16840K/26380K, paused 6ms+5ms, total 55ms
D/PointerIcon(  834): setMouseIconStyle1 pointerType: 1001iconType:101 flag:0
D/PointerIcon(  834): setMouseCustomIcon IconType is same.101
D/StatusBarManagerService(  834): semi p:834,o:f
D/PhoneStatusBar( 1078): setSemiTransparentMode=false, mTransparentMode=false, mSemiTransparentMode=false, mMultiWindowMode=false
D/PhoneStatusBar( 1078): checkBarMode(2)
D/dalvikvm(  268): GC_EXPLICIT freed <1K, 37% free 16840K/26380K, paused 5ms+5ms, total 39ms
D/dalvikvm(  268): GC_EXPLICIT freed <1K, 37% free 16840K/26380K, paused 2ms+4ms, total 29ms
E/dalvikvm(25390): >>>>> Normal User
E/dalvikvm(25390): >>>>> com.samsung.demo.wbtatransitioneffect [ userId:0 | appId:10446 ]
I/SELinux (25390): Function: selinux_android_load_priority , priority [3] , priority version is VE=SEPF_SM-A7009_4.4.4_A024
E/SELinux (25390): [DEBUG] get_category: variable seinfocat: default sensitivity: NULL, cateogry: NULL
D/dalvikvm(25390): Not late-enabling CheckJNI (already on)
I/libpersona(25390): KNOX_SDCARD checking this for 10446
I/libpersona(25390): KNOX_SDCARD not a persona
I/dalvikvm(25390): CheckJNI enabled: not enabling JNI app bug workarounds.
D/Launcher.HomeView( 1325): onStop
D/TimaKeyStoreProvider(25390): in addTimaSignatureService
D/TimaKeyStoreProvider(25390): Cannot add TimaSignature Service, License check Failed
D/ActivityThread(25390): Added TimaKesytore provider
V/WindowOrientationListener(  834): setCurrentAppOrientation :0
V/WindowOrientationListener(  834): ScreenOrientationEventListenerImpl.getProposedRotationLocked, Rotation: -1
V/WindowOrientationListener(  834): ScreenOrientationEventListenerImpl.getProposedRotationLocked, Rotation: -1
V/WindowManager(  834): rotationForOrientationLw(orient=0, last=0); user=0  sensorRotation=-1 mLidState=-1 mDockMode=0 mHdmiPlugged=false mAccelerometerDefault=false gripRotationLock=false
I/DVFSHelper(  834): acquire:: timeout = 1500, mIsAcquired = true
I/DVFSHelper(  834): acquire:: DVFS lock is already acquired. Previous lock will be released first.
I/DVFSHelper(  834): release:: mIsAcquired = true
I/DVFSHelper(  834): release:: cpuRequest is released.
I/CustomFrequencyManager(  834): newFrequencyRequest  - mFrequency = 1497600, mTimeoutMs = 1500, mPkgName = ROTATION_BOOSTER@32
I/CustomFrequencyManager(  834): Boost Request from package = ROTATION_BOOSTER@32 frequency : 1497600type = 6
I/CustomFrequencyManager(  834): !! pkgName = ROTATION_BOOSTER@32
I/CustomFrequencyManager(  834): CPUDVFSControlRequest : doFrequencyRequest::  = 1497600 Timeout : 1500
D/SamsungWindowManager(  834): setRotationLw() : rotation=1
D/CustomFrequencyManagerService(  834): Before Removing ---------
D/CustomFrequencyManagerService(  834): ########## Start : CPU BOOST ##########
D/CustomFrequencyManagerService(  834): dumpDVFSLockList : DVFS_MIN_LIMIT
D/CustomFrequencyManagerService(  834):     0 : tag : ACTIVITY_RESUME_BOOSTER@6  frequency : 556800  elapsed time : 300 Binder = android.os.Binder@437bea50 UID 1000 PID = 834
D/CustomFrequencyManagerService(  834): ########## END : CPU BOOST ##########
D/CustomFrequencyManagerService(  834): dumpDVFSLockList : mCurrentDVFSMinLock : 0
D/CustomFrequencyManagerService(  834): After Removing ----------
D/CustomFrequencyManagerService(  834): ########## Start : CPU BOOST ##########
D/CustomFrequencyManagerService(  834): dumpDVFSLockList : DVFS_MIN_LIMIT
D/CustomFrequencyManagerService(  834):     0 : tag : ACTIVITY_RESUME_BOOSTER@6  frequency : 556800  elapsed time : 300 Binder = android.os.Binder@437bea50 UID 1000 PID = 834
D/CustomFrequencyManagerService(  834): ########## END : CPU BOOST ##########
D/CustomFrequencyManagerService(  834): dumpDVFSLockList : mCurrentDVFSMinLock : 0
D/CustomFrequencyManagerService(  834): checkCPUBoostRange : 1497600
D/CustomFrequencyManagerService(  834): acquireDVFSLockLocked : type : DVFS_MIN_LIMIT  frequency : 1497600  uid : 1000  pid : 834  pkgName : ROTATION_BOOSTER@32
D/CustomFrequencyManagerService(  834): Before Adding ---------
D/CustomFrequencyManagerService(  834): ########## Start : CPU BOOST ##########
D/CustomFrequencyManagerService(  834): dumpDVFSLockList : DVFS_MIN_LIMIT
D/CustomFrequencyManagerService(  834):     0 : tag : ACTIVITY_RESUME_BOOSTER@6  frequency : 556800  elapsed time : 302 Binder = android.os.Binder@437bea50 UID 1000 PID = 834
D/CustomFrequencyManagerService(  834): ########## END : CPU BOOST ##########
D/CustomFrequencyManagerService(  834): dumpDVFSLockList : mCurrentDVFSMinLock : 0
D/CustomFrequencyManagerService(  834): After Adding ---------
D/CustomFrequencyManagerService(  834): ########## Start : CPU BOOST ##########
D/CustomFrequencyManagerService(  834): dumpDVFSLockList : DVFS_MIN_LIMIT
D/CustomFrequencyManagerService(  834):     0 : tag : ACTIVITY_RESUME_BOOSTER@6  frequency : 556800  elapsed time : 303 Binder = android.os.Binder@437bea50 UID 1000 PID = 834
D/CustomFrequencyManagerService(  834): dumpDVFSLockList : DVFS_MIN_LIMIT
D/CustomFrequencyManagerService(  834):     1 : tag : ROTATION_BOOSTER@32  frequency : 1497600  elapsed time : 2 Binder = android.os.Binder@437bea50 UID 1000 PID = 834
D/CustomFrequencyManagerService(  834): ########## END : CPU BOOST ##########
D/CustomFrequencyManagerService(  834): dumpDVFSLockList : mCurrentDVFSMinLock : 0
D/CustomFrequencyManagerService(  834): acquireDVFSLockLocked : Creating new Lock type & adding to List : DVFS_MIN_LIMIT  frequency : 1497600  uid : 1000  pid : 834  pkgName : ROTATION_BOOSTER@32
I/DVFSHelper(  834): acquire:: timeout = 500, mIsAcquired = true
I/DVFSHelper(  834): acquire:: DVFS lock is already acquired. Previous lock will be released first.
I/DVFSHelper(  834): release:: mIsAcquired = true
D/InputDispatcher(  834): setInputDispatchMode: enabled=1, frozen=1
I/SurfaceFlinger(  267): id=5838 createSurf (1080x1920),2 flag=404, TcreenshotS
D/CustomFrequencyManagerService(  834): writeSysfs:: path = /sys/power/cpufreq_min_limit, value = 1497600
D/SSRMv2  (  834): setWindowOrientation:: WINDOW_ORIENTATION_LANDSCAPE
D/AbsAirViewOnOff(  834): DeviceInfo:: 000010000000
D/AbsAirViewOnOff(  834): SettingsAirViewInfo:: 000000000
D/SSRMv2  (  834): writeSysfs:: path() : /sys/class/sec/sec_touchkey/rotation exist() : false canWrite() : false
D/Launcher( 1325): onTrimMemory. Level: 20
I/SurfaceFlinger(  267): Orientation 0=>1
D/PowerManagerService(  834): setKeyboardVisibility: false
I/ActivityManager(  834): Config changes=480 {0 1.0 460mcc3mnc en_US ldltr sw360dp w640dp h335dp 480dpi nrml long land finger -keyb/v/h -nav/h s.550}
D/WindowManager(  834): performLayoutAndPlaceSurfacesLocked called before config changed.
D/ww      ( 2029): mHeightPixels:1880     mStatusBarHeight:100
D/SizeHelper( 2029): mWidthPixels=1920
D/SizeHelper( 2029): ### mHeightPixels=1040
D/SizeHelper( 2029): mImeNormalHeight_L=717
D/SizeHelper( 2029): mImeNormalHeight_V=883
I/MessageMgr( 2029): onConfigurationChanged
I/SpApplication( 2029): getIMEService
I/InputReader(  834): Reconfiguring input devices.  changes=0x00000004
I/InputReader(  834): Device reconfigured: id=2, name='sec_touchscreen', size 1080x1920, orientation 1, mode 1, display id 0
I/SpApplication( 2029): getIMEService
I/SpApplication( 2029): getIMEService
D/WindowManager(  834): performLayoutAndPlaceSurfacesLocked called before config changed.
D/SimeEnvironment( 1714):  dim is 480 ..screen inch is :5.213766561530669
I/SpApplication( 2029): getIMEService
I/SpApplication( 2029): getIMEService
I/AirActivity( 2029): onConfigurationChangeden_US
I/AirActivity( 2029): recreateAllFragments
I/AirActivity( 2029): onSaveInstanceState
I/AirActivity( 2029): go to finishAllFragment
I/AirActivity( 2029): onRestoreInstanceState
I/AirActivity( 2029): onConfigurationChangeden_US
I/AirActivity( 2029): recreateAllFragments
I/AirActivity( 2029): onSaveInstanceState
I/AirActivity( 2029): go to finishAllFragment
I/AirActivity( 2029): onRestoreInstanceState
I/AirActivity( 2029): onConfigurationChangeden_US
I/AirActivity( 2029): recreateAllFragments
I/AirActivity( 2029): onSaveInstanceState
I/AirActivity( 2029): go to finishAllFragment
I/AirActivity( 2029): onRestoreInstanceState
I/AirActivity( 2029): onConfigurationChangeden_US
I/AirActivity( 2029): recreateAllFragments
I/AirActivity( 2029): onSaveInstanceState
I/AirActivity( 2029): go to finishAllFragment
I/AirActivity( 2029): onRestoreInstanceState
I/AirActivity( 2029): onConfigurationChangeden_US
I/AirActivity( 2029): recreateAllFragments
I/AirActivity( 2029): onSaveInstanceState
I/AirActivity( 2029): go to finishAllFragment
I/AirActivity( 2029): onRestoreInstanceState
E/SimeCloud( 1714): composing window is null
D/SamsungIME( 1714): onStartInput  ccontentType: 0 Restarting:true
D/SimeInputModeSwitcher( 1714): switchModeBySettings---1-----mMainInputMode = 11110000
D/SimeInputModeSwitcher( 1714): --2--last input mode = 11110000
D/SimeLanguageMgr( 1714): LMGR------isValidLangChanged-----bRet =false;i=5
I/SimeInputModeSwitcher( 1714): ---------------language has not changed.!!!!!!!!!!!=------
D/SimeInputModeSwitcher( 1714): -----------mode setting----------bRet = false
D/STATUSBAR-StatusBarManagerService(  834): manageDisableList what=0x0 pkg=WindowManager.LayoutParams
D/PhoneStatusBar( 1078): mSettingsPanelGravity = 55
D/PhoneStatusBar( 1078): checkBarMode(0)
D/PhoneStatusBarView( 1078): marqueeStatusBar:18-9, mClearCover:0
D/SignalClusterView_dual( 1078): wifi: GONE sig=2130838381 act=0
D/SignalClusterView_dual( 1078): SIM0 DATA_CONNECTED mMobileTypeId1=0,mMobileActivityId1=0
D/SignalClusterView_dual( 1078): mMobileDataState=0 mMobileDataState2=0
D/SignalClusterView_dual( 1078): apply() CTC
D/SignalClusterView_dual( 1078): apply() mSeparateMobileGroup=8
D/STATUSBAR-IconMerger( 1078): checkOverflow(576), More:false, Req:false Child:5
I/ActivityManager(  834): Killing 25020:com.sec.android.app.music:service/u0a36 (adj 15): empty for 2012s
E/Tethering(  834): No numeric data
E/SmartFaceService(  834): onReceive: android.intent.action.CONFIGURATION_CHANGED
E/SmartFaceService(  834): mFolderCoverOpened: (true, true) -> true
E/SimeCloud( 1714): composing window is null
D/CoverBroadcastManager( 2581): onReceive : action = android.intent.action.CONFIGURATION_CHANGED
D/CoverBroadcastManager( 2581): ACTION_CONFIGURATION_CHANGED
D/CoverBroadcastManager( 2581): File is not existed.
D/CoverBroadcastManager( 2581): BR checkFontStyleChanged false
D/cmaweather( 2625): [KK CmaPhone]>>> WCS:140 [0:0] action : androidintentactionCONFIGURATION_CHANGED
D/SSRMv2  (  834): onForegroundAppChanged:: packageName = com.samsung.demo.wbtatransitioneffect, pid = 25390
D/SSRM:GovernorSD8939(  834): writeSysfs:: path = /sys/devices/system/cpu/cpu1/online, value = 1
D/SSRM:GovernorSD8939(  834): e = write failed: EINVAL (Invalid argument)
D/cmaweather( 2625): [KK CmaPhone]>>> WC:30 [0:0] action : widgetappapheroaccuweatheractionCONFIGURATION_CHANGED
D/SSRM:GovernorSD8939(  834): writeSysfs:: path = /sys/devices/system/cpu/cpu3/online, value = 1
D/SSRM:GovernorSD8939(  834): e = write failed: EINVAL (Invalid argument)
D/SSRM:GovernorSD8939(  834): writeSysfs:: path = /sys/devices/system/cpu/cpu0/cpufreq/interactive/io_is_busy, value = 1
D/SSRM:GovernorSD8939(  834): writeSysfs:: path = /sys/devices/system/cpu/cpu4/cpufreq/interactive/io_is_busy, value = 1
D/SSRM:GovernorSD8939(  834): Preload -> 3rd party
D/SSRM:GovernorSD8939(  834): Power collapse is disabled.
I/MSM-irqbalance(  524): Decided to move IRQ166 from CPU5 to CPU4
D/cmaweather( 2625): [KK CmaPhone]>>> UIMEM:152 [0:0] Lanucher is not easy!!
D/SSRMv3:SsrmController(  834): Condition[AppStart] signal :  = true
D/ListScrollBooster(  834): onChanged:: packageName = com.samsung.demo.wbtatransitioneffect, uid = 10446
D/daemonapp( 2711): [MSC_Daemon]>>> WCP:1142 [0:0] Provider query : content://apaccuweatherprovider/shared_pref
D/daemonapp( 2711): [MSC_Daemon]>>> WCP:1142 [0:0] Provider query : content://apaccuweatherprovider/shared_pref
D/cmaweather( 2625): [KK CmaPhone]>>> UIMEM:128 [0:0] make widget view!!! 
D/daemonapp( 2711): [MSC_Daemon]>>> WCP:1142 [0:0] Provider query : content://apaccuweatherprovider/settings
D/cmaweather( 2625): [KK CmaPhone]>>> UIMEM:849 [0:0]  cUI : cnt = 0, true
D/cmaweather( 2625): [KK CmaPhone]>>> UIMEM:878 [0:0]  composeEmptyCityUI : true
D/StatusBarManagerService(  834): tr p:25390,o:f
D/cmaweather( 2625): [KK CmaPhone]>>> U:1028 [0:0] icon = -1, isDay = true, type = 260
D/cmaweather( 2625): [KK CmaPhone]>>> U:1160 [0:0] resID = 2130837526
D/STATUSBAR-QuickSettingPanel( 1078): setSingleLine:true
D/STATUSBAR-QuickSettingPanel( 1078): updateButtonInfo mButtonWidth : 240 mColumnNumber:8 orien: 2
D/STATUSBAR-QuickSettingPanel( 1078): onConfigurationChanged - dynamicallyReduceTextSize
D/STATUSBAR-QuickSettingButton( 1078): dynamicallyReduceTextSize: 240
D/AbsListView(25390): Get MotionRecognitionManager
D/STATUSBAR-QuickSettingButton( 1078): dynamicallyReduceTextSize: 240
D/STATUSBAR-QuickSettingButton( 1078): dynamicallyReduceTextSize: 240
D/STATUSBAR-QuickSettingButton( 1078): dynamicallyReduceTextSize: 240
D/STATUSBAR-QuickSettingButton( 1078): dynamicallyReduceTextSize: 240
D/STATUSBAR-QuickSettingButton( 1078): dynamicallyReduceTextSize: 240
D/STATUSBAR-QuickSettingButton( 1078): dynamicallyReduceTextSize: 240
D/STATUSBAR-QuickSettingButton( 1078): dynamicallyReduceTextSize: 240
D/STATUSBAR-QuickSettingButton( 1078): dynamicallyReduceTextSize: 240
D/STATUSBAR-QuickSettingButton( 1078): dynamicallyReduceTextSize: 240
D/STATUSBAR-QuickSettingButton( 1078): dynamicallyReduceTextSize: 240
D/STATUSBAR-QuickSettingButton( 1078): dynamicallyReduceTextSize: 240
D/AbsListView(25390): Get MotionRecognitionManager
D/STATUSBAR-QuickSettingButton( 1078): dynamicallyReduceTextSize: 240
D/STATUSBAR-QuickSettingButton( 1078): dynamicallyReduceTextSize: 240
D/STATUSBAR-QuickSettingButton( 1078): dynamicallyReduceTextSize: 240
D/STATUSBAR-QuickSettingButton( 1078): dynamicallyReduceTextSize: 240
D/STATUSBAR-QuickSettingButton( 1078): dynamicallyReduceTextSize: 240
D/STATUSBAR-QuickSettingButton( 1078): dynamicallyReduceTextSize: 240
D/STATUSBAR-QuickSettingButton( 1078): dynamicallyReduceTextSize: 240
D/MotionRecognitionService(  834):  ssp status : false
D/STATUSBAR-QuickSettingButton( 1078): dynamicallyReduceTextSize: 240
D/dalvikvm(25390): Trying to load lib /data/app-lib/com.samsung.demo.wbtatransitioneffect-1/libSgi.so 0x42e0bed0
D/STATUSBAR-IconMerger( 1078): checkOverflow(1368), More:false, Req:false Child:5
D/PhoneStatusBar( 1078): setTransGradationMode=false, mTransparentMode=false, mSemiTransparentMode=false, mMultiWindowMode=false
D/PhoneStatusBar( 1078): checkBarMode(0)
D/STATUSBAR-NetworkController_dual( 1078): onReceive() - ACTION_CONFIGURATION_CHANGED
D/STATUSBAR-NetworkController_dual( 1078): NoService, mRoamingIconId = 0
D/STATUSBAR-NetworkController_dual( 1078): NoService, mRoamingIconId = 0
D/StatusBar.NetworkController_dual( 1078): CTC mMobileLabelViews start
D/StatusBar.NetworkController_dual( 1078): mMobileLabelViews set getSimName(SIM_0) =Slot 1
D/StatusBar.NetworkController_dual( 1078): mMobileLabelViews GONE
D/StatusBar.NetworkController_dual( 1078): mMobileLabelViews2 set getSimName(SIM_1) =Slot 2
D/StatusBar.NetworkController_dual( 1078): mMobileLabelViews2 GONE
D/STATUSBAR-IconMerger( 1078): checkOverflow(1368), More:false, Req:false Child:5
D/dalvikvm(25390): Added shared lib /data/app-lib/com.samsung.demo.wbtatransitioneffect-1/libSgi.so 0x42e0bed0
D/SGAssetRenderDataProvider(25390): shaders path: 'Shaders/', binary shader programs support: enabled
I/ApplicationUsage(  834): Done Updating Usage Statistics in DB @ 1396727567565
I/SGI     (25390): Sgi version 2.0.0 Build type: 32bit Release Build date: 11.03.2015 Build number: local
I/VIEngineStartupAndroid(25390): ApplicationContext obtained
W/dalvikvm(25390): dvmFindClassByName rejecting 'com/samsung/android/sdk/sgi/runtime/SGInvokerAndroid'
W/dalvikvm(25390): dvmFindClassByName rejecting 'com/samsung/android/sdk/sgi/runtime/SGTimerAndroid'
I/WBTATransitionEffect :: (25390): create file 'resultFile'- /storage/emulated/0/OpenSDKDemo/WBTATransitionEffect/WBTATransitionEffect_2014-04-06_03-52-47.txt
I/WBTATransitionEffect :: (25390): /storage/emulated/0/OpenSDKDemo/WBTATransitionEffect/WBTATransitionEffect_2014-04-06_03-52-47.html
I/CreatorHTML(25390):  ---- read file /storage/emulated/0/OpenSDKDemo/WBTATransitionEffect/auto.txt
I/System.out(25390): ArrayList<TestCase>: Len=17
I/System.out(25390): ArrayList<TestCase>: CURVE
D/Activity(25390): #3 setTransGradationModeColor to false
D/PhoneStatusBar( 1078): setSemiTransparentMode=false, mTransparentMode=false, mSemiTransparentMode=false, mMultiWindowMode=false
D/PhoneStatusBar( 1078): checkBarMode(0)
D/StatusBarManagerService(  834): semi p:25390,o:f
I/Class.FunctionName(25390): SGLayer.int addAnimation(SGAnimation anAnimation)
D/PhoneStatusBar( 1078): setSemiTransparentMode=false, mTransparentMode=false, mSemiTransparentMode=false, mMultiWindowMode=false
D/PhoneStatusBar( 1078): checkBarMode(0)
I/SurfaceFlinger(  267): id=5839 createSurf (1x1),1 flag=4, PpenSDKDemo
I/SpenGestureManager(  834): setFocusWindow21010
D/StatusBarManagerService(  834): semi p:25390,o:f
D/PointerIcon(  834): setMouseIconStyle1 pointerType: 1001iconType:101 flag:0
D/PointerIcon(  834): setMouseCustomIcon IconType is same.101
I/SurfaceFlinger(  267): id=5840 createSurf (960x885),1 flag=4, TurfaceView
W/SGI     (25390): attachToNativeWindow wind=0x77c60440
I/Adreno-EGL(25390): <qeglDrvAPI_eglInitialize:410>: EGL 1.4 QUALCOMM build:  ()
I/Adreno-EGL(25390): OpenGL ES Shader Compiler Version: E031.24.02.07
I/Adreno-EGL(25390): Build Date: 11/20/14 Thu
I/Adreno-EGL(25390): Local Branch: 
I/Adreno-EGL(25390): Remote Branch: 
I/Adreno-EGL(25390): Local Patches: 
I/Adreno-EGL(25390): Reconstruct Branch: 
I/Core    (25390): EGL_CLIENT_APIS = OpenGL_ES
I/Core    (25390): EGL_VENDOR = Android
I/Core    (25390): EGL_VERSION = 1.4 Android META-EGL
I/Core    (25390): EGL_EXTENSIONS = EGL_KHR_get_all_proc_addresses EGL_ANDROID_presentation_time EGL_KHR_image EGL_KHR_image_base EGL_KHR_lock_surface EGL_KHR_gl_texture_2D_image EGL_KHR_gl_texture_cubemap_image EGL_KHR_gl_renderbuffer_image EGL_KHR_fence_sync EGL_KHR_create_context EGL_EXT_create_context_robustness EGL_ANDROID_image_native_buffer EGL_KHR_wait_sync EGL_ANDROID_recordable 
I/Core    (25390): EGL: EGL_SEC_set_dirtyrect: inactive (disabled)
I/Core    (25390): EGL: egl_GVR_FrontBuffer: not found [0x0]
I/Core    (25390): EGL: EGL_SEC_getClientBufferForFrontBuffer: not found [0x0]
I/Core    (25390): EGL: Chosen config: {R8 G8 B8 A8} {D24 S8} MS{0 0} SURF=0x5e5 id=0x7 [metric: 8]
I/qdutils (25390): PartialUpdate status: Enabled
I/qdutils (25390): Left Align: 8
I/qdutils (25390): Width Align: 8
I/qdutils (25390): Top Align: 1
I/qdutils (25390): Height Align: 1
I/qdutils (25390): Min ROI Width: 1
I/qdutils (25390): Min ROI Height: 1
I/System.out(25390): ArrayList<TestCase>: THROUGH
E/SMD     (  258): DCD OFF
W/IInputConnectionWrapper( 1325): showStatusIcon on inactive InputConnection
E/SimeCloud( 1714): composing window is null
D/SamsungIME( 1714): onStartInput  ccontentType: 0 Restarting:false
D/SimeInputModeSwitcher( 1714): switchModeBySettings---1-----mMainInputMode = 11110000
D/SimeInputModeSwitcher( 1714): --2--last input mode = 11110000
D/SimeLanguageMgr( 1714): LMGR------isValidLangChanged-----bRet =false;i=5
I/SimeInputModeSwitcher( 1714): ---------------language has not changed.!!!!!!!!!!!=------
D/SimeInputModeSwitcher( 1714): -----------mode setting----------bRet = false
I/Class.FunctionName(25390): SGLayer.int addAnimation(SGAnimation anAnimation)
E/SimeCloud( 1714): composing window is null
W/ContextImpl(  834): Calling a method in the system process without a qualified user: android.app.ContextImpl.sendBroadcast:1510 com.android.server.InputMethodManagerService$4.run:2829 java.lang.Thread.run:841 <bottom of call stack> <bottom of call stack> 
I/System.out(25390): ArrayList<TestCase>: GALLERY
I/DVFSHelper(  834): acquire:: timeout = 600, mIsAcquired = true
I/DVFSHelper(  834): release:: mIsAcquired = true
I/DVFSHelper(  834): acquire:: DVFS lock is already acquired. Previous lock will be released first.
I/DVFSHelper(  834): release:: mIsAcquired = true
I/DVFSHelper(  834): release:: cpuRequest is released.
I/DVFSHelper(  834): release:: mIsAcquired = true
I/DVFSHelper(  834): release:: mIsAcquired = true
I/DVFSHelper(  834): release:: cpuRequest is released.
I/CustomFrequencyManager(  834): newFrequencyRequest  - mFrequency = 556800, mTimeoutMs = 600, mPkgName = ACTIVITY_RESUME_BOOSTER@10
I/CustomFrequencyManager(  834): Boost Request from package = ACTIVITY_RESUME_BOOSTER@10 frequency : 556800type = 6
I/CustomFrequencyManager(  834): !! pkgName = ACTIVITY_RESUME_BOOSTER@10
I/CustomFrequencyManager(  834): CPUDVFSControlRequest : doFrequencyRequest::  = 556800 Timeout : 600
I/DVFSHelper(  834): release:: cpuDisCStateRequest is released.
I/DVFSHelper(  834): acquire:: timeout = 600, mIsAcquired = true
I/DVFSHelper(  834): acquire:: DVFS lock is already acquired. Previous lock will be released first.
I/DVFSHelper(  834): release:: mIsAcquired = true
I/DVFSHelper(  834): acquire:: timeout = 600, mIsAcquired = true
I/DVFSHelper(  834): acquire:: DVFS lock is already acquired. Previous lock will be released first.
I/DVFSHelper(  834): release:: mIsAcquired = true
I/DVFSHelper(  834): release:: cpuDisCStateRequest is released.
D/CustomFrequencyManagerService(  834): Before Removing ---------
D/CustomFrequencyManagerService(  834): ########## Start : CPU BOOST ##########
D/CustomFrequencyManagerService(  834): dumpDVFSLockList : DVFS_MIN_LIMIT
D/CustomFrequencyManagerService(  834):     0 : tag : ACTIVITY_RESUME_BOOSTER@6  frequency : 556800  elapsed time : 1152 Binder = android.os.Binder@437bea50 UID 1000 PID = 834
D/CustomFrequencyManagerService(  834): dumpDVFSLockList : DVFS_MIN_LIMIT
D/CustomFrequencyManagerService(  834):     1 : tag : ROTATION_BOOSTER@32  frequency : 1497600  elapsed time : 844 Binder = android.os.Binder@437bea50 UID 1000 PID = 834
D/CustomFrequencyManagerService(  834): ########## END : CPU BOOST ##########
D/CustomFrequencyManagerService(  834): dumpDVFSLockList : mCurrentDVFSMinLock : 1
D/CustomFrequencyManagerService(  834): After Removing ----------
D/CustomFrequencyManagerService(  834): ########## Start : CPU BOOST ##########
D/CustomFrequencyManagerService(  834): dumpDVFSLockList : DVFS_MIN_LIMIT
D/CustomFrequencyManagerService(  834):     0 : tag : ROTATION_BOOSTER@32  frequency : 1497600  elapsed time : 844 Binder = android.os.Binder@437bea50 UID 1000 PID = 834
D/CustomFrequencyManagerService(  834): ########## END : CPU BOOST ##########
D/CustomFrequencyManagerService(  834): dumpDVFSLockList : mCurrentDVFSMinLock : 0
D/CustomFrequencyManagerService(  834): releaseDVFSLockLocked : Getting Lock type frm List : DVFS_MIN_LIMIT  frequency : 556800  uid : 1000  pid : 834  tag : ACTIVITY_RESUME_BOOSTER@6
D/CustomFrequencyManagerService(  834): Before Removing ---------
D/CustomFrequencyManagerService(  834): ########## Start : CPU BOOST ##########
D/CustomFrequencyManagerService(  834): dumpDVFSLockList : DVFS_MIN_LIMIT
D/CustomFrequencyManagerService(  834):     0 : tag : ROTATION_BOOSTER@32  frequency : 1497600  elapsed time : 844 Binder = android.os.Binder@437bea50 UID 1000 PID = 834
D/CustomFrequencyManagerService(  834): ########## END : CPU BOOST ##########
D/CustomFrequencyManagerService(  834): dumpDVFSLockList : mCurrentDVFSMinLock : 0
D/CustomFrequencyManagerService(  834): After Removing ----------
D/CustomFrequencyManagerService(  834): ########## Start : CPU BOOST ##########
D/CustomFrequencyManagerService(  834): dumpDVFSLockList : DVFS_MIN_LIMIT
D/CustomFrequencyManagerService(  834):     0 : tag : ROTATION_BOOSTER@32  frequency : 1497600  elapsed time : 844 Binder = android.os.Binder@437bea50 UID 1000 PID = 834
D/CustomFrequencyManagerService(  834): ########## END : CPU BOOST ##########
D/CustomFrequencyManagerService(  834): dumpDVFSLockList : mCurrentDVFSMinLock : 0
D/CustomFrequencyManagerService(  834): checkCPUBoostRange : 556800
W/ActivityManager(  834): mDVFSHelper.release()
D/CustomFrequencyManagerService(  834): acquireDVFSLockLocked : type : DVFS_MIN_LIMIT  frequency : 556800  uid : 1000  pid : 834  pkgName : ACTIVITY_RESUME_BOOSTER@10
D/CustomFrequencyManagerService(  834): Before Adding ---------
D/CustomFrequencyManagerService(  834): ########## Start : CPU BOOST ##########
D/CustomFrequencyManagerService(  834): dumpDVFSLockList : DVFS_MIN_LIMIT
D/CustomFrequencyManagerService(  834):     0 : tag : ROTATION_BOOSTER@32  frequency : 1497600  elapsed time : 846 Binder = android.os.Binder@437bea50 UID 1000 PID = 834
D/CustomFrequencyManagerService(  834): ########## END : CPU BOOST ##########
D/CustomFrequencyManagerService(  834): dumpDVFSLockList : mCurrentDVFSMinLock : 0
D/CustomFrequencyManagerService(  834): After Adding ---------
D/CustomFrequencyManagerService(  834): ########## Start : CPU BOOST ##########
D/CustomFrequencyManagerService(  834): dumpDVFSLockList : DVFS_MIN_LIMIT
D/CustomFrequencyManagerService(  834):     0 : tag : ROTATION_BOOSTER@32  frequency : 1497600  elapsed time : 846 Binder = android.os.Binder@437bea50 UID 1000 PID = 834
D/CustomFrequencyManagerService(  834): dumpDVFSLockList : DVFS_MIN_LIMIT
D/CustomFrequencyManagerService(  834):     1 : tag : ACTIVITY_RESUME_BOOSTER@10  frequency : 556800  elapsed time : 0 Binder = android.os.Binder@437bea50 UID 1000 PID = 834
D/CustomFrequencyManagerService(  834): ########## END : CPU BOOST ##########
D/CustomFrequencyManagerService(  834): dumpDVFSLockList : mCurrentDVFSMinLock : 0
D/CustomFrequencyManagerService(  834): acquireDVFSLockLocked : Creating new Lock type & adding to List : DVFS_MIN_LIMIT  frequency : 556800  uid : 1000  pid : 834  pkgName : ACTIVITY_RESUME_BOOSTER@10
D/CustomFrequencyManagerService(  834): enableCPUCState, request not found, returning null
I/CustomFrequencyManager(  834): newFrequencyRequest  - mFrequency = 0, mTimeoutMs = 600, mPkgName = AMS_RESUME_BOOST_CSTATE@14
I/CustomFrequencyManager(  834): Boost Request from package = AMS_RESUME_BOOST_CSTATE@14 frequency : 0type = 12
I/CustomFrequencyManager(  834): !! pkgName = AMS_RESUME_BOOST_CSTATE@14
I/CustomFrequencyManager(  834): CPUDisCStateRequest : doFrequencyRequest::  = 0 Timeout : 600
I/SurfaceFlinger(  267): id=5837 Removed xbtatransit (10/14)
I/SurfaceFlinger(  267): id=5837 Removed xbtatransit (-2/14)
D/CustomFrequencyManagerService(  834): disableCPUCState:: package = AMS_RESUME_BOOST_CSTATE@14, uid = 1000, pid = 834
D/CustomFrequencyManagerService(  834): disableCPUCState, Going tochange the CPU Core value
D/QcFalImpl(  834): acquirePerfPwrClpsDisLock:: perfLockAcquire(ALL_CPUS_PC_DIS)
D/MultiWindowConverter(  834): This application or window do not support multiwindow
I/System.out(25390): ArrayList<TestCase>: WIPE
I/Class.FunctionName(25390): SGLayer.int addAnimation(SGAnimation anAnimation)
I/Class.FunctionName(25390): SGLayer.int addAnimation(SGAnimation anAnimation)
I/System.out(25390): ArrayList<TestCase>: SCALE
I/Class.FunctionName(25390): SGLayer.int addAnimation(SGAnimation anAnimation)
D/dalvikvm(  834): GC_CONCURRENT freed 949K, 16% free 38038K/45008K, paused 4ms+21ms, total 215ms
I/System.out(25390): ArrayList<TestCase>: FLIP3
I/Class.FunctionName(25390): SGLayer.int addAnimation(SGAnimation anAnimation)
I/Core    (25390): SwapBuffer calculated FPS: 43.302700
I/System.out(25390): ArrayList<TestCase>: FADE_IN_OUT
I/Class.FunctionName(25390): SGLayer.int addAnimation(SGAnimation anAnimation)
I/System.out(25390): ArrayList<TestCase>: PIVOT
I/Class.FunctionName(25390): SGLayer.int addAnimation(SGAnimation anAnimation)
I/System.out(25390): ArrayList<TestCase>: CUBE2
I/Class.FunctionName(25390): SGLayer.int addAnimation(SGAnimation anAnimation)
D/CustomFrequencyManagerService(  834): Before Removing ---------
D/CustomFrequencyManagerService(  834): ########## Start : CPU BOOST ##########
D/CustomFrequencyManagerService(  834): dumpDVFSLockList : DVFS_MIN_LIMIT
D/CustomFrequencyManagerService(  834):     0 : tag : ROTATION_BOOSTER@32  frequency : 1497600  elapsed time : 1451 Binder = android.os.Binder@437bea50 UID 1000 PID = 834
D/CustomFrequencyManagerService(  834): dumpDVFSLockList : DVFS_MIN_LIMIT
D/CustomFrequencyManagerService(  834):     1 : tag : ACTIVITY_RESUME_BOOSTER@10  frequency : 556800  elapsed time : 606 Binder = android.os.Binder@437bea50 UID 1000 PID = 834
D/CustomFrequencyManagerService(  834): ########## END : CPU BOOST ##########
D/CustomFrequencyManagerService(  834): dumpDVFSLockList : mCurrentDVFSMinLock : 0
D/CustomFrequencyManagerService(  834): After Removing ----------
D/CustomFrequencyManagerService(  834): ########## Start : CPU BOOST ##########
D/CustomFrequencyManagerService(  834): dumpDVFSLockList : DVFS_MIN_LIMIT
D/CustomFrequencyManagerService(  834):     0 : tag : ROTATION_BOOSTER@32  frequency : 1497600  elapsed time : 1455 Binder = android.os.Binder@437bea50 UID 1000 PID = 834
D/CustomFrequencyManagerService(  834): ########## END : CPU BOOST ##########
D/CustomFrequencyManagerService(  834): dumpDVFSLockList : mCurrentDVFSMinLock : 0
D/CustomFrequencyManagerService(  834): releaseDVFSLockLocked : Getting Lock type frm List : DVFS_MIN_LIMIT  frequency : 556800  uid : 1000  pid : 834  tag : ACTIVITY_RESUME_BOOSTER@10
D/CustomFrequencyManagerService(  834): Before Removing ---------
D/CustomFrequencyManagerService(  834): ########## Start : CPU BOOST ##########
D/CustomFrequencyManagerService(  834): dumpDVFSLockList : DVFS_MIN_LIMIT
D/CustomFrequencyManagerService(  834):     0 : tag : ROTATION_BOOSTER@32  frequency : 1497600  elapsed time : 1501 Binder = android.os.Binder@437bea50 UID 1000 PID = 834
D/CustomFrequencyManagerService(  834): ########## END : CPU BOOST ##########
D/CustomFrequencyManagerService(  834): dumpDVFSLockList : mCurrentDVFSMinLock : 0
D/CustomFrequencyManagerService(  834): After Removing ----------
D/CustomFrequencyManagerService(  834): releaseDVFSLockLocked : Getting Lock type frm List : DVFS_MIN_LIMIT  frequency : 1497600  uid : 1000  pid : 834  tag : ROTATION_BOOSTER@32
D/CustomFrequencyManagerService(  834): releaseDVFSLockLocked : all FREQUENCY_CPU_TYPE_BOOST_MIN_LIMIT are released 
D/CustomFrequencyManagerService(  834): writeSysfs:: path = /sys/power/cpufreq_min_limit, value = -1
I/System.out(25390): ArrayList<TestCase>: isInTransition
I/Class.FunctionName(25390): SGLayer.int addAnimation(SGAnimation anAnimation)
I/System.out(25390): ArrayList<TestCase>: CURTAIN
I/Class.FunctionName(25390): SGLayer.int addAnimation(SGAnimation anAnimation)
I/Core    (25390): SwapBuffer calculated FPS: 38.651478
I/System.out(25390): ArrayList<TestCase>: overrideSourceTexture(SGProperty aProperty)
I/System.out(25390): ArrayList<TestCase>: FOLDING
I/Class.FunctionName(25390): SGLayer.int addAnimation(SGAnimation anAnimation)
I/System.out(25390): ArrayList<TestCase>: COVER_WITH_NEXT_PAGE
I/Class.FunctionName(25390): SGLayer.int addAnimation(SGAnimation anAnimation)
W/WindowManager(  834): Window freeze timeout expired.
W/WindowManager(  834): Force clearing orientation change: Window{4374f620 u0 com.sec.android.app.launcher/com.android.launcher2.Launcher EXITING}
W/WindowManager(  834): Force clearing orientation change: Window{43749218 u0 com.android.systemui.ImageWallpaper}
I/System.out(25390): ArrayList<TestCase>: overrideTargetTexture(SGProperty aProperty)
I/SurfaceFlinger(  267): id=5841 createSurf (2160x1920),-1 flag=20004, ClackSurfac
I/WindowManager(  834): Screen frozen for +2s39ms due to Window{4374f620 u0 com.sec.android.app.launcher/com.android.launcher2.Launcher EXITING}
I/SurfaceFlinger(  267): id=5842 createSurf (1080x3840),-1 flag=20004, ClackSurfac
I/SurfaceFlinger(  267): id=5843 createSurf (2160x1920),-1 flag=20004, ClackSurfac
I/SurfaceFlinger(  267): id=5844 createSurf (1080x3840),-1 flag=20004, ClackSurfac
D/InputDispatcher(  834): setInputDispatchMode: enabled=1, frozen=0
I/System.out(25390): ArrayList<TestCase>: WAVE
I/Class.FunctionName(25390): SGLayer.int addAnimation(SGAnimation anAnimation)
I/System.out(25390): ArrayList<TestCase>: ROTATE_CUBE
I/Core    (25390): SwapBuffer calculated FPS: 38.468033
I/Class.FunctionName(25390): SGLayer.int addAnimation(SGAnimation anAnimation)
I/System.out(25390): ArrayList<TestCase>: WIPE
I/Class.FunctionName(25390): SGLayer.int addAnimation(SGAnimation anAnimation)
I/qdhwcomposer(  267): validateAndApplyROI: Resetting ROI due to scaling
I/System.out(25390): ArrayList<TestCase>: overrideSourceTexture(SGProperty aProperty)
I/qdhwcomposer(  267): validateAndApplyROI: Resetting ROI due to scaling
I/SurfaceFlinger(  267): id=5838 Removed TcreenshotS (13/17)
I/SurfaceFlinger(  267): id=5841 Removed ClackSurfac (13/16)
I/SurfaceFlinger(  267): id=5838 Removed TcreenshotS (-2/16)
I/SurfaceFlinger(  267): id=5842 Removed ClackSurfac (13/15)
I/SurfaceFlinger(  267): id=5841 Removed ClackSurfac (-2/15)
I/SurfaceFlinger(  267): id=5843 Removed ClackSurfac (13/14)
I/SurfaceFlinger(  267): id=5842 Removed ClackSurfac (-2/14)
I/SurfaceFlinger(  267): id=5843 Removed ClackSurfac (-2/14)
I/SurfaceFlinger(  267): id=5844 Removed ClackSurfac (13/13)
I/SurfaceFlinger(  267): id=5844 Removed ClackSurfac (-2/13)
V/WindowOrientationListener(  834): ScreenOrientationEventListenerImpl.getProposedRotationLocked, Rotation: -1
V/WindowOrientationListener(  834): ScreenOrientationEventListenerImpl.getProposedRotationLocked, Rotation: -1
V/WindowManager(  834): rotationForOrientationLw(orient=0, last=1); user=0  sensorRotation=-1 mLidState=-1 mDockMode=0 mHdmiPlugged=false mAccelerometerDefault=false gripRotationLock=false
I/qdhwcomposer(  267): validateAndApplyROI: Resetting ROI due to scaling
I/System.out(25390): ArrayList<TestCase>: WAVE
I/Class.FunctionName(25390): SGLayer.int addAnimation(SGAnimation anAnimation)
I/qdhwcomposer(  267): validateAndApplyROI: Resetting ROI due to scaling
I/qdhwcomposer(  267): validateAndApplyROI: Resetting ROI due to scaling
I/Core    (25390): SwapBuffer calculated FPS: 55.871414
I/qdhwcomposer(  267): validateAndApplyROI: Resetting ROI due to scaling
I/qdhwcomposer(  267): validateAndApplyROI: Resetting ROI due to scaling
I/System.out(25390): ArrayList<TestCase>: FADE_IN_OUT
I/qdhwcomposer(  267): validateAndApplyROI: Resetting ROI due to scaling
I/Class.FunctionName(25390): SGLayer.int addAnimation(SGAnimation anAnimation)
I/qdhwcomposer(  267): validateAndApplyROI: Resetting ROI due to scaling
I/qdhwcomposer(  267): validateAndApplyROI: Resetting ROI due to scaling
I/qdhwcomposer(  267): validateAndApplyROI: Resetting ROI due to scaling
I/System.out(25390): ArrayList<TestCase>: overrideTargetTexture(SGProperty aProperty)
I/qdhwcomposer(  267): validateAndApplyROI: Resetting ROI due to scaling
D/SSRMv2  (  834): readSysfs:: path = /sys/devices/platform/sec-thermistor/temperature, result = 322
I/qdhwcomposer(  267): validateAndApplyROI: Resetting ROI due to scaling
D/SSRMv2  (  834): readSysfs:: path = /sys/class/power_supply/battery/current_avg, result = -1
D/SSRMv3:SsrmController(  834): SIOP:: AP = 320, CUR = -1
D/SSRMv2:BatteryCoolDownMode(  834):  Current Battery Temperature : 279, apTemp = 320
D/AmoledColorTune(  834): readSysfs:: path = /sys/class/power_supply/battery/temp, result = 279
D/AmoledColorTune(  834): prevTemp = 279, currTemp = 279, prevStep = 4, currStep = 4
I/qdhwcomposer(  267): validateAndApplyROI: Resetting ROI due to scaling
I/qdhwcomposer(  267): validateAndApplyROI: Resetting ROI due to scaling
I/qdhwcomposer(  267): validateAndApplyROI: Resetting ROI due to scaling
I/System.out(25390): ArrayList<TestCase>: WIPE
I/Class.FunctionName(25390): SGLayer.int addAnimation(SGAnimation anAnimation)
I/qdhwcomposer(  267): validateAndApplyROI: Resetting ROI due to scaling
I/qdhwcomposer(  267): validateAndApplyROI: Resetting ROI due to scaling
I/qdhwcomposer(  267): validateAndApplyROI: Resetting ROI due to scaling
I/qdhwcomposer(  267): validateAndApplyROI: Resetting ROI due to scaling
I/System.out(25390): ArrayList<TestCase>: PIVOT
I/Class.FunctionName(25390): SGLayer.int addAnimation(SGAnimation anAnimation)
I/qdhwcomposer(  267): validateAndApplyROI: Resetting ROI due to scaling
I/qdhwcomposer(  267): validateAndApplyROI: Resetting ROI due to scaling
I/qdhwcomposer(  267): validateAndApplyROI: Resetting ROI due to scaling
I/Core    (25390): SwapBuffer calculated FPS: 48.891445
I/qdhwcomposer(  267): validateAndApplyROI: Resetting ROI due to scaling
I/qdhwcomposer(  267): validateAndApplyROI: Resetting ROI due to scaling
I/System.out(25390): ArrayList<TestCase>: CURTAIN
I/Class.FunctionName(25390): SGLayer.int addAnimation(SGAnimation anAnimation)
I/qdhwcomposer(  267): validateAndApplyROI: Resetting ROI due to scaling
I/System.out(25390): ArrayList<TestCase>: GALLERY
I/qdhwcomposer(  267): validateAndApplyROI: Resetting ROI due to scaling
I/qdhwcomposer(  267): validateAndApplyROI: Resetting ROI due to scaling
I/Class.FunctionName(25390): SGLayer.int addAnimation(SGAnimation anAnimation)
I/System.out(25390): ArrayList<TestCase>: overrideSourceTexture(SGProperty aProperty)
I/qdhwcomposer(  267): validateAndApplyROI: Resetting ROI due to scaling
I/qdhwcomposer(  267): validateAndApplyROI: Resetting ROI due to scaling
I/qdhwcomposer(  267): validateAndApplyROI: Resetting ROI due to scaling
I/System.out(25390): ArrayList<TestCase>: CURTAIN
I/Class.FunctionName(25390): SGLayer.int addAnimation(SGAnimation anAnimation)
I/qdhwcomposer(  267): validateAndApplyROI: Resetting ROI due to scaling
I/qdhwcomposer(  267): validateAndApplyROI: Resetting ROI due to scaling
I/qdhwcomposer(  267): validateAndApplyROI: Resetting ROI due to scaling
I/System.out(25390): ArrayList<TestCase>: overrideSourceTexture(SGProperty aProperty)
D/PackageManager(  834): [MSG] MCS_UNBIND
I/PackageManager(  834): calling disconnectService()
D/PackageManager(  834): Trying to unbind to DefaultContainerService
I/qdhwcomposer(  267): validateAndApplyROI: Resetting ROI due to scaling
I/ActivityManager(  834): Killing 19225:com.samsung.android.app.sreminder:cardproviders/u0a48 (adj 15): empty for 2015s
I/qdhwcomposer(  267): validateAndApplyROI: Resetting ROI due to scaling
I/qdhwcomposer(  267): validateAndApplyROI: Resetting ROI due to scaling
I/Core    (25390): SwapBuffer calculated FPS: 37.986446
I/System.out(25390): ArrayList<TestCase>: isInTransition
I/qdhwcomposer(  267): validateAndApplyROI: Resetting ROI due to scaling
I/Class.FunctionName(25390): SGLayer.int addAnimation(SGAnimation anAnimation)
I/qdhwcomposer(  267): validateAndApplyROI: Resetting ROI due to scaling
I/qdhwcomposer(  267): validateAndApplyROI: Resetting ROI due to scaling
I/qdhwcomposer(  267): validateAndApplyROI: Resetting ROI due to scaling
I/System.out(25390): ArrayList<TestCase>: CUBE2
I/Class.FunctionName(25390): SGLayer.int addAnimation(SGAnimation anAnimation)
I/qdhwcomposer(  267): validateAndApplyROI: Resetting ROI due to scaling
I/qdhwcomposer(  267): validateAndApplyROI: Resetting ROI due to scaling
E/SMD     (  258): DCD OFF
I/qdhwcomposer(  267): validateAndApplyROI: Resetting ROI due to scaling
I/System.out(25390): ArrayList<TestCase>: FOLDING
I/Class.FunctionName(25390): SGLayer.int addAnimation(SGAnimation anAnimation)
I/qdhwcomposer(  267): validateAndApplyROI: Resetting ROI due to scaling
I/qdhwcomposer(  267): validateAndApplyROI: Resetting ROI due to scaling
I/System.out(25390): ArrayList<TestCase>: COVER_WITH_NEXT_PAGE
I/Class.FunctionName(25390): SGLayer.int addAnimation(SGAnimation anAnimation)
I/qdhwcomposer(  267): validateAndApplyROI: Resetting ROI due to scaling
I/qdhwcomposer(  267): validateAndApplyROI: Resetting ROI due to scaling
I/qdhwcomposer(  267): validateAndApplyROI: Resetting ROI due to scaling
I/System.out(25390): ArrayList<TestCase>: overrideSourceTexture(SGProperty aProperty)
I/qdhwcomposer(  267): validateAndApplyROI: Resetting ROI due to scaling
I/Core    (25390): SwapBuffer calculated FPS: 44.783421
I/qdhwcomposer(  267): validateAndApplyROI: Resetting ROI due to scaling
I/qdhwcomposer(  267): validateAndApplyROI: Resetting ROI due to scaling
I/qdhwcomposer(  267): validateAndApplyROI: Resetting ROI due to scaling
I/System.out(25390): ArrayList<TestCase>: isInTransition
I/qdhwcomposer(  267): validateAndApplyROI: Resetting ROI due to scaling
I/Class.FunctionName(25390): SGLayer.int addAnimation(SGAnimation anAnimation)
I/qdhwcomposer(  267): validateAndApplyROI: Resetting ROI due to scaling
I/qdhwcomposer(  267): validateAndApplyROI: Resetting ROI due to scaling
I/qdhwcomposer(  267): validateAndApplyROI: Resetting ROI due to scaling
I/System.out(25390): ArrayList<TestCase>: CUBE2
I/Class.FunctionName(25390): SGLayer.int addAnimation(SGAnimation anAnimation)
I/qdhwcomposer(  267): validateAndApplyROI: Resetting ROI due to scaling
I/qdhwcomposer(  267): validateAndApplyROI: Resetting ROI due to scaling
I/System.out(25390): ArrayList<TestCase>: isInTransition
I/qdhwcomposer(  267): validateAndApplyROI: Resetting ROI due to scaling
D/dalvikvm(  834): GC_EXPLICIT freed 735K, 17% free 37651K/45008K, paused 10ms+28ms, total 258ms
I/Class.FunctionName(25390): SGLayer.int addAnimation(SGAnimation anAnimation)
I/qdhwcomposer(  267): validateAndApplyROI: Resetting ROI due to scaling
I/qdhwcomposer(  267): validateAndApplyROI: Resetting ROI due to scaling
I/System.out(25390): ArrayList<TestCase>: WAVE
I/Class.FunctionName(25390): SGLayer.int addAnimation(SGAnimation anAnimation)
I/qdhwcomposer(  267): validateAndApplyROI: Resetting ROI due to scaling
I/qdhwcomposer(  267): validateAndApplyROI: Resetting ROI due to scaling
I/qdhwcomposer(  267): validateAndApplyROI: Resetting ROI due to scaling
I/Core    (25390): SwapBuffer calculated FPS: 41.907265
I/qdhwcomposer(  267): validateAndApplyROI: Resetting ROI due to scaling
I/System.out(25390): ArrayList<TestCase>: ROTATE_CUBE
I/qdhwcomposer(  267): validateAndApplyROI: Resetting ROI due to scaling
I/Class.FunctionName(25390): SGLayer.int addAnimation(SGAnimation anAnimation)
I/qdhwcomposer(  267): validateAndApplyROI: Resetting ROI due to scaling
I/qdhwcomposer(  267): validateAndApplyROI: Resetting ROI due to scaling
I/qdhwcomposer(  267): validateAndApplyROI: Resetting ROI due to scaling
I/System.out(25390): ArrayList<TestCase>: WAVE
I/Class.FunctionName(25390): SGLayer.int addAnimation(SGAnimation anAnimation)
I/qdhwcomposer(  267): validateAndApplyROI: Resetting ROI due to scaling
I/qdhwcomposer(  267): validateAndApplyROI: Resetting ROI due to scaling
I/qdhwcomposer(  267): validateAndApplyROI: Resetting ROI due to scaling
I/qdhwcomposer(  267): validateAndApplyROI: Resetting ROI due to scaling
I/qdhwcomposer(  267): validateAndApplyROI: Resetting ROI due to scaling
I/System.out(25390): ArrayList<TestCase>: FLIP3
I/Class.FunctionName(25390): SGLayer.int addAnimation(SGAnimation anAnimation)
I/qdhwcomposer(  267): validateAndApplyROI: Resetting ROI due to scaling
I/qdhwcomposer(  267): validateAndApplyROI: Resetting ROI due to scaling
I/System.out(25390): ArrayList<TestCase>: WAVE
I/qdhwcomposer(  267): validateAndApplyROI: Resetting ROI due to scaling
I/qdhwcomposer(  267): validateAndApplyROI: Resetting ROI due to scaling
I/Class.FunctionName(25390): SGLayer.int addAnimation(SGAnimation anAnimation)
