D/WifiDisplayAdapter(  834): getWifiDisplayStatusLocked: result=WifiDisplayStatus{featureState=2, scanState=0, activeDisplayState=0, activeDisplay=null, displays=[], sessionInfo=WifiDisplaySessionInfo: Client/Owner: Client GroupId:  Passphrase:  SessionId: 0 IP Address: , connectedState=-1, networkQoS=0}
D/WifiDisplayAdapter(  834): getWifiDisplayStatusLocked: result=WifiDisplayStatus{featureState=2, scanState=0, activeDisplayState=0, activeDisplay=null, displays=[], sessionInfo=WifiDisplaySessionInfo: Client/Owner: Client GroupId:  Passphrase:  SessionId: 0 IP Address: , connectedState=-1, networkQoS=0}
D/GalleryCacheReady(25466): Receive : home resume
E/ActivityManager(  834): checkUser: useridlist=null, currentuser=0
E/ActivityManager(  834): checkUser: useridlist=null, currentuser=0
E/ActivityManager(  834): checkUser: useridlist=null, currentuser=0
E/ActivityManager(  834): checkUser: useridlist=null, currentuser=0
E/dalvikvm(25524): >>>>> Normal User
E/dalvikvm(25524): >>>>> com.android.mms [ userId:0 | appId:10042 ]
I/SELinux (25524): Function: selinux_android_load_priority , priority [3] , priority version is VE=SEPF_SM-A7009_4.4.4_A024
E/SELinux (25524): [DEBUG] get_category: variable seinfocat: release sensitivity: NULL, cateogry: NULL
I/libpersona(25524): KNOX_SDCARD checking this for 10042
I/libpersona(25524): KNOX_SDCARD not a persona
I/ActivityManager(  834): Killing 25096:com.sec.android.providers.chinaholiday/u0a79 (adj 15): empty for 2047s
I/ActivityManager(  834): Killing 25159:com.sec.android.widget.greetingcardwidget/u0a107 (adj 15): empty for 2047s
I/ActivityManager(  834): Killing 25146:com.sec.android.widget.festivalmemorywidget/u0a98 (adj 15): empty for 2047s
D/TimaKeyStoreProvider(25524): in addTimaSignatureService
D/TimaKeyStoreProvider(25524): Cannot add TimaSignature Service, License check Failed
D/ActivityThread(25524): Added TimaKesytore provider
I/SL_DEBUG(25508): isLoggable:: isProductShip = 1
I/SL_DEBUG(25508): isLoggable:: SL_DEBUG_EXIST = false
D/ConnectivityManager(25508): getActiveNetworkInfo : null
W/dalvikvm(25524): Refusing to reopen boot DEX '/system/framework/twframework.jar'
W/dalvikvm(25524): Refusing to reopen boot DEX '/system/framework/seccamera.jar'
W/dalvikvm(25524): Refusing to reopen boot DEX '/system/framework/imsmanager.jar'
I/SLinkClient(25466): queryDevices : cursor.getCount() = [ 0 ]
D/SLinkClient(25466): onStorageUpdated(), uri = [ slink://slink ]
D/Mms/MmsApp(25524): [start]    onCreate() consume time = 0.0
D/Mms/TelephonyPermission(25524): start operation mode monitor
I/SurfaceFlinger(  267): id=5845 Removed TcreenshotS (9/13)
I/SurfaceFlinger(  267): id=5845 Removed TcreenshotS (-2/13)
I/SurfaceFlinger(  267): id=5847 Removed ClackSurfac (9/12)
I/SurfaceFlinger(  267): id=5847 Removed ClackSurfac (-2/12)
I/SurfaceFlinger(  267): id=5848 Removed ClackSurfac (9/11)
I/SurfaceFlinger(  267): id=5849 Removed ClackSurfac (9/10)
I/SurfaceFlinger(  267): id=5848 Removed ClackSurfac (-2/10)
I/SurfaceFlinger(  267): id=5849 Removed ClackSurfac (-2/10)
I/SurfaceFlinger(  267): id=5850 Removed ClackSurfac (9/9)
I/SurfaceFlinger(  267): id=5850 Removed ClackSurfac (-2/9)
D/CustomFrequencyManagerService(  834): Before Removing ---------
D/CustomFrequencyManagerService(  834): ########## Start : CPU BOOST ##########
D/CustomFrequencyManagerService(  834): dumpDVFSLockList : DVFS_MIN_LIMIT
D/CustomFrequencyManagerService(  834):     0 : tag : ROTATION_BOOSTER@32  frequency : 1497600  elapsed time : 879 Binder = android.os.Binder@437bea50 UID 1000 PID = 834
D/CustomFrequencyManagerService(  834): dumpDVFSLockList : DVFS_MIN_LIMIT
D/CustomFrequencyManagerService(  834):     1 : tag : ACTIVITY_RESUME_BOOSTER@10  frequency : 556800  elapsed time : 601 Binder = android.os.Binder@437bea50 UID 1000 PID = 834
D/CustomFrequencyManagerService(  834): ########## END : CPU BOOST ##########
D/CustomFrequencyManagerService(  834): dumpDVFSLockList : mCurrentDVFSMinLock : 0
D/CustomFrequencyManagerService(  834): After Removing ----------
D/CustomFrequencyManagerService(  834): ########## Start : CPU BOOST ##########
D/CustomFrequencyManagerService(  834): dumpDVFSLockList : DVFS_MIN_LIMIT
D/CustomFrequencyManagerService(  834):     0 : tag : ROTATION_BOOSTER@32  frequency : 1497600  elapsed time : 880 Binder = android.os.Binder@437bea50 UID 1000 PID = 834
D/CustomFrequencyManagerService(  834): ########## END : CPU BOOST ##########
D/CustomFrequencyManagerService(  834): dumpDVFSLockList : mCurrentDVFSMinLock : 0
D/CustomFrequencyManagerService(  834): releaseDVFSLockLocked : Getting Lock type frm List : DVFS_MIN_LIMIT  frequency : 556800  uid : 1000  pid : 834  tag : ACTIVITY_RESUME_BOOSTER@10
V/WindowOrientationListener(  834): ScreenOrientationEventListenerImpl.getProposedRotationLocked, Rotation: -1
V/WindowOrientationListener(  834): ScreenOrientationEventListenerImpl.getProposedRotationLocked, Rotation: -1
D/Mms/TelephonyPermission(25524): DefaultSmsApp is com.android.mms
D/Mms/TelephonyPermission(25524): isDefault true
V/WindowManager(  834): rotationForOrientationLw(orient=1, last=0); user=0  sensorRotation=-1 mLidState=-1 mDockMode=0 mHdmiPlugged=false mAccelerometerDefault=false gripRotationLock=false
D/Mms/MmsApp(25524): onCreate() com.android.mms
E/cutils  (  246): Failed to mkdirat(/storage/extSdCard/Android): Read-only file system
W/ContextImpl(25508): Failed to ensure directory: /storage/extSdCard/Android/data/com.samsung.android.sdk.samsunglink/files
W/Vold    (  246): Returning OperationFailed - no handler for errno 30
D/Mms/MmsConfig(25524): [start]    MmsConfig.init() consume time = 48.172552
E/cutils  (  246): Failed to mkdirat(/storage/extSdCard/Android): Read-only file system
W/ContextImpl(25508): Failed to ensure directory: /storage/extSdCard/Android/data/com.samsung.android.sdk.samsunglink/cache
D/Mms/MmsConfig(25524): before partial update
W/Vold    (  246): Returning OperationFailed - no handler for errno 30
V/AlarmManager(  834): setWindow/setInexact (T:3)20140406T155322 com.samsung.android.sdk.samsunglink (269810996:269810996/302210996/43200000,43828d50:2ca1aef6) from 10035:25508
D/Mms/MmsConfig(25524): Load Resize quality : 80
D/EasySignUpManager(25524): serviceId : 1, features : -1
D/Mms/MmsConfig(25524): setFreeMessageEnabled, free message policy(getSupportedFeatures) is = -1
D/TP/MmsSmsProvider( 1287): query,matched:2117, calling pid = 25524
D/TP/MmsSmsProvider( 1287): match 2117:Elapsed time : 1.079 ms
E/ActivityThread(25524): Failed to find provider info for com.sec.orca.easysignup.public
D/EasySignUpManager(25524): serviceId : 3, features : -1
D/Mms/MmsConfig(25524): Shop agent feature value :-1
D/Mms/MmsConfig(25524):  enable multiwindow = true
D/ConnectivityManager(25508): getActiveNetworkInfo : null
E/ActivityThread(25524): Failed to find provider info for com.sec.orca.easysignup.public
E/Mms/MessageUtils(25524): setCountryDetector : update country detector info 
E/Mms/MessageUtils(25524): updateCountryIso : update country iso info 
D/Mms/MmsConfig(25524): [end]    init() consume time = 67.771979
D/Mms/MmsApp(25524): [start]    initCountryIso consume time = 0.093854
D/Mms/MmsApp(25524): [end]    initCountryIso consume time = 2.116875
D/LocationManagerService(  834): getProviders()=[passive]
D/LocationManagerService(  834): request 434e7b98 passive Request[POWER_NONE passive fastest=0] from android(1000)
D/LocationManagerService(  834): provider request: passive ProviderRequest[ON interval=0]
D/Mms/MmsApp(25524): registerCallStateListener()
D/Mms/Contact(25524): [start]    init() consume time = 2.63599
D/CountryDetector(  834): The first listener is added
D/TP/MmsSmsProvider( 1287): query,matched:13, calling pid = 25524
D/TP/MmsSmsProvider( 1287): match 13:Elapsed time : 1.011 ms
D/Mms/MmsConfig(25524): getEnableYellowPage() = true enable yp: 0
D/Mms/Contact(25524): [end]    init consume time = 17.543906
D/Mms/DraftCache(25524): [start]    rebuildCache consume time = 0.84974
D/TP/MmsSmsProvider( 1287): query,matched:12, calling pid = 25524
D/Mms/Conversation(25524): [start]    init() consume time = 2.403125
D/TP/MmsSmsProvider( 1287): match 12:Elapsed time : 1.049 ms
D/TP/MmsSmsProvider( 1287): deleteConversation threadId: 9223372036854775807
D/TP/MmsSmsProvider( 1287): delete URI_CONVERSATIONS_MESSAGES affectedRows=0
D/Mms/DraftCache(25524): [end]    rebuildCache consume time = 3.044635
D/TP/MmsSmsProvider( 1287): delete threadId: 9223372036854775807
D/TP/MmsSmsProvider( 1287): need read changed broadcast:false
D/Mms/Conversation(25524): [end]    init consume time = 4.622136
D/Mms/DownloadManager(25524): [NotificationTransaction] getAutoDownloadState simSlot : 0
D/Mms/DownloadManager(25524): auto download without roaming -> true
D/Mms/DownloadManager(25524): auto download without roaming secondary -> true
D/Mms/DownloadManager(25524): [NotificationTransaction] getAutoDownloadState alwaysAuto : false, roaming : false
D/Mms/DownloadManager(25524): isOneSIMcardsInsertedInSlot2 is true, use slot2 state roaming  -> false
D/Mms/DownloadManager(25524): [NotificationTransaction] getAutoDownloadState simSlot : 1
D/Mms/DownloadManager(25524): auto download without roaming -> true
D/Mms/DownloadManager(25524): auto download without roaming secondary -> true
D/Mms/DownloadManager(25524): [NotificationTransaction] getAutoDownloadState alwaysAutoSecondary : false, roaming : false
D/Mms/DownloadManager(25524): auto download during roaming secondary -> false
D/Mms/DownloadManager(25524): mAutoDownload ------> true
D/Mms/DownloadManager(25524): mAutoDownloadSecondary ------> true
D/Mms/MmsConfig(25524): getEnableYellowPage() = true enable yp: 0
D/Mms/MmsApp(25524): [start]    SAirMessage int() consume time = 4.676406
V/Mms/SAirMessage(25524): SAirMessage.init()
V/Mms/SAirMessage(25524): SAirMessage++++()++++++++++
D/AirMessageManager(25524): ++++ bindToService ++++
W/ContextImpl(25524): Implicit intents with startService are not safe: Intent { act=com.bst.airmessage.BINDE_SERVICE } android.content.ContextWrapper.bindService:530 com.bst.airmessage.sdk.AirMessageManager.bindToService:133 com.bst.airmessage.sdk.AirMessageManager.<init>:113 
D/Mms/MethodReflector(25524): init is called
D/Mms/MmsApp(25524): [end]    SAirMessage int() consume time = 5.004271
I/AirMessageService( 2029): ++++ onCreate ++++
I/AirMessageService( 2029): =====>>>> updateAirMessageClients 
I/AirMessageService( 2029): ++++ Update AirMessage Clients Task Run ++++
D/Mms/MessagingNotification(25524): [start]    init() consume time = 1.915468
D/AirMessageContentProvider( 2029): +++ queryBuilder.query count=2
D/AirMessageService( 2029): Client PackName : com.android.mms
D/AirMessageService( 2029): Client Uid : 10042
D/AirMessageService( 2029): Client isSelected : true
D/AirMessageService( 2029): Client callback : com.bst.airmessage.sdk.IAirMessageCallback$Stub$Proxy@4314b558
D/AirMessageService( 2029): Client PackName : com.bst.floatingmsgproxy
D/AirMessageService( 2029): Client Uid : 10001
D/AirMessageService( 2029): Client isSelected : true
D/AirMessageService( 2029): Client callback : com.bst.airmessage.sdk.IAirMessageCallback$Stub$Proxy@4314b830
D/Mms/MessagingNotification(25524): [end]    init consume time = 2.308698
D/Mms/SpamFilter(25524): [start]    SpamFilter fill() begin consume time = 0.692448
D/TP/MmsSmsProvider( 1287): query,matched:400, calling pid = 25524
D/Mms/SpamFilter(25524): [end]    SpamFilter fill() finished consume time = 3.59625
W/dalvikvm(25524): VFY: unable to resolve static field 27024 (REGISTERED) in Lcom/samsung/tmowfc/wfcutils/WfcDbHelper$RegistrationStateContract$State;
D/dalvikvm(25524): VFY: replacing opcode 0x62 at 0x005e
W/dalvikvm(25524): VFY: unable to resolve static field 27022 (CONTENT_URI) in Lcom/samsung/tmowfc/wfcutils/WfcDbHelper$LowSignalContract;
D/dalvikvm(25524): VFY: replacing opcode 0x62 at 0x0305
I/dalvikvm(25524): DexOpt: unable to optimize static field ref 0x6991 at 0x323 in Lcom/android/mms/ui/ComposeMessageFragment;.onResume
I/dalvikvm(25524): DexOpt: unable to optimize static field ref 0x6990 at 0x339 in Lcom/android/mms/ui/ComposeMessageFragment;.onResume
I/dalvikvm(25524): DexOpt: unable to optimize static field ref 0x698f at 0x33d in Lcom/android/mms/ui/ComposeMessageFragment;.onResume
I/dalvikvm(25524): DexOpt: unable to optimize static field ref 0x6990 at 0x346 in Lcom/android/mms/ui/ComposeMessageFragment;.onResume
D/Mms/ComposeMessageFragment(25524): [start]    fillCache consume time = 172.336927
D/Mms/ComposeMessageFragment(25524): fillCache, easy = false
D/TwCheckBox(25524): setButtonDrawable(Drawable d) mButtonBgHasBeenSet=false
D/TwCheckBox(25524): setChecked(1) checked=false, mCheckBoxAnimationEnabled=true, mIsAttached=false
D/TwCheckBox(25524): animationEnabled=true, usesDeviceDefaultBg=true, usesDeviceDefaultAnimResBg=true
D/AbsListView(25524): Get MotionRecognitionManager
D/Mms/ComposeMessageFragment(25524): [end]    fillCache consume time = 141.074427
D/MotionRecognitionService(  834):  ssp status : false
D/TwCheckBox(25524): setButtonDrawable(Drawable d) mButtonBgHasBeenSet=false
D/TwCheckBox(25524): setChecked(1) checked=false, mCheckBoxAnimationEnabled=true, mIsAttached=false
D/TwCheckBox(25524): animationEnabled=true, usesDeviceDefaultBg=true, usesDeviceDefaultAnimResBg=true
D/ProgressBar(25524): setProgressDrawable drawableHeight = 18
D/ProgressBar(25524): setProgressDrawable drawableHeight = 18
D/TwCheckBox(25524): setButtonDrawable(Drawable d) mButtonBgHasBeenSet=false
D/TwCheckBox(25524): setChecked(1) checked=false, mCheckBoxAnimationEnabled=true, mIsAttached=false
D/TwCheckBox(25524): animationEnabled=true, usesDeviceDefaultBg=true, usesDeviceDefaultAnimResBg=true
D/ProgressBar(25524): setProgressDrawable drawableHeight = 18
D/ProgressBar(25524): setProgressDrawable drawableHeight = 18
D/TwCheckBox(25524): setButtonDrawable(Drawable d) mButtonBgHasBeenSet=false
D/TwCheckBox(25524): setChecked(1) checked=false, mCheckBoxAnimationEnabled=true, mIsAttached=false
D/TwCheckBox(25524): animationEnabled=true, usesDeviceDefaultBg=true, usesDeviceDefaultAnimResBg=true
D/CustomFrequencyManagerService(  834): Before Removing ---------
D/CustomFrequencyManagerService(  834): ########## Start : CPU BOOST ##########
D/CustomFrequencyManagerService(  834): dumpDVFSLockList : DVFS_MIN_LIMIT
D/CustomFrequencyManagerService(  834):     0 : tag : ROTATION_BOOSTER@32  frequency : 1497600  elapsed time : 1500 Binder = android.os.Binder@437bea50 UID 1000 PID = 834
D/CustomFrequencyManagerService(  834): ########## END : CPU BOOST ##########
D/CustomFrequencyManagerService(  834): dumpDVFSLockList : mCurrentDVFSMinLock : 0
D/CustomFrequencyManagerService(  834): After Removing ----------
D/CustomFrequencyManagerService(  834): releaseDVFSLockLocked : Getting Lock type frm List : DVFS_MIN_LIMIT  frequency : 1497600  uid : 1000  pid : 834  tag : ROTATION_BOOSTER@32
D/CustomFrequencyManagerService(  834): releaseDVFSLockLocked : all FREQUENCY_CPU_TYPE_BOOST_MIN_LIMIT are released 
D/CustomFrequencyManagerService(  834): writeSysfs:: path = /sys/power/cpufreq_min_limit, value = -1
D/ProgressBar(25524): setProgressDrawable drawableHeight = 18
D/ProgressBar(25524): setProgressDrawable drawableHeight = 18
D/TwCheckBox(25524): setButtonDrawable(Drawable d) mButtonBgHasBeenSet=false
D/TwCheckBox(25524): setChecked(1) checked=false, mCheckBoxAnimationEnabled=true, mIsAttached=false
D/TwCheckBox(25524): animationEnabled=true, usesDeviceDefaultBg=true, usesDeviceDefaultAnimResBg=true
D/ProgressBar(25524): setProgressDrawable drawableHeight = 18
D/ProgressBar(25524): setProgressDrawable drawableHeight = 18
D/TwCheckBox(25524): setButtonDrawable(Drawable d) mButtonBgHasBeenSet=false
D/TwCheckBox(25524): setChecked(1) checked=false, mCheckBoxAnimationEnabled=true, mIsAttached=false
D/TwCheckBox(25524): animationEnabled=true, usesDeviceDefaultBg=true, usesDeviceDefaultAnimResBg=true
D/ProgressBar(25524): setProgressDrawable drawableHeight = 18
D/ProgressBar(25524): setProgressDrawable drawableHeight = 18
D/TwCheckBox(25524): setButtonDrawable(Drawable d) mButtonBgHasBeenSet=false
D/TwCheckBox(25524): setChecked(1) checked=false, mCheckBoxAnimationEnabled=true, mIsAttached=false
D/TwCheckBox(25524): animationEnabled=true, usesDeviceDefaultBg=true, usesDeviceDefaultAnimResBg=true
D/ProgressBar(25524): setProgressDrawable drawableHeight = 18
D/ProgressBar(25524): setProgressDrawable drawableHeight = 18
D/TwCheckBox(25524): setButtonDrawable(Drawable d) mButtonBgHasBeenSet=false
D/TwCheckBox(25524): setChecked(1) checked=false, mCheckBoxAnimationEnabled=true, mIsAttached=false
D/TwCheckBox(25524): animationEnabled=true, usesDeviceDefaultBg=true, usesDeviceDefaultAnimResBg=true
D/ProgressBar(25524): setProgressDrawable drawableHeight = 18
D/ProgressBar(25524): setProgressDrawable drawableHeight = 18
D/TwCheckBox(25524): setButtonDrawable(Drawable d) mButtonBgHasBeenSet=false
D/TwCheckBox(25524): setChecked(1) checked=false, mCheckBoxAnimationEnabled=true, mIsAttached=false
D/TwCheckBox(25524): animationEnabled=true, usesDeviceDefaultBg=true, usesDeviceDefaultAnimResBg=true
D/ProgressBar(25524): setProgressDrawable drawableHeight = 18
D/ProgressBar(25524): setProgressDrawable drawableHeight = 18
D/Mms/BubbleViewCache(25524): fillCache bubble = 8
D/Mms/Synchronizer(25524): [start]    doSync consume time = 357.098021
D/TP/MmsSmsProvider( 1287): query,matched:0, calling pid = 25524
V/TP/MmsSmsProvider( 1287): getSimpleConversations entered.
D/TP/MmsSmsProvider( 1287): update uri
V/TP/MmsSmsProvider( 1287): syncDBData start
V/TP/MmsSmsProvider( 1287): syncDBData sms end
V/TP/MmsSmsProvider( 1287): syncDBData mms end
V/TP/MmsSmsProvider( 1287): syncDBData end
D/TP/MmsSmsProvider( 1287): match 0:Elapsed time : 6.347 ms
E/ActivityManager(  834): checkUser: useridlist=null, currentuser=0
E/ActivityManager(  834): checkUser: useridlist=null, currentuser=0
E/ActivityManager(  834): checkUser: useridlist=null, currentuser=0
E/ActivityManager(  834): checkUser: useridlist=null, currentuser=0
E/dalvikvm(25560): >>>>> Normal User
E/dalvikvm(25560): >>>>> com.sec.android.provider.badge [ userId:0 | appId:10073 ]
I/SELinux (25560): Function: selinux_android_load_priority , priority [3] , priority version is VE=SEPF_SM-A7009_4.4.4_A024
I/libpersona(25560): KNOX_SDCARD checking this for 10073
I/libpersona(25560): KNOX_SDCARD not a persona
E/SELinux (25560): [DEBUG] get_category: variable seinfocat: release sensitivity: NULL, cateogry: NULL
D/Mms/Synchronizer(25524): [end]    doSync consume time = 56.563542
D/TimaKeyStoreProvider(25560): in addTimaSignatureService
D/TimaKeyStoreProvider(25560): Cannot add TimaSignature Service, License check Failed
D/ActivityThread(25560): Added TimaKesytore provider
D/BadgeProvider(25560): onCreate
D/BadgeProvider(25560): DatabaseHelper
D/Mms/MessagingNotification(25524): checkBadgeCount unreadCount=0 badgeCount=0
D/TP/SmsProvider( 1287): query,matched:26, calling pid = 25524
D/TP/SmsProvider( 1287): match 26:Elapsed time : 3.345 ms
D/TP/MmsSmsProvider( 1287): query,matched:6, calling pid = 25524
D/TP/MmsSmsProvider( 1287): match 6:Elapsed time : 3.261 ms
I/Mms/ReservationManager(25524): ReservationManager()
I/Mms/ReservationManager(25524): resetAfterConnected()
D/TP/MmsSmsProvider( 1287): query,matched:7, calling pid = 25524
D/TP/MmsSmsProvider( 1287): match 7:Elapsed time : 5.621 ms
I/Mms/ReservationManager(25524): getReservedSendMessageCount(): retMessageCount=0
D/Mms/MmsApp(25524): [end]    onCreate() consume time = 174.119739
D/Mms/UIEventReceiver(25524): ui event
D/Mms/MmsApp(25524): PhoneStateListener Off Call, sOnCallSlot1
D/Mms/MmsApp(25524): PhoneStateListener Off Call, sOnCallSlot2
D/Mms/DownloadManager(25524): Service state changed: Bundle[mParcelledData.dataSize=676]
D/Mms/DownloadManager(25524): roaming ------> false, mSimSlot = 1
D/Mms/DownloadManager(25524): isOneSIMcardsInsertedInSlot2 is true, use slot2 state roaming  -> false
D/Mms/DownloadManager(25524): [NotificationTransaction] getAutoDownloadState simSlot : 1
D/Mms/DownloadManager(25524): auto download without roaming -> true
D/Mms/DownloadManager(25524): auto download without roaming secondary -> true
D/Mms/DownloadManager(25524): [NotificationTransaction] getAutoDownloadState alwaysAutoSecondary : false, roaming : false
D/Mms/DownloadManager(25524): auto download during roaming secondary -> false
D/Mms/DownloadManager(25524): mAutoDownloadSecondary -----> true
D/AirMessageService( 2029): +++ Calling registerCallback +++
D/AirMessageService( 2029): com.android.mms registerCallback success!!!
I/ActivityManager(  834): Killing 25052:com.android.providers.calendar/u0a38 (adj 15): empty for 2048s
I/ActivityManager(  834): Killing 25172:com.android.calendar/u0a141 (adj 15): empty for 2048s
D/AirMessageService( 2029): Send Broadcast...
D/DualCityWidget( 2292): setWidgetSizeInfo mWidgetSizeType=1
D/DualCityWidget( 2292): onReceive action=com.sec.android.intent.action.HOME_RESUME
D/DualCityWidget( 2292): refreshMyDateInfoView hours = 3, minutes = 53
D/com.samsung.app( 2292): [Cmaweather J]>>> DBH:1943 [0:0] gADWI : count = 0
D/DBHelper( 2292): getFavoriteContactsDetailWeatherInfo infolist=[]
D/DualCityWidget( 2292): getviewat retrun nullremoteview
D/com.samsung.app( 2292): [Cmaweather J]>>> DBH:1943 [0:0] gADWI : count = 0
D/DBHelper( 2292): getFavoriteContactsDetailWeatherInfo infolist=[]
D/com.samsung.app( 2292): [Cmaweather J]>>> DBH:1943 [0:0] gADWI : count = 0
D/DBHelper( 2292): getFavoriteContactsDetailWeatherInfo infolist=[]
D/DualCityWidget( 2292): onReceive mAutoScrollTimerjava.util.Timer@42f04630
D/DualCityWidget( 2292): onReceive
E/ActivityManager(  834): checkUser: useridlist=null, currentuser=0
E/ActivityManager(  834): checkUser: useridlist=null, currentuser=0
E/ActivityManager(  834): checkUser: useridlist=null, currentuser=0
E/ActivityManager(  834): checkUser: useridlist=null, currentuser=0
E/dalvikvm(25575): >>>>> Normal User
E/dalvikvm(25575): >>>>> com.sec.android.widgetapp.dualclockdigital [ userId:0 | appId:10092 ]
I/SELinux (25575): Function: selinux_android_load_priority , priority [3] , priority version is VE=SEPF_SM-A7009_4.4.4_A024
I/libpersona(25575): KNOX_SDCARD checking this for 10092
I/libpersona(25575): KNOX_SDCARD not a persona
E/SELinux (25575): [DEBUG] get_category: variable seinfocat: shared sensitivity: NULL, cateogry: NULL
D/TimaKeyStoreProvider(25575): in addTimaSignatureService
D/TimaKeyStoreProvider(25575): Cannot add TimaSignature Service, License check Failed
D/ActivityThread(25575): Added TimaKesytore provider
