I/qdhwcomposer(  267): validateAndApplyROI: Resetting ROI due to scaling
I/qdhwcomposer(  267): validateAndApplyROI: Resetting ROI due to scaling
I/qdhwcomposer(  267): validateAndApplyROI: Resetting ROI due to scaling
I/System.out(25390): ArrayList<TestCase>: ROTATE_CUBE
I/Class.FunctionName(25390): SGLayer.int addAnimation(SGAnimation anAnimation)
I/qdhwcomposer(  267): validateAndApplyROI: Resetting ROI due to scaling
I/qdhwcomposer(  267): validateAndApplyROI: Resetting ROI due to scaling
I/Core    (25390): SwapBuffer calculated FPS: 40.508724
I/qdhwcomposer(  267): validateAndApplyROI: Resetting ROI due to scaling
I/qdhwcomposer(  267): validateAndApplyROI: Resetting ROI due to scaling
I/System.out(25390): ArrayList<TestCase>: THROUGH
I/qdhwcomposer(  267): validateAndApplyROI: Resetting ROI due to scaling
I/Class.FunctionName(25390): SGLayer.int addAnimation(SGAnimation anAnimation)
I/qdhwcomposer(  267): validateAndApplyROI: Resetting ROI due to scaling
I/qdhwcomposer(  267): validateAndApplyROI: Resetting ROI due to scaling
I/System.out(25390): ArrayList<TestCase>: CUBE2
I/Class.FunctionName(25390): SGLayer.int addAnimation(SGAnimation anAnimation)
I/qdhwcomposer(  267): validateAndApplyROI: Resetting ROI due to scaling
I/qdhwcomposer(  267): validateAndApplyROI: Resetting ROI due to scaling
I/qdhwcomposer(  267): validateAndApplyROI: Resetting ROI due to scaling
I/System.out(25390): ArrayList<TestCase>: SCALE
I/Class.FunctionName(25390): SGLayer.int addAnimation(SGAnimation anAnimation)
I/qdhwcomposer(  267): validateAndApplyROI: Resetting ROI due to scaling
I/qdhwcomposer(  267): validateAndApplyROI: Resetting ROI due to scaling
I/qdhwcomposer(  267): validateAndApplyROI: Resetting ROI due to scaling
I/System.out(25390): ArrayList<TestCase>: THROUGH
I/Class.FunctionName(25390): SGLayer.int addAnimation(SGAnimation anAnimation)
I/qdhwcomposer(  267): validateAndApplyROI: Resetting ROI due to scaling
I/qdhwcomposer(  267): validateAndApplyROI: Resetting ROI due to scaling
I/qdhwcomposer(  267): validateAndApplyROI: Resetting ROI due to scaling
I/qdhwcomposer(  267): validateAndApplyROI: Resetting ROI due to scaling
I/System.out(25390): ArrayList<TestCase>: isInTransition
I/Class.FunctionName(25390): SGLayer.int addAnimation(SGAnimation anAnimation)
I/qdhwcomposer(  267): validateAndApplyROI: Resetting ROI due to scaling
I/qdhwcomposer(  267): validateAndApplyROI: Resetting ROI due to scaling
I/Core    (25390): SwapBuffer calculated FPS: 38.161221
I/qdhwcomposer(  267): validateAndApplyROI: Resetting ROI due to scaling
I/qdhwcomposer(  267): validateAndApplyROI: Resetting ROI due to scaling
I/System.out(25390): ArrayList<TestCase>: GALLERY
I/Class.FunctionName(25390): SGLayer.int addAnimation(SGAnimation anAnimation)
I/qdhwcomposer(  267): validateAndApplyROI: Resetting ROI due to scaling
I/qdhwcomposer(  267): validateAndApplyROI: Resetting ROI due to scaling
I/qdhwcomposer(  267): validateAndApplyROI: Resetting ROI due to scaling
I/System.out(25390): ArrayList<TestCase>: ROTATE_CUBE
I/qdhwcomposer(  267): validateAndApplyROI: Resetting ROI due to scaling
I/Class.FunctionName(25390): SGLayer.int addAnimation(SGAnimation anAnimation)
I/qdhwcomposer(  267): validateAndApplyROI: Resetting ROI due to scaling
I/qdhwcomposer(  267): validateAndApplyROI: Resetting ROI due to scaling
I/qdhwcomposer(  267): validateAndApplyROI: Resetting ROI due to scaling
I/qdhwcomposer(  267): validateAndApplyROI: Resetting ROI due to scaling
I/System.out(25390): ArrayList<TestCase>: GALLERY
I/Class.FunctionName(25390): SGLayer.int addAnimation(SGAnimation anAnimation)
I/qdhwcomposer(  267): validateAndApplyROI: Resetting ROI due to scaling
I/qdhwcomposer(  267): validateAndApplyROI: Resetting ROI due to scaling
I/qdhwcomposer(  267): validateAndApplyROI: Resetting ROI due to scaling
I/qdhwcomposer(  267): validateAndApplyROI: Resetting ROI due to scaling
I/System.out(25390): ArrayList<TestCase>: FADE_IN_OUT
I/qdhwcomposer(  267): validateAndApplyROI: Resetting ROI due to scaling
I/Class.FunctionName(25390): SGLayer.int addAnimation(SGAnimation anAnimation)
I/qdhwcomposer(  267): validateAndApplyROI: Resetting ROI due to scaling
I/qdhwcomposer(  267): validateAndApplyROI: Resetting ROI due to scaling
I/qdhwcomposer(  267): validateAndApplyROI: Resetting ROI due to scaling
I/qdhwcomposer(  267): validateAndApplyROI: Resetting ROI due to scaling
I/System.out(25390): ArrayList<TestCase>: CUBE2
I/qdhwcomposer(  267): validateAndApplyROI: Resetting ROI due to scaling
I/Core    (25390): SwapBuffer calculated FPS: 45.306179
I/Class.FunctionName(25390): SGLayer.int addAnimation(SGAnimation anAnimation)
I/qdhwcomposer(  267): validateAndApplyROI: Resetting ROI due to scaling
I/qdhwcomposer(  267): validateAndApplyROI: Resetting ROI due to scaling
I/qdhwcomposer(  267): validateAndApplyROI: Resetting ROI due to scaling
I/System.out(25390): ArrayList<TestCase>: WIPE
I/Class.FunctionName(25390): SGLayer.int addAnimation(SGAnimation anAnimation)
I/qdhwcomposer(  267): validateAndApplyROI: Resetting ROI due to scaling
I/System.out(25390): ArrayList<TestCase>: COVER_WITH_NEXT_PAGE
I/Class.FunctionName(25390): SGLayer.int addAnimation(SGAnimation anAnimation)
I/qdhwcomposer(  267): validateAndApplyROI: Resetting ROI due to scaling
I/qdhwcomposer(  267): validateAndApplyROI: Resetting ROI due to scaling
I/System.out(25390): ArrayList<TestCase>: ROTATE_CUBE
I/Class.FunctionName(25390): SGLayer.int addAnimation(SGAnimation anAnimation)
I/qdhwcomposer(  267): validateAndApplyROI: Resetting ROI due to scaling
I/qdhwcomposer(  267): validateAndApplyROI: Resetting ROI due to scaling
I/qdhwcomposer(  267): validateAndApplyROI: Resetting ROI due to scaling
D/SSRMv3:SsrmController(  834): Condition[AppStart] signal :  = false
I/qdhwcomposer(  267): validateAndApplyROI: Resetting ROI due to scaling
I/System.out(25390): ArrayList<TestCase>: SCALE
I/qdhwcomposer(  267): validateAndApplyROI: Resetting ROI due to scaling
I/Class.FunctionName(25390): SGLayer.int addAnimation(SGAnimation anAnimation)
I/qdhwcomposer(  267): validateAndApplyROI: Resetting ROI due to scaling
I/qdhwcomposer(  267): validateAndApplyROI: Resetting ROI due to scaling
I/System.out(25390): ArrayList<TestCase>: THROUGH
I/Class.FunctionName(25390): SGLayer.int addAnimation(SGAnimation anAnimation)
I/qdhwcomposer(  267): validateAndApplyROI: Resetting ROI due to scaling
I/qdhwcomposer(  267): validateAndApplyROI: Resetting ROI due to scaling
I/Core    (25390): SwapBuffer calculated FPS: 33.372921
I/System.out(25390): ArrayList<TestCase>: isInTransition
I/qdhwcomposer(  267): validateAndApplyROI: Resetting ROI due to scaling
I/Class.FunctionName(25390): SGLayer.int addAnimation(SGAnimation anAnimation)
I/qdhwcomposer(  267): validateAndApplyROI: Resetting ROI due to scaling
I/qdhwcomposer(  267): validateAndApplyROI: Resetting ROI due to scaling
I/qdhwcomposer(  267): validateAndApplyROI: Resetting ROI due to scaling
I/qdhwcomposer(  267): validateAndApplyROI: Resetting ROI due to scaling
I/System.out(25390): ArrayList<TestCase>: SCALE
I/Class.FunctionName(25390): SGLayer.int addAnimation(SGAnimation anAnimation)
I/qdhwcomposer(  267): validateAndApplyROI: Resetting ROI due to scaling
I/qdhwcomposer(  267): validateAndApplyROI: Resetting ROI due to scaling
I/qdhwcomposer(  267): validateAndApplyROI: Resetting ROI due to scaling
D/BatteryService(  834): level:100, scale:100, status:5, health:2, present:true, voltage: 4331, temperature: 280, technology: Li-ion, AC powered:false, USB powered:true, Wireless powered:false, icon:17303689, invalid charger:0, online:4, current avg:-1, charge type:1, power sharing:false, high voltage charger:false, capacity:280000, current_now:-1
D/BatteryService(  834): Sending ACTION_BATTERY_CHANGED.
I/qdhwcomposer(  267): validateAndApplyROI: Resetting ROI due to scaling
D/UiModeManager(  834): mCoverManager.getCoverState() : true
D/KeyguardUpdateMonitor( 1078): received broadcast android.intent.action.BATTERY_CHANGED
D/KeyguardUpdateMonitor( 1078): handleBatteryUpdate
D/KeyguardFestivalEffect( 1078): onReceive: android.intent.action.BATTERY_CHANGED
I/System.out(25390): ArrayList<TestCase>: FADE_IN_OUT
I/qdhwcomposer(  267): validateAndApplyROI: Resetting ROI due to scaling
D/STATUSBAR-PhoneStatusBar( 1078):  mBrightnessEnablebySettings = true mBrightnessEnablebyBattery = true mBrightnessEnablebyDisableFlag = true mPmsBrightnessEnablebySettings = true
I/Class.FunctionName(25390): SGLayer.int addAnimation(SGAnimation anAnimation)
D/CoverBroadcastManager( 2581): onReceive : action = android.intent.action.BATTERY_CHANGED
E/SMD     (  258): DCD OFF
I/qdhwcomposer(  267): validateAndApplyROI: Resetting ROI due to scaling
D/STATUSBAR-IconMerger( 1078): checkOverflow(1368), More:false, Req:false Child:5
D/BatteryMeterView( 1078): ACTION_BATTERY_CHANGED : level:100 status:5 health:2isPlug: true
I/qdhwcomposer(  267): validateAndApplyROI: Resetting ROI due to scaling
I/qdhwcomposer(  267): validateAndApplyROI: Resetting ROI due to scaling
I/qdhwcomposer(  267): validateAndApplyROI: Resetting ROI due to scaling
I/System.out(25390): ArrayList<TestCase>: GALLERY
I/Class.FunctionName(25390): SGLayer.int addAnimation(SGAnimation anAnimation)
I/qdhwcomposer(  267): validateAndApplyROI: Resetting ROI due to scaling
I/qdhwcomposer(  267): validateAndApplyROI: Resetting ROI due to scaling
I/qdhwcomposer(  267): validateAndApplyROI: Resetting ROI due to scaling
I/qdhwcomposer(  267): validateAndApplyROI: Resetting ROI due to scaling
I/qdhwcomposer(  267): validateAndApplyROI: Resetting ROI due to scaling
I/System.out(25390): ArrayList<TestCase>: SCALE
I/Class.FunctionName(25390): SGLayer.int addAnimation(SGAnimation anAnimation)
I/qdhwcomposer(  267): validateAndApplyROI: Resetting ROI due to scaling
I/qdhwcomposer(  267): validateAndApplyROI: Resetting ROI due to scaling
I/Core    (25390): SwapBuffer calculated FPS: 42.391933
I/qdhwcomposer(  267): validateAndApplyROI: Resetting ROI due to scaling
I/System.out(25390): ArrayList<TestCase>: GALLERY
I/qdhwcomposer(  267): validateAndApplyROI: Resetting ROI due to scaling
I/Class.FunctionName(25390): SGLayer.int addAnimation(SGAnimation anAnimation)
I/qdhwcomposer(  267): validateAndApplyROI: Resetting ROI due to scaling
I/qdhwcomposer(  267): validateAndApplyROI: Resetting ROI due to scaling
I/qdhwcomposer(  267): validateAndApplyROI: Resetting ROI due to scaling
I/qdhwcomposer(  267): validateAndApplyROI: Resetting ROI due to scaling
I/System.out(25390): ArrayList<TestCase>: overrideSourceTexture(SGProperty aProperty)
I/qdhwcomposer(  267): validateAndApplyROI: Resetting ROI due to scaling
I/qdhwcomposer(  267): validateAndApplyROI: Resetting ROI due to scaling
I/qdhwcomposer(  267): validateAndApplyROI: Resetting ROI due to scaling
I/qdhwcomposer(  267): validateAndApplyROI: Resetting ROI due to scaling
I/System.out(25390): ArrayList<TestCase>: CURTAIN
I/Class.FunctionName(25390): SGLayer.int addAnimation(SGAnimation anAnimation)
I/qdhwcomposer(  267): validateAndApplyROI: Resetting ROI due to scaling
I/qdhwcomposer(  267): validateAndApplyROI: Resetting ROI due to scaling
D/SensorService(  834): [SO] 0.077 -0.230 9.893
I/qdhwcomposer(  267): validateAndApplyROI: Resetting ROI due to scaling
I/System.out(25390): ArrayList<TestCase>: SCALE
I/qdhwcomposer(  267): validateAndApplyROI: Resetting ROI due to scaling
I/Class.FunctionName(25390): SGLayer.int addAnimation(SGAnimation anAnimation)
I/qdhwcomposer(  267): validateAndApplyROI: Resetting ROI due to scaling
I/System.out(25390): ArrayList<TestCase>: FOLDING
I/qdhwcomposer(  267): validateAndApplyROI: Resetting ROI due to scaling
I/Class.FunctionName(25390): SGLayer.int addAnimation(SGAnimation anAnimation)
I/Core    (25390): SwapBuffer calculated FPS: 44.229023
I/qdhwcomposer(  267): validateAndApplyROI: Resetting ROI due to scaling
I/qdhwcomposer(  267): validateAndApplyROI: Resetting ROI due to scaling
I/qdhwcomposer(  267): validateAndApplyROI: Resetting ROI due to scaling
I/System.out(25390): ArrayList<TestCase>: FADE_IN_OUT
I/Class.FunctionName(25390): SGLayer.int addAnimation(SGAnimation anAnimation)
I/qdhwcomposer(  267): validateAndApplyROI: Resetting ROI due to scaling
I/qdhwcomposer(  267): validateAndApplyROI: Resetting ROI due to scaling
I/qdhwcomposer(  267): validateAndApplyROI: Resetting ROI due to scaling
I/qdhwcomposer(  267): validateAndApplyROI: Resetting ROI due to scaling
I/System.out(25390): ArrayList<TestCase>: PIVOT
I/qdhwcomposer(  267): validateAndApplyROI: Resetting ROI due to scaling
I/Class.FunctionName(25390): SGLayer.int addAnimation(SGAnimation anAnimation)
I/qdhwcomposer(  267): validateAndApplyROI: Resetting ROI due to scaling
I/qdhwcomposer(  267): validateAndApplyROI: Resetting ROI due to scaling
I/qdhwcomposer(  267): validateAndApplyROI: Resetting ROI due to scaling
I/System.out(25390): ArrayList<TestCase>: THROUGH
I/Class.FunctionName(25390): SGLayer.int addAnimation(SGAnimation anAnimation)
I/qdhwcomposer(  267): validateAndApplyROI: Resetting ROI due to scaling
I/qdhwcomposer(  267): validateAndApplyROI: Resetting ROI due to scaling
I/qdhwcomposer(  267): validateAndApplyROI: Resetting ROI due to scaling
I/System.out(25390): ArrayList<TestCase>: ROTATE_CUBE
I/qdhwcomposer(  267): validateAndApplyROI: Resetting ROI due to scaling
I/Class.FunctionName(25390): SGLayer.int addAnimation(SGAnimation anAnimation)
I/qdhwcomposer(  267): validateAndApplyROI: Resetting ROI due to scaling
I/qdhwcomposer(  267): validateAndApplyROI: Resetting ROI due to scaling
I/qdhwcomposer(  267): validateAndApplyROI: Resetting ROI due to scaling
I/Core    (25390): SwapBuffer calculated FPS: 41.269096
I/qdhwcomposer(  267): validateAndApplyROI: Resetting ROI due to scaling
I/System.out(25390): ArrayList<TestCase>: WAVE
I/Class.FunctionName(25390): SGLayer.int addAnimation(SGAnimation anAnimation)
I/qdhwcomposer(  267): validateAndApplyROI: Resetting ROI due to scaling
I/qdhwcomposer(  267): validateAndApplyROI: Resetting ROI due to scaling
I/qdhwcomposer(  267): validateAndApplyROI: Resetting ROI due to scaling
I/qdhwcomposer(  267): validateAndApplyROI: Resetting ROI due to scaling
I/qdhwcomposer(  267): validateAndApplyROI: Resetting ROI due to scaling
I/System.out(25390): ArrayList<TestCase>: PIVOT
I/Class.FunctionName(25390): SGLayer.int addAnimation(SGAnimation anAnimation)
I/qdhwcomposer(  267): validateAndApplyROI: Resetting ROI due to scaling
I/qdhwcomposer(  267): validateAndApplyROI: Resetting ROI due to scaling
I/qdhwcomposer(  267): validateAndApplyROI: Resetting ROI due to scaling
I/System.out(25390): ArrayList<TestCase>: PIVOT
I/Class.FunctionName(25390): SGLayer.int addAnimation(SGAnimation anAnimation)
I/qdhwcomposer(  267): validateAndApplyROI: Resetting ROI due to scaling
I/qdhwcomposer(  267): validateAndApplyROI: Resetting ROI due to scaling
I/qdhwcomposer(  267): validateAndApplyROI: Resetting ROI due to scaling
I/qdhwcomposer(  267): validateAndApplyROI: Resetting ROI due to scaling
I/qdhwcomposer(  267): validateAndApplyROI: Resetting ROI due to scaling
I/System.out(25390): ArrayList<TestCase>: FOLDING
I/Class.FunctionName(25390): SGLayer.int addAnimation(SGAnimation anAnimation)
I/qdhwcomposer(  267): validateAndApplyROI: Resetting ROI due to scaling
I/qdhwcomposer(  267): validateAndApplyROI: Resetting ROI due to scaling
I/qdhwcomposer(  267): validateAndApplyROI: Resetting ROI due to scaling
I/qdhwcomposer(  267): validateAndApplyROI: Resetting ROI due to scaling
I/Core    (25390): SwapBuffer calculated FPS: 47.389889
I/System.out(25390): ArrayList<TestCase>: THROUGH
I/qdhwcomposer(  267): validateAndApplyROI: Resetting ROI due to scaling
I/Class.FunctionName(25390): SGLayer.int addAnimation(SGAnimation anAnimation)
I/qdhwcomposer(  267): validateAndApplyROI: Resetting ROI due to scaling
I/qdhwcomposer(  267): validateAndApplyROI: Resetting ROI due to scaling
I/qdhwcomposer(  267): validateAndApplyROI: Resetting ROI due to scaling
I/System.out(25390): ArrayList<TestCase>: WIPE
I/Class.FunctionName(25390): SGLayer.int addAnimation(SGAnimation anAnimation)
I/qdhwcomposer(  267): validateAndApplyROI: Resetting ROI due to scaling
I/qdhwcomposer(  267): validateAndApplyROI: Resetting ROI due to scaling
I/qdhwcomposer(  267): validateAndApplyROI: Resetting ROI due to scaling
I/qdhwcomposer(  267): validateAndApplyROI: Resetting ROI due to scaling
I/System.out(25390): ArrayList<TestCase>: CURTAIN
I/qdhwcomposer(  267): validateAndApplyROI: Resetting ROI due to scaling
I/Class.FunctionName(25390): SGLayer.int addAnimation(SGAnimation anAnimation)
I/qdhwcomposer(  267): validateAndApplyROI: Resetting ROI due to scaling
I/qdhwcomposer(  267): validateAndApplyROI: Resetting ROI due to scaling
I/qdhwcomposer(  267): validateAndApplyROI: Resetting ROI due to scaling
I/System.out(25390): ArrayList<TestCase>: isInTransition
I/qdhwcomposer(  267): validateAndApplyROI: Resetting ROI due to scaling
I/Class.FunctionName(25390): SGLayer.int addAnimation(SGAnimation anAnimation)
I/qdhwcomposer(  267): validateAndApplyROI: Resetting ROI due to scaling
I/qdhwcomposer(  267): validateAndApplyROI: Resetting ROI due to scaling
I/System.out(25390): ArrayList<TestCase>: CURVE
I/Class.FunctionName(25390): SGLayer.int addAnimation(SGAnimation anAnimation)
I/qdhwcomposer(  267): validateAndApplyROI: Resetting ROI due to scaling
I/Core    (25390): SwapBuffer calculated FPS: 40.776608
I/System.out(25390): ArrayList<TestCase>: THROUGH
I/qdhwcomposer(  267): validateAndApplyROI: Resetting ROI due to scaling
I/qdhwcomposer(  267): validateAndApplyROI: Resetting ROI due to scaling
I/Class.FunctionName(25390): SGLayer.int addAnimation(SGAnimation anAnimation)
I/qdhwcomposer(  267): validateAndApplyROI: Resetting ROI due to scaling
I/System.out(25390): ArrayList<TestCase>: FADE_IN_OUT
I/Class.FunctionName(25390): SGLayer.int addAnimation(SGAnimation anAnimation)
I/qdhwcomposer(  267): validateAndApplyROI: Resetting ROI due to scaling
I/qdhwcomposer(  267): validateAndApplyROI: Resetting ROI due to scaling
I/System.out(25390): ArrayList<TestCase>: isInTransition
I/Class.FunctionName(25390): SGLayer.int addAnimation(SGAnimation anAnimation)
I/qdhwcomposer(  267): validateAndApplyROI: Resetting ROI due to scaling
I/qdhwcomposer(  267): validateAndApplyROI: Resetting ROI due to scaling
I/qdhwcomposer(  267): validateAndApplyROI: Resetting ROI due to scaling
I/System.out(25390): ArrayList<TestCase>: SCALE
I/qdhwcomposer(  267): validateAndApplyROI: Resetting ROI due to scaling
I/Class.FunctionName(25390): SGLayer.int addAnimation(SGAnimation anAnimation)
I/qdhwcomposer(  267): validateAndApplyROI: Resetting ROI due to scaling
I/qdhwcomposer(  267): validateAndApplyROI: Resetting ROI due to scaling
I/qdhwcomposer(  267): validateAndApplyROI: Resetting ROI due to scaling
I/System.out(25390): ArrayList<TestCase>: overrideTargetTexture(SGProperty aProperty)
I/qdhwcomposer(  267): validateAndApplyROI: Resetting ROI due to scaling
I/qdhwcomposer(  267): validateAndApplyROI: Resetting ROI due to scaling
I/Core    (25390): SwapBuffer calculated FPS: 42.117409
I/qdhwcomposer(  267): validateAndApplyROI: Resetting ROI due to scaling
I/qdhwcomposer(  267): validateAndApplyROI: Resetting ROI due to scaling
I/System.out(25390): ArrayList<TestCase>: CURVE
I/qdhwcomposer(  267): validateAndApplyROI: Resetting ROI due to scaling
I/Class.FunctionName(25390): SGLayer.int addAnimation(SGAnimation anAnimation)
I/qdhwcomposer(  267): validateAndApplyROI: Resetting ROI due to scaling
I/qdhwcomposer(  267): validateAndApplyROI: Resetting ROI due to scaling
I/qdhwcomposer(  267): validateAndApplyROI: Resetting ROI due to scaling
I/qdhwcomposer(  267): validateAndApplyROI: Resetting ROI due to scaling
I/qdhwcomposer(  267): validateAndApplyROI: Resetting ROI due to scaling
I/System.out(25390): ArrayList<TestCase>: COVER_WITH_NEXT_PAGE
I/Class.FunctionName(25390): SGLayer.int addAnimation(SGAnimation anAnimation)
I/qdhwcomposer(  267): validateAndApplyROI: Resetting ROI due to scaling
I/qdhwcomposer(  267): validateAndApplyROI: Resetting ROI due to scaling
I/qdhwcomposer(  267): validateAndApplyROI: Resetting ROI due to scaling
I/qdhwcomposer(  267): validateAndApplyROI: Resetting ROI due to scaling
I/System.out(25390): ArrayList<TestCase>: COVER_WITH_NEXT_PAGE
I/Class.FunctionName(25390): SGLayer.int addAnimation(SGAnimation anAnimation)
I/qdhwcomposer(  267): validateAndApplyROI: Resetting ROI due to scaling
I/qdhwcomposer(  267): validateAndApplyROI: Resetting ROI due to scaling
I/qdhwcomposer(  267): validateAndApplyROI: Resetting ROI due to scaling
I/qdhwcomposer(  267): validateAndApplyROI: Resetting ROI due to scaling
I/System.out(25390): ArrayList<TestCase>: THROUGH
I/Class.FunctionName(25390): SGLayer.int addAnimation(SGAnimation anAnimation)
I/qdhwcomposer(  267): validateAndApplyROI: Resetting ROI due to scaling
E/SMD     (  258): DCD OFF
I/Core    (25390): SwapBuffer calculated FPS: 47.178776
I/qdhwcomposer(  267): validateAndApplyROI: Resetting ROI due to scaling
I/qdhwcomposer(  267): validateAndApplyROI: Resetting ROI due to scaling
I/System.out(25390): ArrayList<TestCase>: ROTATE_CUBE
I/Class.FunctionName(25390): SGLayer.int addAnimation(SGAnimation anAnimation)
D/PackageManager(  834): [MSG] WRITE_PACKAGE_RESTRICTIONS
I/qdhwcomposer(  267): validateAndApplyROI: Resetting ROI due to scaling
I/qdhwcomposer(  267): validateAndApplyROI: Resetting ROI due to scaling
I/qdhwcomposer(  267): validateAndApplyROI: Resetting ROI due to scaling
I/System.out(25390): ArrayList<TestCase>: PIVOT
I/Class.FunctionName(25390): SGLayer.int addAnimation(SGAnimation anAnimation)
I/qdhwcomposer(  267): validateAndApplyROI: Resetting ROI due to scaling
I/qdhwcomposer(  267): validateAndApplyROI: Resetting ROI due to scaling
I/qdhwcomposer(  267): validateAndApplyROI: Resetting ROI due to scaling
I/qdhwcomposer(  267): validateAndApplyROI: Resetting ROI due to scaling
I/qdhwcomposer(  267): validateAndApplyROI: Resetting ROI due to scaling
I/System.out(25390): ArrayList<TestCase>: CUBE2
I/Class.FunctionName(25390): SGLayer.int addAnimation(SGAnimation anAnimation)
I/qdhwcomposer(  267): validateAndApplyROI: Resetting ROI due to scaling
I/qdhwcomposer(  267): validateAndApplyROI: Resetting ROI due to scaling
I/qdhwcomposer(  267): validateAndApplyROI: Resetting ROI due to scaling
I/System.out(25390): ArrayList<TestCase>: WAVE
I/qdhwcomposer(  267): validateAndApplyROI: Resetting ROI due to scaling
I/Class.FunctionName(25390): SGLayer.int addAnimation(SGAnimation anAnimation)
I/qdhwcomposer(  267): validateAndApplyROI: Resetting ROI due to scaling
I/qdhwcomposer(  267): validateAndApplyROI: Resetting ROI due to scaling
I/Core    (25390): SwapBuffer calculated FPS: 45.646950
I/System.out(25390): ArrayList<TestCase>: ROTATE_CUBE
I/Class.FunctionName(25390): SGLayer.int addAnimation(SGAnimation anAnimation)
I/qdhwcomposer(  267): validateAndApplyROI: Resetting ROI due to scaling
I/qdhwcomposer(  267): validateAndApplyROI: Resetting ROI due to scaling
I/System.out(25390): ArrayList<TestCase>: WAVE
I/qdhwcomposer(  267): validateAndApplyROI: Resetting ROI due to scaling
I/Class.FunctionName(25390): SGLayer.int addAnimation(SGAnimation anAnimation)
I/qdhwcomposer(  267): validateAndApplyROI: Resetting ROI due to scaling
I/qdhwcomposer(  267): validateAndApplyROI: Resetting ROI due to scaling
I/qdhwcomposer(  267): validateAndApplyROI: Resetting ROI due to scaling
I/qdhwcomposer(  267): validateAndApplyROI: Resetting ROI due to scaling
I/System.out(25390): ArrayList<TestCase>: COVER_WITH_NEXT_PAGE
I/qdhwcomposer(  267): validateAndApplyROI: Resetting ROI due to scaling
I/Class.FunctionName(25390): SGLayer.int addAnimation(SGAnimation anAnimation)
I/qdhwcomposer(  267): validateAndApplyROI: Resetting ROI due to scaling
I/qdhwcomposer(  267): validateAndApplyROI: Resetting ROI due to scaling
I/qdhwcomposer(  267): validateAndApplyROI: Resetting ROI due to scaling
I/System.out(25390): ArrayList<TestCase>: GALLERY
I/Class.FunctionName(25390): SGLayer.int addAnimation(SGAnimation anAnimation)
I/qdhwcomposer(  267): validateAndApplyROI: Resetting ROI due to scaling
I/qdhwcomposer(  267): validateAndApplyROI: Resetting ROI due to scaling
I/qdhwcomposer(  267): validateAndApplyROI: Resetting ROI due to scaling
I/qdhwcomposer(  267): validateAndApplyROI: Resetting ROI due to scaling
I/Core    (25390): SwapBuffer calculated FPS: 49.801365
I/System.out(25390): ArrayList<TestCase>: THROUGH
I/Class.FunctionName(25390): SGLayer.int addAnimation(SGAnimation anAnimation)
I/qdhwcomposer(  267): validateAndApplyROI: Resetting ROI due to scaling
I/qdhwcomposer(  267): validateAndApplyROI: Resetting ROI due to scaling
I/qdhwcomposer(  267): validateAndApplyROI: Resetting ROI due to scaling
I/qdhwcomposer(  267): validateAndApplyROI: Resetting ROI due to scaling
I/System.out(25390): ArrayList<TestCase>: THROUGH
I/Class.FunctionName(25390): SGLayer.int addAnimation(SGAnimation anAnimation)
I/qdhwcomposer(  267): validateAndApplyROI: Resetting ROI due to scaling
I/qdhwcomposer(  267): validateAndApplyROI: Resetting ROI due to scaling
I/qdhwcomposer(  267): validateAndApplyROI: Resetting ROI due to scaling
I/qdhwcomposer(  267): validateAndApplyROI: Resetting ROI due to scaling
I/System.out(25390): ArrayList<TestCase>: overrideTargetTexture(SGProperty aProperty)
I/qdhwcomposer(  267): validateAndApplyROI: Resetting ROI due to scaling
I/qdhwcomposer(  267): validateAndApplyROI: Resetting ROI due to scaling
I/qdhwcomposer(  267): validateAndApplyROI: Resetting ROI due to scaling
I/qdhwcomposer(  267): validateAndApplyROI: Resetting ROI due to scaling
I/System.out(25390): ArrayList<TestCase>: isInTransition
I/Class.FunctionName(25390): SGLayer.int addAnimation(SGAnimation anAnimation)
I/qdhwcomposer(  267): validateAndApplyROI: Resetting ROI due to scaling
I/qdhwcomposer(  267): validateAndApplyROI: Resetting ROI due to scaling
I/qdhwcomposer(  267): validateAndApplyROI: Resetting ROI due to scaling
I/qdhwcomposer(  267): validateAndApplyROI: Resetting ROI due to scaling
I/Core    (25390): SwapBuffer calculated FPS: 47.401485
I/System.out(25390): ArrayList<TestCase>: COVER_WITH_NEXT_PAGE
I/Class.FunctionName(25390): SGLayer.int addAnimation(SGAnimation anAnimation)
I/qdhwcomposer(  267): validateAndApplyROI: Resetting ROI due to scaling
I/qdhwcomposer(  267): validateAndApplyROI: Resetting ROI due to scaling
I/System.out(25390): ArrayList<TestCase>: CUBE2
I/qdhwcomposer(  267): validateAndApplyROI: Resetting ROI due to scaling
I/Class.FunctionName(25390): SGLayer.int addAnimation(SGAnimation anAnimation)
I/qdhwcomposer(  267): validateAndApplyROI: Resetting ROI due to scaling
I/qdhwcomposer(  267): validateAndApplyROI: Resetting ROI due to scaling
I/qdhwcomposer(  267): validateAndApplyROI: Resetting ROI due to scaling
I/qdhwcomposer(  267): validateAndApplyROI: Resetting ROI due to scaling
I/System.out(25390): ArrayList<TestCase>: FADE_IN_OUT
I/Class.FunctionName(25390): SGLayer.int addAnimation(SGAnimation anAnimation)
I/qdhwcomposer(  267): validateAndApplyROI: Resetting ROI due to scaling
I/qdhwcomposer(  267): validateAndApplyROI: Resetting ROI due to scaling
I/System.out(25390): ArrayList<TestCase>: isInTransition
I/qdhwcomposer(  267): validateAndApplyROI: Resetting ROI due to scaling
I/Class.FunctionName(25390): SGLayer.int addAnimation(SGAnimation anAnimation)
I/qdhwcomposer(  267): validateAndApplyROI: Resetting ROI due to scaling
I/qdhwcomposer(  267): validateAndApplyROI: Resetting ROI due to scaling
I/System.out(25390): ArrayList<TestCase>: CURVE
I/Class.FunctionName(25390): SGLayer.int addAnimation(SGAnimation anAnimation)
I/qdhwcomposer(  267): validateAndApplyROI: Resetting ROI due to scaling
I/qdhwcomposer(  267): validateAndApplyROI: Resetting ROI due to scaling
I/qdhwcomposer(  267): validateAndApplyROI: Resetting ROI due to scaling
I/System.out(25390): ArrayList<TestCase>: FADE_IN_OUT
I/Core    (25390): SwapBuffer calculated FPS: 38.588776
I/qdhwcomposer(  267): validateAndApplyROI: Resetting ROI due to scaling
I/Class.FunctionName(25390): SGLayer.int addAnimation(SGAnimation anAnimation)
I/qdhwcomposer(  267): validateAndApplyROI: Resetting ROI due to scaling
I/System.out(25390): ArrayList<TestCase>: FLIP3
I/Class.FunctionName(25390): SGLayer.int addAnimation(SGAnimation anAnimation)
I/System.out(25390): ArrayList<TestCase>: isInTransition
I/qdhwcomposer(  267): validateAndApplyROI: Resetting ROI due to scaling
I/Class.FunctionName(25390): SGLayer.int addAnimation(SGAnimation anAnimation)
I/qdhwcomposer(  267): validateAndApplyROI: Resetting ROI due to scaling
I/qdhwcomposer(  267): validateAndApplyROI: Resetting ROI due to scaling
I/qdhwcomposer(  267): validateAndApplyROI: Resetting ROI due to scaling
I/qdhwcomposer(  267): validateAndApplyROI: Resetting ROI due to scaling
I/System.out(25390): ArrayList<TestCase>: GALLERY
I/qdhwcomposer(  267): validateAndApplyROI: Resetting ROI due to scaling
I/Class.FunctionName(25390): SGLayer.int addAnimation(SGAnimation anAnimation)
I/qdhwcomposer(  267): validateAndApplyROI: Resetting ROI due to scaling
I/qdhwcomposer(  267): validateAndApplyROI: Resetting ROI due to scaling
I/System.out(25390): ArrayList<TestCase>: COVER_WITH_NEXT_PAGE
I/Class.FunctionName(25390): SGLayer.int addAnimation(SGAnimation anAnimation)
I/qdhwcomposer(  267): validateAndApplyROI: Resetting ROI due to scaling
I/qdhwcomposer(  267): validateAndApplyROI: Resetting ROI due to scaling
I/qdhwcomposer(  267): validateAndApplyROI: Resetting ROI due to scaling
I/System.out(25390): ArrayList<TestCase>: GALLERY
I/Class.FunctionName(25390): SGLayer.int addAnimation(SGAnimation anAnimation)
I/qdhwcomposer(  267): validateAndApplyROI: Resetting ROI due to scaling
I/qdhwcomposer(  267): validateAndApplyROI: Resetting ROI due to scaling
I/qdhwcomposer(  267): validateAndApplyROI: Resetting ROI due to scaling
I/Core    (25390): SwapBuffer calculated FPS: 33.545238
I/System.out(25390): ArrayList<TestCase>: GALLERY
I/Class.FunctionName(25390): SGLayer.int addAnimation(SGAnimation anAnimation)
I/qdhwcomposer(  267): validateAndApplyROI: Resetting ROI due to scaling
I/qdhwcomposer(  267): validateAndApplyROI: Resetting ROI due to scaling
I/qdhwcomposer(  267): validateAndApplyROI: Resetting ROI due to scaling
I/qdhwcomposer(  267): validateAndApplyROI: Resetting ROI due to scaling
I/System.out(25390): ArrayList<TestCase>: FADE_IN_OUT
I/Class.FunctionName(25390): SGLayer.int addAnimation(SGAnimation anAnimation)
I/qdhwcomposer(  267): validateAndApplyROI: Resetting ROI due to scaling
I/qdhwcomposer(  267): validateAndApplyROI: Resetting ROI due to scaling
I/qdhwcomposer(  267): validateAndApplyROI: Resetting ROI due to scaling
I/System.out(25390): ArrayList<TestCase>: isInTransition
I/qdhwcomposer(  267): validateAndApplyROI: Resetting ROI due to scaling
I/Class.FunctionName(25390): SGLayer.int addAnimation(SGAnimation anAnimation)
I/qdhwcomposer(  267): validateAndApplyROI: Resetting ROI due to scaling
I/qdhwcomposer(  267): validateAndApplyROI: Resetting ROI due to scaling
I/qdhwcomposer(  267): validateAndApplyROI: Resetting ROI due to scaling
I/System.out(25390): ArrayList<TestCase>: CUBE2
I/Class.FunctionName(25390): SGLayer.int addAnimation(SGAnimation anAnimation)
I/qdhwcomposer(  267): validateAndApplyROI: Resetting ROI due to scaling
I/qdhwcomposer(  267): validateAndApplyROI: Resetting ROI due to scaling
I/qdhwcomposer(  267): validateAndApplyROI: Resetting ROI due to scaling
I/System.out(25390): ArrayList<TestCase>: PIVOT
I/qdhwcomposer(  267): validateAndApplyROI: Resetting ROI due to scaling
I/Class.FunctionName(25390): SGLayer.int addAnimation(SGAnimation anAnimation)
I/Core    (25390): SwapBuffer calculated FPS: 46.576851
I/qdhwcomposer(  267): validateAndApplyROI: Resetting ROI due to scaling
I/qdhwcomposer(  267): validateAndApplyROI: Resetting ROI due to scaling
I/qdhwcomposer(  267): validateAndApplyROI: Resetting ROI due to scaling
I/System.out(25390): ArrayList<TestCase>: SCALE
I/Class.FunctionName(25390): SGLayer.int addAnimation(SGAnimation anAnimation)
I/qdhwcomposer(  267): validateAndApplyROI: Resetting ROI due to scaling
I/qdhwcomposer(  267): validateAndApplyROI: Resetting ROI due to scaling
I/qdhwcomposer(  267): validateAndApplyROI: Resetting ROI due to scaling
I/qdhwcomposer(  267): validateAndApplyROI: Resetting ROI due to scaling
I/System.out(25390): ArrayList<TestCase>: overrideTargetTexture(SGProperty aProperty)
E/SMD     (  258): DCD OFF
I/qdhwcomposer(  267): validateAndApplyROI: Resetting ROI due to scaling
I/qdhwcomposer(  267): validateAndApplyROI: Resetting ROI due to scaling
I/qdhwcomposer(  267): validateAndApplyROI: Resetting ROI due to scaling
I/qdhwcomposer(  267): validateAndApplyROI: Resetting ROI due to scaling
D/SSRMv2  (  834): readSysfs:: path = /sys/devices/platform/sec-thermistor/temperature, result = 340
D/SSRMv2  (  834): readSysfs:: path = /sys/class/power_supply/battery/current_avg, result = -1
D/SSRMv3:SsrmController(  834): SIOP:: AP = 340, CUR = -1
D/SSRMv2:BatteryCoolDownMode(  834):  Current Battery Temperature : 280, apTemp = 340
D/AmoledColorTune(  834): readSysfs:: path = /sys/class/power_supply/battery/temp, result = 280
D/AmoledColorTune(  834): prevTemp = 279, currTemp = 280, prevStep = 4, currStep = 4
I/System.out(25390): ArrayList<TestCase>: FADE_IN_OUT
I/qdhwcomposer(  267): validateAndApplyROI: Resetting ROI due to scaling
I/Class.FunctionName(25390): SGLayer.int addAnimation(SGAnimation anAnimation)
I/qdhwcomposer(  267): validateAndApplyROI: Resetting ROI due to scaling
V/AlarmManager(  834): waitForAlarm result :8
I/qdhwcomposer(  267): validateAndApplyROI: Resetting ROI due to scaling
V/AlarmManager(  834): ClockReceiver onReceive() ACTION_TIME_TICK
V/AlarmManager(  834): setExact (T:3)20140406T035400 android (226648617:226648617/226648617/0,42fb2ed8:c1aab58) from 1000:834
D/KeyguardUpdateMonitor( 1078): received broadcast android.intent.action.TIME_TICK
D/KeyguardUpdateMonitor( 1078): handleTimeUpdate
D/        ( 2292): action : android.intent.action.TIME_TICK
D/DualCityWidget( 2292): setWidgetSizeInfo mWidgetSizeType=1
D/STATUSBAR-IconMerger( 1078): checkOverflow(1368), More:false, Req:false Child:5
I/qdhwcomposer(  267): validateAndApplyROI: Resetting ROI due to scaling
D/DualCityWidget( 2292): onReceive action=com.sec.android.widgetapp.dualcitywidget.easy.widget.action.TIMEZONE_TICK
I/System.out(25390): ArrayList<TestCase>: WAVE
D/DualCityWidget( 2292): refreshMyDateInfoView hours = 3, minutes = 53
I/qdhwcomposer(  267): validateAndApplyROI: Resetting ROI due to scaling
I/Class.FunctionName(25390): SGLayer.int addAnimation(SGAnimation anAnimation)
D/com.samsung.app( 2292): [Cmaweather J]>>> DBH:1943 [0:0] gADWI : count = 0
D/cmaweather( 2625): [KK CmaPhone]>>> WCS:140 [0:0] action : androidintentactionTIME_TICK
D/cmaweather( 2625): [KK CmaPhone]>>> UIM:121 [0:0] getInstance
D/cmaweather( 2625): [KK CmaPhone]>>> UIM:291 [0:0] direct update clock
D/DualCityWidget( 2292): onReceive
D/cmaweather( 2625): [KK CmaPhone]>>> UIM:160 [0:0] make widget 4x1 view!!! 
I/qdhwcomposer(  267): validateAndApplyROI: Resetting ROI due to scaling
D/cmaweather( 2625): [KK CmaPhone]>>> UIM:162 [0:0] make widget 4x2 view!!! 
D/cmaweather( 2625): [KK CmaPhone]>>> RU:78 [0:0] get ww = 339, wh = 160span x = 4, span y = 2
D/cmaweather( 2625): [KK CmaPhone]>>> UIM:1639 [0:0] mc sy = 2
D/cmaweather( 2625): [KK CmaPhone]>>> RU:78 [0:0] get ww = 339, wh = 160span x = 4, span y = 2
D/cmaweather( 2625): [KK CmaPhone]>>> UIM:187 [0:0] get widget 4x2 view!!! wid = 11
I/qdhwcomposer(  267): validateAndApplyROI: Resetting ROI due to scaling
E/cmaweather( 2625): [KK CmaPhone]>>> UIM:1677 [0:0] bTM 03 53
I/Core    (25390): SwapBuffer calculated FPS: 42.138641
I/qdhwcomposer(  267): validateAndApplyROI: Resetting ROI due to scaling
I/System.out(25390): ArrayList<TestCase>: GALLERY
I/Class.FunctionName(25390): SGLayer.int addAnimation(SGAnimation anAnimation)
I/qdhwcomposer(  267): validateAndApplyROI: Resetting ROI due to scaling
I/qdhwcomposer(  267): validateAndApplyROI: Resetting ROI due to scaling
I/qdhwcomposer(  267): validateAndApplyROI: Resetting ROI due to scaling
I/System.out(25390): ArrayList<TestCase>: PIVOT
I/qdhwcomposer(  267): validateAndApplyROI: Resetting ROI due to scaling
I/Class.FunctionName(25390): SGLayer.int addAnimation(SGAnimation anAnimation)
I/qdhwcomposer(  267): validateAndApplyROI: Resetting ROI due to scaling
I/qdhwcomposer(  267): validateAndApplyROI: Resetting ROI due to scaling
I/System.out(25390): ArrayList<TestCase>: FADE_IN_OUT
I/qdhwcomposer(  267): validateAndApplyROI: Resetting ROI due to scaling
I/Class.FunctionName(25390): SGLayer.int addAnimation(SGAnimation anAnimation)
I/qdhwcomposer(  267): validateAndApplyROI: Resetting ROI due to scaling
I/qdhwcomposer(  267): validateAndApplyROI: Resetting ROI due to scaling
I/qdhwcomposer(  267): validateAndApplyROI: Resetting ROI due to scaling
I/System.out(25390): ArrayList<TestCase>: ROTATE_CUBE
I/Class.FunctionName(25390): SGLayer.int addAnimation(SGAnimation anAnimation)
I/qdhwcomposer(  267): validateAndApplyROI: Resetting ROI due to scaling
I/qdhwcomposer(  267): validateAndApplyROI: Resetting ROI due to scaling
I/qdhwcomposer(  267): validateAndApplyROI: Resetting ROI due to scaling
I/System.out(25390): ArrayList<TestCase>: PIVOT
I/Class.FunctionName(25390): SGLayer.int addAnimation(SGAnimation anAnimation)
I/qdhwcomposer(  267): validateAndApplyROI: Resetting ROI due to scaling
I/qdhwcomposer(  267): validateAndApplyROI: Resetting ROI due to scaling
I/Core    (25390): SwapBuffer calculated FPS: 39.748394
I/qdhwcomposer(  267): validateAndApplyROI: Resetting ROI due to scaling
I/qdhwcomposer(  267): validateAndApplyROI: Resetting ROI due to scaling
I/System.out(25390): ArrayList<TestCase>: CURVE
I/qdhwcomposer(  267): validateAndApplyROI: Resetting ROI due to scaling
I/Class.FunctionName(25390): SGLayer.int addAnimation(SGAnimation anAnimation)
I/qdhwcomposer(  267): validateAndApplyROI: Resetting ROI due to scaling
I/qdhwcomposer(  267): validateAndApplyROI: Resetting ROI due to scaling
I/System.out(25390): ArrayList<TestCase>: GALLERY
I/Class.FunctionName(25390): SGLayer.int addAnimation(SGAnimation anAnimation)
I/qdhwcomposer(  267): validateAndApplyROI: Resetting ROI due to scaling
I/qdhwcomposer(  267): validateAndApplyROI: Resetting ROI due to scaling
I/System.out(25390): ArrayList<TestCase>: FADE_IN_OUT
I/Class.FunctionName(25390): SGLayer.int addAnimation(SGAnimation anAnimation)
I/qdhwcomposer(  267): validateAndApplyROI: Resetting ROI due to scaling
I/qdhwcomposer(  267): validateAndApplyROI: Resetting ROI due to scaling
I/qdhwcomposer(  267): validateAndApplyROI: Resetting ROI due to scaling
I/qdhwcomposer(  267): validateAndApplyROI: Resetting ROI due to scaling
I/System.out(25390): ArrayList<TestCase>: CURTAIN
I/qdhwcomposer(  267): validateAndApplyROI: Resetting ROI due to scaling
I/Class.FunctionName(25390): SGLayer.int addAnimation(SGAnimation anAnimation)
I/qdhwcomposer(  267): validateAndApplyROI: Resetting ROI due to scaling
I/qdhwcomposer(  267): validateAndApplyROI: Resetting ROI due to scaling
I/qdhwcomposer(  267): validateAndApplyROI: Resetting ROI due to scaling
I/System.out(25390): ArrayList<TestCase>: PIVOT
I/Class.FunctionName(25390): SGLayer.int addAnimation(SGAnimation anAnimation)
I/qdhwcomposer(  267): validateAndApplyROI: Resetting ROI due to scaling
I/Core    (25390): SwapBuffer calculated FPS: 44.377048
I/qdhwcomposer(  267): validateAndApplyROI: Resetting ROI due to scaling
I/qdhwcomposer(  267): validateAndApplyROI: Resetting ROI due to scaling
I/qdhwcomposer(  267): validateAndApplyROI: Resetting ROI due to scaling
I/qdhwcomposer(  267): validateAndApplyROI: Resetting ROI due to scaling
I/System.out(25390): ArrayList<TestCase>: WIPE
I/Class.FunctionName(25390): SGLayer.int addAnimation(SGAnimation anAnimation)
I/qdhwcomposer(  267): validateAndApplyROI: Resetting ROI due to scaling
I/qdhwcomposer(  267): validateAndApplyROI: Resetting ROI due to scaling
I/qdhwcomposer(  267): validateAndApplyROI: Resetting ROI due to scaling
I/System.out(25390): ArrayList<TestCase>: CURTAIN
I/qdhwcomposer(  267): validateAndApplyROI: Resetting ROI due to scaling
I/Class.FunctionName(25390): SGLayer.int addAnimation(SGAnimation anAnimation)
I/qdhwcomposer(  267): validateAndApplyROI: Resetting ROI due to scaling
I/qdhwcomposer(  267): validateAndApplyROI: Resetting ROI due to scaling
I/qdhwcomposer(  267): validateAndApplyROI: Resetting ROI due to scaling
I/System.out(25390): ArrayList<TestCase>: SCALE
I/Class.FunctionName(25390): SGLayer.int addAnimation(SGAnimation anAnimation)
I/System.out(25390): ArrayList<TestCase>: FOLDING
I/qdhwcomposer(  267): validateAndApplyROI: Resetting ROI due to scaling
I/Class.FunctionName(25390): SGLayer.int addAnimation(SGAnimation anAnimation)
I/qdhwcomposer(  267): validateAndApplyROI: Resetting ROI due to scaling
I/qdhwcomposer(  267): validateAndApplyROI: Resetting ROI due to scaling
I/System.out(25390): ArrayList<TestCase>: overrideTargetTexture(SGProperty aProperty)
I/qdhwcomposer(  267): validateAndApplyROI: Resetting ROI due to scaling
I/qdhwcomposer(  267): validateAndApplyROI: Resetting ROI due to scaling
I/Core    (25390): SwapBuffer calculated FPS: 36.584667
I/qdhwcomposer(  267): validateAndApplyROI: Resetting ROI due to scaling
I/qdhwcomposer(  267): validateAndApplyROI: Resetting ROI due to scaling
I/qdhwcomposer(  267): validateAndApplyROI: Resetting ROI due to scaling
I/System.out(25390): ArrayList<TestCase>: FOLDING
I/Class.FunctionName(25390): SGLayer.int addAnimation(SGAnimation anAnimation)
I/qdhwcomposer(  267): validateAndApplyROI: Resetting ROI due to scaling
I/qdhwcomposer(  267): validateAndApplyROI: Resetting ROI due to scaling
I/qdhwcomposer(  267): validateAndApplyROI: Resetting ROI due to scaling
I/qdhwcomposer(  267): validateAndApplyROI: Resetting ROI due to scaling
I/System.out(25390): ArrayList<TestCase>: FADE_IN_OUT
I/Class.FunctionName(25390): SGLayer.int addAnimation(SGAnimation anAnimation)
I/qdhwcomposer(  267): validateAndApplyROI: Resetting ROI due to scaling
I/qdhwcomposer(  267): validateAndApplyROI: Resetting ROI due to scaling
I/qdhwcomposer(  267): validateAndApplyROI: Resetting ROI due to scaling
I/System.out(25390): ArrayList<TestCase>: CURVE
I/qdhwcomposer(  267): validateAndApplyROI: Resetting ROI due to scaling
I/Class.FunctionName(25390): SGLayer.int addAnimation(SGAnimation anAnimation)
I/qdhwcomposer(  267): validateAndApplyROI: Resetting ROI due to scaling
I/qdhwcomposer(  267): validateAndApplyROI: Resetting ROI due to scaling
I/System.out(25390): ArrayList<TestCase>: PIVOT
I/Class.FunctionName(25390): SGLayer.int addAnimation(SGAnimation anAnimation)
I/qdhwcomposer(  267): validateAndApplyROI: Resetting ROI due to scaling
I/System.out(25390): ArrayList<TestCase>: isInTransition
I/qdhwcomposer(  267): validateAndApplyROI: Resetting ROI due to scaling
I/Core    (25390): SwapBuffer calculated FPS: 41.380283
I/Class.FunctionName(25390): SGLayer.int addAnimation(SGAnimation anAnimation)
I/qdhwcomposer(  267): validateAndApplyROI: Resetting ROI due to scaling
I/qdhwcomposer(  267): validateAndApplyROI: Resetting ROI due to scaling
I/qdhwcomposer(  267): validateAndApplyROI: Resetting ROI due to scaling
I/System.out(25390): ArrayList<TestCase>: FOLDING
I/Class.FunctionName(25390): SGLayer.int addAnimation(SGAnimation anAnimation)
I/qdhwcomposer(  267): validateAndApplyROI: Resetting ROI due to scaling
I/qdhwcomposer(  267): validateAndApplyROI: Resetting ROI due to scaling
I/qdhwcomposer(  267): validateAndApplyROI: Resetting ROI due to scaling
I/qdhwcomposer(  267): validateAndApplyROI: Resetting ROI due to scaling
I/qdhwcomposer(  267): validateAndApplyROI: Resetting ROI due to scaling
I/System.out(25390): ArrayList<TestCase>: FLIP3
I/Class.FunctionName(25390): SGLayer.int addAnimation(SGAnimation anAnimation)
I/qdhwcomposer(  267): validateAndApplyROI: Resetting ROI due to scaling
I/qdhwcomposer(  267): validateAndApplyROI: Resetting ROI due to scaling
I/MSM-irqbalance(  524): Decided to move IRQ130 from CPU4 to CPU6
I/qdhwcomposer(  267): validateAndApplyROI: Resetting ROI due to scaling
I/qdhwcomposer(  267): validateAndApplyROI: Resetting ROI due to scaling
I/qdhwcomposer(  267): validateAndApplyROI: Resetting ROI due to scaling
I/System.out(25390): ArrayList<TestCase>: ROTATE_CUBE
I/Class.FunctionName(25390): SGLayer.int addAnimation(SGAnimation anAnimation)
I/qdhwcomposer(  267): validateAndApplyROI: Resetting ROI due to scaling
I/qdhwcomposer(  267): validateAndApplyROI: Resetting ROI due to scaling
I/qdhwcomposer(  267): validateAndApplyROI: Resetting ROI due to scaling
I/Core    (25390): SwapBuffer calculated FPS: 49.146416
I/System.out(25390): ArrayList<TestCase>: CURTAIN
I/Class.FunctionName(25390): SGLayer.int addAnimation(SGAnimation anAnimation)
I/qdhwcomposer(  267): validateAndApplyROI: Resetting ROI due to scaling
I/qdhwcomposer(  267): validateAndApplyROI: Resetting ROI due to scaling
I/qdhwcomposer(  267): validateAndApplyROI: Resetting ROI due to scaling
I/qdhwcomposer(  267): validateAndApplyROI: Resetting ROI due to scaling
I/qdhwcomposer(  267): validateAndApplyROI: Resetting ROI due to scaling
I/System.out(25390): ArrayList<TestCase>: SCALE
I/qdhwcomposer(  267): validateAndApplyROI: Resetting ROI due to scaling
I/Class.FunctionName(25390): SGLayer.int addAnimation(SGAnimation anAnimation)
I/qdhwcomposer(  267): validateAndApplyROI: Resetting ROI due to scaling
I/qdhwcomposer(  267): validateAndApplyROI: Resetting ROI due to scaling
I/System.out(25390): ArrayList<TestCase>: overrideSourceTexture(SGProperty aProperty)
I/qdhwcomposer(  267): validateAndApplyROI: Resetting ROI due to scaling
I/qdhwcomposer(  267): validateAndApplyROI: Resetting ROI due to scaling
I/qdhwcomposer(  267): validateAndApplyROI: Resetting ROI due to scaling
I/System.out(25390): ArrayList<TestCase>: CURVE
I/Class.FunctionName(25390): SGLayer.int addAnimation(SGAnimation anAnimation)
I/qdhwcomposer(  267): validateAndApplyROI: Resetting ROI due to scaling
E/SMD     (  258): DCD OFF
I/qdhwcomposer(  267): validateAndApplyROI: Resetting ROI due to scaling
I/qdhwcomposer(  267): validateAndApplyROI: Resetting ROI due to scaling
I/qdhwcomposer(  267): validateAndApplyROI: Resetting ROI due to scaling
I/System.out(25390): ArrayList<TestCase>: THROUGH
I/Core    (25390): SwapBuffer calculated FPS: 48.619450
I/qdhwcomposer(  267): validateAndApplyROI: Resetting ROI due to scaling
I/Class.FunctionName(25390): SGLayer.int addAnimation(SGAnimation anAnimation)
I/qdhwcomposer(  267): validateAndApplyROI: Resetting ROI due to scaling
I/qdhwcomposer(  267): validateAndApplyROI: Resetting ROI due to scaling
I/qdhwcomposer(  267): validateAndApplyROI: Resetting ROI due to scaling
I/System.out(25390): ArrayList<TestCase>: CURVE
I/Class.FunctionName(25390): SGLayer.int addAnimation(SGAnimation anAnimation)
I/qdhwcomposer(  267): validateAndApplyROI: Resetting ROI due to scaling
I/qdhwcomposer(  267): validateAndApplyROI: Resetting ROI due to scaling
I/qdhwcomposer(  267): validateAndApplyROI: Resetting ROI due to scaling
I/qdhwcomposer(  267): validateAndApplyROI: Resetting ROI due to scaling
I/qdhwcomposer(  267): validateAndApplyROI: Resetting ROI due to scaling
I/System.out(25390): ArrayList<TestCase>: ROTATE_CUBE
I/qdhwcomposer(  267): validateAndApplyROI: Resetting ROI due to scaling
I/Class.FunctionName(25390): SGLayer.int addAnimation(SGAnimation anAnimation)
I/qdhwcomposer(  267): validateAndApplyROI: Resetting ROI due to scaling
I/qdhwcomposer(  267): validateAndApplyROI: Resetting ROI due to scaling
I/qdhwcomposer(  267): validateAndApplyROI: Resetting ROI due to scaling
I/System.out(25390): ArrayList<TestCase>: FADE_IN_OUT
I/Class.FunctionName(25390): SGLayer.int addAnimation(SGAnimation anAnimation)
I/qdhwcomposer(  267): validateAndApplyROI: Resetting ROI due to scaling
I/qdhwcomposer(  267): validateAndApplyROI: Resetting ROI due to scaling
I/qdhwcomposer(  267): validateAndApplyROI: Resetting ROI due to scaling
I/Core    (25390): SwapBuffer calculated FPS: 51.203503
I/qdhwcomposer(  267): validateAndApplyROI: Resetting ROI due to scaling
I/System.out(25390): ArrayList<TestCase>: overrideSourceTexture(SGProperty aProperty)
I/qdhwcomposer(  267): validateAndApplyROI: Resetting ROI due to scaling
I/qdhwcomposer(  267): validateAndApplyROI: Resetting ROI due to scaling
I/qdhwcomposer(  267): validateAndApplyROI: Resetting ROI due to scaling
I/qdhwcomposer(  267): validateAndApplyROI: Resetting ROI due to scaling
I/System.out(25390): ArrayList<TestCase>: isInTransition
I/qdhwcomposer(  267): validateAndApplyROI: Resetting ROI due to scaling
I/Class.FunctionName(25390): SGLayer.int addAnimation(SGAnimation anAnimation)
I/qdhwcomposer(  267): validateAndApplyROI: Resetting ROI due to scaling
I/qdhwcomposer(  267): validateAndApplyROI: Resetting ROI due to scaling
I/qdhwcomposer(  267): validateAndApplyROI: Resetting ROI due to scaling
I/System.out(25390): ArrayList<TestCase>: FOLDING
