I/Class.FunctionName(25390): SGLayer.int addAnimation(SGAnimation anAnimation)
I/qdhwcomposer(  267): validateAndApplyROI: Resetting ROI due to scaling
I/qdhwcomposer(  267): validateAndApplyROI: Resetting ROI due to scaling
I/qdhwcomposer(  267): validateAndApplyROI: Resetting ROI due to scaling
I/qdhwcomposer(  267): validateAndApplyROI: Resetting ROI due to scaling
I/qdhwcomposer(  267): validateAndApplyROI: Resetting ROI due to scaling
I/System.out(25390): ArrayList<TestCase>: WAVE
I/Class.FunctionName(25390): SGLayer.int addAnimation(SGAnimation anAnimation)
I/qdhwcomposer(  267): validateAndApplyROI: Resetting ROI due to scaling
I/qdhwcomposer(  267): validateAndApplyROI: Resetting ROI due to scaling
I/Core    (25390): SwapBuffer calculated FPS: 49.635765
I/qdhwcomposer(  267): validateAndApplyROI: Resetting ROI due to scaling
I/System.out(25390): ArrayList<TestCase>: CURTAIN
I/qdhwcomposer(  267): validateAndApplyROI: Resetting ROI due to scaling
I/Class.FunctionName(25390): SGLayer.int addAnimation(SGAnimation anAnimation)
I/qdhwcomposer(  267): validateAndApplyROI: Resetting ROI due to scaling
I/qdhwcomposer(  267): validateAndApplyROI: Resetting ROI due to scaling
I/qdhwcomposer(  267): validateAndApplyROI: Resetting ROI due to scaling
I/qdhwcomposer(  267): validateAndApplyROI: Resetting ROI due to scaling
D/BatteryService(  834): level:100, scale:100, status:5, health:2, present:true, voltage: 4330, temperature: 280, technology: Li-ion, AC powered:false, USB powered:true, Wireless powered:false, icon:17303689, invalid charger:0, online:4, current avg:-1, charge type:1, power sharing:false, high voltage charger:false, capacity:280000, current_now:-1
D/BatteryService(  834): Sending ACTION_BATTERY_CHANGED.
I/System.out(25390): ArrayList<TestCase>: overrideSourceTexture(SGProperty aProperty)
D/KeyguardUpdateMonitor( 1078): received broadcast android.intent.action.BATTERY_CHANGED
D/KeyguardUpdateMonitor( 1078): handleBatteryUpdate
D/KeyguardFestivalEffect( 1078): onReceive: android.intent.action.BATTERY_CHANGED
D/UiModeManager(  834): mCoverManager.getCoverState() : true
I/qdhwcomposer(  267): validateAndApplyROI: Resetting ROI due to scaling
D/STATUSBAR-PhoneStatusBar( 1078):  mBrightnessEnablebySettings = true mBrightnessEnablebyBattery = true mBrightnessEnablebyDisableFlag = true mPmsBrightnessEnablebySettings = true
D/CoverBroadcastManager( 2581): onReceive : action = android.intent.action.BATTERY_CHANGED
D/STATUSBAR-IconMerger( 1078): checkOverflow(1368), More:false, Req:false Child:5
I/qdhwcomposer(  267): validateAndApplyROI: Resetting ROI due to scaling
I/qdhwcomposer(  267): validateAndApplyROI: Resetting ROI due to scaling
D/BatteryMeterView( 1078): ACTION_BATTERY_CHANGED : level:100 status:5 health:2isPlug: true
I/qdhwcomposer(  267): validateAndApplyROI: Resetting ROI due to scaling
I/qdhwcomposer(  267): validateAndApplyROI: Resetting ROI due to scaling
I/System.out(25390): ArrayList<TestCase>: PIVOT
I/Class.FunctionName(25390): SGLayer.int addAnimation(SGAnimation anAnimation)
I/qdhwcomposer(  267): validateAndApplyROI: Resetting ROI due to scaling
I/qdhwcomposer(  267): validateAndApplyROI: Resetting ROI due to scaling
I/qdhwcomposer(  267): validateAndApplyROI: Resetting ROI due to scaling
I/System.out(25390): ArrayList<TestCase>: PIVOT
I/qdhwcomposer(  267): validateAndApplyROI: Resetting ROI due to scaling
I/Class.FunctionName(25390): SGLayer.int addAnimation(SGAnimation anAnimation)
I/qdhwcomposer(  267): validateAndApplyROI: Resetting ROI due to scaling
I/qdhwcomposer(  267): validateAndApplyROI: Resetting ROI due to scaling
I/Core    (25390): SwapBuffer calculated FPS: 48.754742
I/qdhwcomposer(  267): validateAndApplyROI: Resetting ROI due to scaling
I/qdhwcomposer(  267): validateAndApplyROI: Resetting ROI due to scaling
I/System.out(25390): ArrayList<TestCase>: WAVE
I/Class.FunctionName(25390): SGLayer.int addAnimation(SGAnimation anAnimation)
I/qdhwcomposer(  267): validateAndApplyROI: Resetting ROI due to scaling
I/qdhwcomposer(  267): validateAndApplyROI: Resetting ROI due to scaling
I/qdhwcomposer(  267): validateAndApplyROI: Resetting ROI due to scaling
I/System.out(25390): ArrayList<TestCase>: GALLERY
I/qdhwcomposer(  267): validateAndApplyROI: Resetting ROI due to scaling
I/Class.FunctionName(25390): SGLayer.int addAnimation(SGAnimation anAnimation)
I/qdhwcomposer(  267): validateAndApplyROI: Resetting ROI due to scaling
I/qdhwcomposer(  267): validateAndApplyROI: Resetting ROI due to scaling
I/qdhwcomposer(  267): validateAndApplyROI: Resetting ROI due to scaling
I/qdhwcomposer(  267): validateAndApplyROI: Resetting ROI due to scaling
I/System.out(25390): ArrayList<TestCase>: GALLERY
I/Class.FunctionName(25390): SGLayer.int addAnimation(SGAnimation anAnimation)
I/qdhwcomposer(  267): validateAndApplyROI: Resetting ROI due to scaling
I/qdhwcomposer(  267): validateAndApplyROI: Resetting ROI due to scaling
I/qdhwcomposer(  267): validateAndApplyROI: Resetting ROI due to scaling
I/qdhwcomposer(  267): validateAndApplyROI: Resetting ROI due to scaling
I/qdhwcomposer(  267): validateAndApplyROI: Resetting ROI due to scaling
I/System.out(25390): ArrayList<TestCase>: overrideSourceTexture(SGProperty aProperty)
I/System.out(25390): ArrayList<TestCase>: COVER_WITH_NEXT_PAGE
I/Class.FunctionName(25390): SGLayer.int addAnimation(SGAnimation anAnimation)
I/qdhwcomposer(  267): validateAndApplyROI: Resetting ROI due to scaling
I/qdhwcomposer(  267): validateAndApplyROI: Resetting ROI due to scaling
I/Core    (25390): SwapBuffer calculated FPS: 37.462955
I/qdhwcomposer(  267): validateAndApplyROI: Resetting ROI due to scaling
I/System.out(25390): ArrayList<TestCase>: SCALE
I/Class.FunctionName(25390): SGLayer.int addAnimation(SGAnimation anAnimation)
I/qdhwcomposer(  267): validateAndApplyROI: Resetting ROI due to scaling
I/qdhwcomposer(  267): validateAndApplyROI: Resetting ROI due to scaling
I/qdhwcomposer(  267): validateAndApplyROI: Resetting ROI due to scaling
I/qdhwcomposer(  267): validateAndApplyROI: Resetting ROI due to scaling
I/System.out(25390): ArrayList<TestCase>: CURVE
I/Class.FunctionName(25390): SGLayer.int addAnimation(SGAnimation anAnimation)
I/qdhwcomposer(  267): validateAndApplyROI: Resetting ROI due to scaling
I/qdhwcomposer(  267): validateAndApplyROI: Resetting ROI due to scaling
I/qdhwcomposer(  267): validateAndApplyROI: Resetting ROI due to scaling
I/qdhwcomposer(  267): validateAndApplyROI: Resetting ROI due to scaling
I/qdhwcomposer(  267): validateAndApplyROI: Resetting ROI due to scaling
D/SensorService(  834): [SO] 0.086 -0.230 9.874
I/System.out(25390): ArrayList<TestCase>: COVER_WITH_NEXT_PAGE
I/Class.FunctionName(25390): SGLayer.int addAnimation(SGAnimation anAnimation)
I/qdhwcomposer(  267): validateAndApplyROI: Resetting ROI due to scaling
I/qdhwcomposer(  267): validateAndApplyROI: Resetting ROI due to scaling
I/qdhwcomposer(  267): validateAndApplyROI: Resetting ROI due to scaling
I/qdhwcomposer(  267): validateAndApplyROI: Resetting ROI due to scaling
I/System.out(25390): ArrayList<TestCase>: overrideSourceTexture(SGProperty aProperty)
I/qdhwcomposer(  267): validateAndApplyROI: Resetting ROI due to scaling
I/qdhwcomposer(  267): validateAndApplyROI: Resetting ROI due to scaling
I/qdhwcomposer(  267): validateAndApplyROI: Resetting ROI due to scaling
I/Core    (25390): SwapBuffer calculated FPS: 53.364948
I/qdhwcomposer(  267): validateAndApplyROI: Resetting ROI due to scaling
I/System.out(25390): ArrayList<TestCase>: PIVOT
I/qdhwcomposer(  267): validateAndApplyROI: Resetting ROI due to scaling
I/Class.FunctionName(25390): SGLayer.int addAnimation(SGAnimation anAnimation)
I/qdhwcomposer(  267): validateAndApplyROI: Resetting ROI due to scaling
I/qdhwcomposer(  267): validateAndApplyROI: Resetting ROI due to scaling
I/qdhwcomposer(  267): validateAndApplyROI: Resetting ROI due to scaling
I/qdhwcomposer(  267): validateAndApplyROI: Resetting ROI due to scaling
I/System.out(25390): ArrayList<TestCase>: SCALE
I/Class.FunctionName(25390): SGLayer.int addAnimation(SGAnimation anAnimation)
I/qdhwcomposer(  267): validateAndApplyROI: Resetting ROI due to scaling
I/qdhwcomposer(  267): validateAndApplyROI: Resetting ROI due to scaling
I/qdhwcomposer(  267): validateAndApplyROI: Resetting ROI due to scaling
I/qdhwcomposer(  267): validateAndApplyROI: Resetting ROI due to scaling
I/System.out(25390): ArrayList<TestCase>: THROUGH
I/Class.FunctionName(25390): SGLayer.int addAnimation(SGAnimation anAnimation)
I/qdhwcomposer(  267): validateAndApplyROI: Resetting ROI due to scaling
I/qdhwcomposer(  267): validateAndApplyROI: Resetting ROI due to scaling
I/qdhwcomposer(  267): validateAndApplyROI: Resetting ROI due to scaling
I/qdhwcomposer(  267): validateAndApplyROI: Resetting ROI due to scaling
I/System.out(25390): ArrayList<TestCase>: CURVE
I/Class.FunctionName(25390): SGLayer.int addAnimation(SGAnimation anAnimation)
I/qdhwcomposer(  267): validateAndApplyROI: Resetting ROI due to scaling
I/qdhwcomposer(  267): validateAndApplyROI: Resetting ROI due to scaling
I/Core    (25390): SwapBuffer calculated FPS: 49.080532
I/qdhwcomposer(  267): validateAndApplyROI: Resetting ROI due to scaling
I/qdhwcomposer(  267): validateAndApplyROI: Resetting ROI due to scaling
I/System.out(25390): ArrayList<TestCase>: THROUGH
I/Class.FunctionName(25390): SGLayer.int addAnimation(SGAnimation anAnimation)
I/qdhwcomposer(  267): validateAndApplyROI: Resetting ROI due to scaling
I/qdhwcomposer(  267): validateAndApplyROI: Resetting ROI due to scaling
I/System.out(25390): ArrayList<TestCase>: isInTransition
I/Class.FunctionName(25390): SGLayer.int addAnimation(SGAnimation anAnimation)
I/qdhwcomposer(  267): validateAndApplyROI: Resetting ROI due to scaling
I/qdhwcomposer(  267): validateAndApplyROI: Resetting ROI due to scaling
I/qdhwcomposer(  267): validateAndApplyROI: Resetting ROI due to scaling
I/System.out(25390): ArrayList<TestCase>: FLIP3
I/qdhwcomposer(  267): validateAndApplyROI: Resetting ROI due to scaling
I/Class.FunctionName(25390): SGLayer.int addAnimation(SGAnimation anAnimation)
I/qdhwcomposer(  267): validateAndApplyROI: Resetting ROI due to scaling
I/qdhwcomposer(  267): validateAndApplyROI: Resetting ROI due to scaling
I/qdhwcomposer(  267): validateAndApplyROI: Resetting ROI due to scaling
I/System.out(25390): ArrayList<TestCase>: THROUGH
I/qdhwcomposer(  267): validateAndApplyROI: Resetting ROI due to scaling
I/Class.FunctionName(25390): SGLayer.int addAnimation(SGAnimation anAnimation)
I/qdhwcomposer(  267): validateAndApplyROI: Resetting ROI due to scaling
E/SMD     (  258): DCD OFF
I/qdhwcomposer(  267): validateAndApplyROI: Resetting ROI due to scaling
I/qdhwcomposer(  267): validateAndApplyROI: Resetting ROI due to scaling
I/qdhwcomposer(  267): validateAndApplyROI: Resetting ROI due to scaling
I/System.out(25390): ArrayList<TestCase>: WAVE
I/Core    (25390): SwapBuffer calculated FPS: 42.448471
I/qdhwcomposer(  267): validateAndApplyROI: Resetting ROI due to scaling
I/Class.FunctionName(25390): SGLayer.int addAnimation(SGAnimation anAnimation)
I/qdhwcomposer(  267): validateAndApplyROI: Resetting ROI due to scaling
I/qdhwcomposer(  267): validateAndApplyROI: Resetting ROI due to scaling
I/qdhwcomposer(  267): validateAndApplyROI: Resetting ROI due to scaling
I/qdhwcomposer(  267): validateAndApplyROI: Resetting ROI due to scaling
I/System.out(25390): ArrayList<TestCase>: GALLERY
I/Class.FunctionName(25390): SGLayer.int addAnimation(SGAnimation anAnimation)
I/qdhwcomposer(  267): validateAndApplyROI: Resetting ROI due to scaling
I/qdhwcomposer(  267): validateAndApplyROI: Resetting ROI due to scaling
I/qdhwcomposer(  267): validateAndApplyROI: Resetting ROI due to scaling
I/qdhwcomposer(  267): validateAndApplyROI: Resetting ROI due to scaling
I/System.out(25390): ArrayList<TestCase>: isInTransition
I/qdhwcomposer(  267): validateAndApplyROI: Resetting ROI due to scaling
I/Class.FunctionName(25390): SGLayer.int addAnimation(SGAnimation anAnimation)
I/qdhwcomposer(  267): validateAndApplyROI: Resetting ROI due to scaling
I/qdhwcomposer(  267): validateAndApplyROI: Resetting ROI due to scaling
I/qdhwcomposer(  267): validateAndApplyROI: Resetting ROI due to scaling
I/System.out(25390): ArrayList<TestCase>: CUBE2
I/qdhwcomposer(  267): validateAndApplyROI: Resetting ROI due to scaling
I/Class.FunctionName(25390): SGLayer.int addAnimation(SGAnimation anAnimation)
I/qdhwcomposer(  267): validateAndApplyROI: Resetting ROI due to scaling
I/qdhwcomposer(  267): validateAndApplyROI: Resetting ROI due to scaling
I/qdhwcomposer(  267): validateAndApplyROI: Resetting ROI due to scaling
I/qdhwcomposer(  267): validateAndApplyROI: Resetting ROI due to scaling
I/Core    (25390): SwapBuffer calculated FPS: 51.547104
I/System.out(25390): ArrayList<TestCase>: WIPE
I/qdhwcomposer(  267): validateAndApplyROI: Resetting ROI due to scaling
I/Class.FunctionName(25390): SGLayer.int addAnimation(SGAnimation anAnimation)
I/qdhwcomposer(  267): validateAndApplyROI: Resetting ROI due to scaling
I/qdhwcomposer(  267): validateAndApplyROI: Resetting ROI due to scaling
I/qdhwcomposer(  267): validateAndApplyROI: Resetting ROI due to scaling
I/qdhwcomposer(  267): validateAndApplyROI: Resetting ROI due to scaling
I/System.out(25390): ArrayList<TestCase>: FADE_IN_OUT
I/Class.FunctionName(25390): SGLayer.int addAnimation(SGAnimation anAnimation)
I/qdhwcomposer(  267): validateAndApplyROI: Resetting ROI due to scaling
I/qdhwcomposer(  267): validateAndApplyROI: Resetting ROI due to scaling
I/qdhwcomposer(  267): validateAndApplyROI: Resetting ROI due to scaling
I/qdhwcomposer(  267): validateAndApplyROI: Resetting ROI due to scaling
I/System.out(25390): ArrayList<TestCase>: CURTAIN
I/qdhwcomposer(  267): validateAndApplyROI: Resetting ROI due to scaling
I/Class.FunctionName(25390): SGLayer.int addAnimation(SGAnimation anAnimation)
I/qdhwcomposer(  267): validateAndApplyROI: Resetting ROI due to scaling
I/qdhwcomposer(  267): validateAndApplyROI: Resetting ROI due to scaling
I/qdhwcomposer(  267): validateAndApplyROI: Resetting ROI due to scaling
I/qdhwcomposer(  267): validateAndApplyROI: Resetting ROI due to scaling
I/System.out(25390): ArrayList<TestCase>: isInTransition
I/Class.FunctionName(25390): SGLayer.int addAnimation(SGAnimation anAnimation)
I/qdhwcomposer(  267): validateAndApplyROI: Resetting ROI due to scaling
I/qdhwcomposer(  267): validateAndApplyROI: Resetting ROI due to scaling
I/Core    (25390): SwapBuffer calculated FPS: 48.700829
I/System.out(25390): ArrayList<TestCase>: SCALE
I/qdhwcomposer(  267): validateAndApplyROI: Resetting ROI due to scaling
I/Class.FunctionName(25390): SGLayer.int addAnimation(SGAnimation anAnimation)
I/qdhwcomposer(  267): validateAndApplyROI: Resetting ROI due to scaling
I/qdhwcomposer(  267): validateAndApplyROI: Resetting ROI due to scaling
I/qdhwcomposer(  267): validateAndApplyROI: Resetting ROI due to scaling
I/qdhwcomposer(  267): validateAndApplyROI: Resetting ROI due to scaling
I/System.out(25390): ArrayList<TestCase>: THROUGH
I/Class.FunctionName(25390): SGLayer.int addAnimation(SGAnimation anAnimation)
I/qdhwcomposer(  267): validateAndApplyROI: Resetting ROI due to scaling
I/qdhwcomposer(  267): validateAndApplyROI: Resetting ROI due to scaling
I/qdhwcomposer(  267): validateAndApplyROI: Resetting ROI due to scaling
I/qdhwcomposer(  267): validateAndApplyROI: Resetting ROI due to scaling
I/qdhwcomposer(  267): validateAndApplyROI: Resetting ROI due to scaling
I/System.out(25390): ArrayList<TestCase>: ROTATE_CUBE
I/Class.FunctionName(25390): SGLayer.int addAnimation(SGAnimation anAnimation)
I/qdhwcomposer(  267): validateAndApplyROI: Resetting ROI due to scaling
I/qdhwcomposer(  267): validateAndApplyROI: Resetting ROI due to scaling
I/qdhwcomposer(  267): validateAndApplyROI: Resetting ROI due to scaling
I/System.out(25390): ArrayList<TestCase>: PIVOT
I/qdhwcomposer(  267): validateAndApplyROI: Resetting ROI due to scaling
I/qdhwcomposer(  267): validateAndApplyROI: Resetting ROI due to scaling
I/Class.FunctionName(25390): SGLayer.int addAnimation(SGAnimation anAnimation)
I/qdhwcomposer(  267): validateAndApplyROI: Resetting ROI due to scaling
I/qdhwcomposer(  267): validateAndApplyROI: Resetting ROI due to scaling
I/Core    (25390): SwapBuffer calculated FPS: 50.794735
I/qdhwcomposer(  267): validateAndApplyROI: Resetting ROI due to scaling
I/System.out(25390): ArrayList<TestCase>: overrideSourceTexture(SGProperty aProperty)
I/qdhwcomposer(  267): validateAndApplyROI: Resetting ROI due to scaling
I/qdhwcomposer(  267): validateAndApplyROI: Resetting ROI due to scaling
I/System.out(25390): ArrayList<TestCase>: WIPE
I/Class.FunctionName(25390): SGLayer.int addAnimation(SGAnimation anAnimation)
I/qdhwcomposer(  267): validateAndApplyROI: Resetting ROI due to scaling
I/qdhwcomposer(  267): validateAndApplyROI: Resetting ROI due to scaling
I/System.out(25390): ArrayList<TestCase>: PIVOT
I/Class.FunctionName(25390): SGLayer.int addAnimation(SGAnimation anAnimation)
I/MSM-irqbalance(  524): Decided to move IRQ166 from CPU4 to CPU6
I/qdhwcomposer(  267): validateAndApplyROI: Resetting ROI due to scaling
I/qdhwcomposer(  267): validateAndApplyROI: Resetting ROI due to scaling
I/qdhwcomposer(  267): validateAndApplyROI: Resetting ROI due to scaling
I/qdhwcomposer(  267): validateAndApplyROI: Resetting ROI due to scaling
I/qdhwcomposer(  267): validateAndApplyROI: Resetting ROI due to scaling
I/System.out(25390): ArrayList<TestCase>: GALLERY
I/Class.FunctionName(25390): SGLayer.int addAnimation(SGAnimation anAnimation)
I/qdhwcomposer(  267): validateAndApplyROI: Resetting ROI due to scaling
I/qdhwcomposer(  267): validateAndApplyROI: Resetting ROI due to scaling
I/qdhwcomposer(  267): validateAndApplyROI: Resetting ROI due to scaling
I/qdhwcomposer(  267): validateAndApplyROI: Resetting ROI due to scaling
I/System.out(25390): ArrayList<TestCase>: CURTAIN
I/qdhwcomposer(  267): validateAndApplyROI: Resetting ROI due to scaling
I/Class.FunctionName(25390): SGLayer.int addAnimation(SGAnimation anAnimation)
I/qdhwcomposer(  267): validateAndApplyROI: Resetting ROI due to scaling
I/Core    (25390): SwapBuffer calculated FPS: 42.812057
I/qdhwcomposer(  267): validateAndApplyROI: Resetting ROI due to scaling
I/qdhwcomposer(  267): validateAndApplyROI: Resetting ROI due to scaling
I/qdhwcomposer(  267): validateAndApplyROI: Resetting ROI due to scaling
I/System.out(25390): ArrayList<TestCase>: isInTransition
I/qdhwcomposer(  267): validateAndApplyROI: Resetting ROI due to scaling
I/Class.FunctionName(25390): SGLayer.int addAnimation(SGAnimation anAnimation)
I/System.out(25390): ArrayList<TestCase>: overrideTargetTexture(SGProperty aProperty)
I/qdhwcomposer(  267): validateAndApplyROI: Resetting ROI due to scaling
I/qdhwcomposer(  267): validateAndApplyROI: Resetting ROI due to scaling
I/qdhwcomposer(  267): validateAndApplyROI: Resetting ROI due to scaling
I/qdhwcomposer(  267): validateAndApplyROI: Resetting ROI due to scaling
I/System.out(25390): ArrayList<TestCase>: THROUGH
I/Class.FunctionName(25390): SGLayer.int addAnimation(SGAnimation anAnimation)
I/qdhwcomposer(  267): validateAndApplyROI: Resetting ROI due to scaling
I/qdhwcomposer(  267): validateAndApplyROI: Resetting ROI due to scaling
I/qdhwcomposer(  267): validateAndApplyROI: Resetting ROI due to scaling
I/qdhwcomposer(  267): validateAndApplyROI: Resetting ROI due to scaling
I/System.out(25390): ArrayList<TestCase>: overrideTargetTexture(SGProperty aProperty)
I/qdhwcomposer(  267): validateAndApplyROI: Resetting ROI due to scaling
I/qdhwcomposer(  267): validateAndApplyROI: Resetting ROI due to scaling
I/qdhwcomposer(  267): validateAndApplyROI: Resetting ROI due to scaling
I/qdhwcomposer(  267): validateAndApplyROI: Resetting ROI due to scaling
I/Core    (25390): SwapBuffer calculated FPS: 42.710278
I/System.out(25390): ArrayList<TestCase>: PIVOT
I/qdhwcomposer(  267): validateAndApplyROI: Resetting ROI due to scaling
I/Class.FunctionName(25390): SGLayer.int addAnimation(SGAnimation anAnimation)
I/qdhwcomposer(  267): validateAndApplyROI: Resetting ROI due to scaling
I/qdhwcomposer(  267): validateAndApplyROI: Resetting ROI due to scaling
I/qdhwcomposer(  267): validateAndApplyROI: Resetting ROI due to scaling
I/qdhwcomposer(  267): validateAndApplyROI: Resetting ROI due to scaling
I/qdhwcomposer(  267): validateAndApplyROI: Resetting ROI due to scaling
I/System.out(25390): ArrayList<TestCase>: WIPE
I/Class.FunctionName(25390): SGLayer.int addAnimation(SGAnimation anAnimation)
I/qdhwcomposer(  267): validateAndApplyROI: Resetting ROI due to scaling
I/qdhwcomposer(  267): validateAndApplyROI: Resetting ROI due to scaling
I/qdhwcomposer(  267): validateAndApplyROI: Resetting ROI due to scaling
I/qdhwcomposer(  267): validateAndApplyROI: Resetting ROI due to scaling
I/System.out(25390): ArrayList<TestCase>: FOLDING
I/Class.FunctionName(25390): SGLayer.int addAnimation(SGAnimation anAnimation)
I/qdhwcomposer(  267): validateAndApplyROI: Resetting ROI due to scaling
I/qdhwcomposer(  267): validateAndApplyROI: Resetting ROI due to scaling
I/qdhwcomposer(  267): validateAndApplyROI: Resetting ROI due to scaling
I/qdhwcomposer(  267): validateAndApplyROI: Resetting ROI due to scaling
I/qdhwcomposer(  267): validateAndApplyROI: Resetting ROI due to scaling
I/System.out(25390): ArrayList<TestCase>: isInTransition
I/Class.FunctionName(25390): SGLayer.int addAnimation(SGAnimation anAnimation)
I/qdhwcomposer(  267): validateAndApplyROI: Resetting ROI due to scaling
I/qdhwcomposer(  267): validateAndApplyROI: Resetting ROI due to scaling
I/System.out(25390): ArrayList<TestCase>: THROUGH
I/qdhwcomposer(  267): validateAndApplyROI: Resetting ROI due to scaling
I/Class.FunctionName(25390): SGLayer.int addAnimation(SGAnimation anAnimation)
I/qdhwcomposer(  267): validateAndApplyROI: Resetting ROI due to scaling
I/Core    (25390): SwapBuffer calculated FPS: 45.248962
I/qdhwcomposer(  267): validateAndApplyROI: Resetting ROI due to scaling
I/qdhwcomposer(  267): validateAndApplyROI: Resetting ROI due to scaling
I/System.out(25390): ArrayList<TestCase>: overrideSourceTexture(SGProperty aProperty)
I/qdhwcomposer(  267): validateAndApplyROI: Resetting ROI due to scaling
I/qdhwcomposer(  267): validateAndApplyROI: Resetting ROI due to scaling
I/System.out(25390): ArrayList<TestCase>: FADE_IN_OUT
I/Class.FunctionName(25390): SGLayer.int addAnimation(SGAnimation anAnimation)
I/qdhwcomposer(  267): validateAndApplyROI: Resetting ROI due to scaling
I/qdhwcomposer(  267): validateAndApplyROI: Resetting ROI due to scaling
I/System.out(25390): ArrayList<TestCase>: SCALE
I/qdhwcomposer(  267): validateAndApplyROI: Resetting ROI due to scaling
I/Class.FunctionName(25390): SGLayer.int addAnimation(SGAnimation anAnimation)
I/qdhwcomposer(  267): validateAndApplyROI: Resetting ROI due to scaling
I/qdhwcomposer(  267): validateAndApplyROI: Resetting ROI due to scaling
E/SMD     (  258): DCD OFF
I/qdhwcomposer(  267): validateAndApplyROI: Resetting ROI due to scaling
I/System.out(25390): ArrayList<TestCase>: PIVOT
I/Class.FunctionName(25390): SGLayer.int addAnimation(SGAnimation anAnimation)
I/qdhwcomposer(  267): validateAndApplyROI: Resetting ROI due to scaling
I/qdhwcomposer(  267): validateAndApplyROI: Resetting ROI due to scaling
I/qdhwcomposer(  267): validateAndApplyROI: Resetting ROI due to scaling
I/System.out(25390): ArrayList<TestCase>: ROTATE_CUBE
I/qdhwcomposer(  267): validateAndApplyROI: Resetting ROI due to scaling
I/Class.FunctionName(25390): SGLayer.int addAnimation(SGAnimation anAnimation)
I/qdhwcomposer(  267): validateAndApplyROI: Resetting ROI due to scaling
I/qdhwcomposer(  267): validateAndApplyROI: Resetting ROI due to scaling
I/qdhwcomposer(  267): validateAndApplyROI: Resetting ROI due to scaling
I/Core    (25390): SwapBuffer calculated FPS: 35.337288
I/qdhwcomposer(  267): validateAndApplyROI: Resetting ROI due to scaling
I/System.out(25390): ArrayList<TestCase>: WAVE
I/Class.FunctionName(25390): SGLayer.int addAnimation(SGAnimation anAnimation)
I/qdhwcomposer(  267): validateAndApplyROI: Resetting ROI due to scaling
I/qdhwcomposer(  267): validateAndApplyROI: Resetting ROI due to scaling
I/qdhwcomposer(  267): validateAndApplyROI: Resetting ROI due to scaling
I/qdhwcomposer(  267): validateAndApplyROI: Resetting ROI due to scaling
I/System.out(25390): ArrayList<TestCase>: overrideTargetTexture(SGProperty aProperty)
I/qdhwcomposer(  267): validateAndApplyROI: Resetting ROI due to scaling
I/qdhwcomposer(  267): validateAndApplyROI: Resetting ROI due to scaling
I/System.out(25390): ArrayList<TestCase>: CUBE2
I/Class.FunctionName(25390): SGLayer.int addAnimation(SGAnimation anAnimation)
I/qdhwcomposer(  267): validateAndApplyROI: Resetting ROI due to scaling
I/System.out(25390): ArrayList<TestCase>: overrideTargetTexture(SGProperty aProperty)
I/qdhwcomposer(  267): validateAndApplyROI: Resetting ROI due to scaling
I/qdhwcomposer(  267): validateAndApplyROI: Resetting ROI due to scaling
I/qdhwcomposer(  267): validateAndApplyROI: Resetting ROI due to scaling
I/qdhwcomposer(  267): validateAndApplyROI: Resetting ROI due to scaling
I/System.out(25390): ArrayList<TestCase>: WIPE
I/Class.FunctionName(25390): SGLayer.int addAnimation(SGAnimation anAnimation)
I/qdhwcomposer(  267): validateAndApplyROI: Resetting ROI due to scaling
I/qdhwcomposer(  267): validateAndApplyROI: Resetting ROI due to scaling
I/qdhwcomposer(  267): validateAndApplyROI: Resetting ROI due to scaling
I/Core    (25390): SwapBuffer calculated FPS: 37.991062
I/qdhwcomposer(  267): validateAndApplyROI: Resetting ROI due to scaling
I/System.out(25390): ArrayList<TestCase>: ROTATE_CUBE
I/Class.FunctionName(25390): SGLayer.int addAnimation(SGAnimation anAnimation)
I/qdhwcomposer(  267): validateAndApplyROI: Resetting ROI due to scaling
I/qdhwcomposer(  267): validateAndApplyROI: Resetting ROI due to scaling
I/qdhwcomposer(  267): validateAndApplyROI: Resetting ROI due to scaling
I/System.out(25390): ArrayList<TestCase>: FLIP3
I/Class.FunctionName(25390): SGLayer.int addAnimation(SGAnimation anAnimation)
I/qdhwcomposer(  267): validateAndApplyROI: Resetting ROI due to scaling
I/qdhwcomposer(  267): validateAndApplyROI: Resetting ROI due to scaling
I/qdhwcomposer(  267): validateAndApplyROI: Resetting ROI due to scaling
I/qdhwcomposer(  267): validateAndApplyROI: Resetting ROI due to scaling
I/qdhwcomposer(  267): validateAndApplyROI: Resetting ROI due to scaling
I/System.out(25390): ArrayList<TestCase>: GALLERY
I/Class.FunctionName(25390): SGLayer.int addAnimation(SGAnimation anAnimation)
I/qdhwcomposer(  267): validateAndApplyROI: Resetting ROI due to scaling
I/qdhwcomposer(  267): validateAndApplyROI: Resetting ROI due to scaling
I/qdhwcomposer(  267): validateAndApplyROI: Resetting ROI due to scaling
I/qdhwcomposer(  267): validateAndApplyROI: Resetting ROI due to scaling
I/System.out(25390): ArrayList<TestCase>: GALLERY
I/qdhwcomposer(  267): validateAndApplyROI: Resetting ROI due to scaling
I/Class.FunctionName(25390): SGLayer.int addAnimation(SGAnimation anAnimation)
I/qdhwcomposer(  267): validateAndApplyROI: Resetting ROI due to scaling
I/qdhwcomposer(  267): validateAndApplyROI: Resetting ROI due to scaling
D/SSRMv2  (  834): readSysfs:: path = /sys/devices/platform/sec-thermistor/temperature, result = 345
I/qdhwcomposer(  267): validateAndApplyROI: Resetting ROI due to scaling
D/SSRMv2  (  834): readSysfs:: path = /sys/class/power_supply/battery/current_avg, result = -1
D/SSRMv3:SsrmController(  834): SIOP:: AP = 340, CUR = -1
D/AmoledColorTune(  834): readSysfs:: path = /sys/class/power_supply/battery/temp, result = 280
D/AmoledColorTune(  834): prevTemp = 280, currTemp = 280, prevStep = 4, currStep = 4
I/qdhwcomposer(  267): validateAndApplyROI: Resetting ROI due to scaling
I/Core    (25390): SwapBuffer calculated FPS: 48.852631
I/System.out(25390): ArrayList<TestCase>: THROUGH
I/Class.FunctionName(25390): SGLayer.int addAnimation(SGAnimation anAnimation)
I/qdhwcomposer(  267): validateAndApplyROI: Resetting ROI due to scaling
I/qdhwcomposer(  267): validateAndApplyROI: Resetting ROI due to scaling
I/System.out(25390): ArrayList<TestCase>: CURTAIN
I/Class.FunctionName(25390): SGLayer.int addAnimation(SGAnimation anAnimation)
I/qdhwcomposer(  267): validateAndApplyROI: Resetting ROI due to scaling
I/qdhwcomposer(  267): validateAndApplyROI: Resetting ROI due to scaling
I/qdhwcomposer(  267): validateAndApplyROI: Resetting ROI due to scaling
I/qdhwcomposer(  267): validateAndApplyROI: Resetting ROI due to scaling
I/qdhwcomposer(  267): validateAndApplyROI: Resetting ROI due to scaling
I/System.out(25390): ArrayList<TestCase>: CURTAIN
I/qdhwcomposer(  267): validateAndApplyROI: Resetting ROI due to scaling
I/Class.FunctionName(25390): SGLayer.int addAnimation(SGAnimation anAnimation)
I/qdhwcomposer(  267): validateAndApplyROI: Resetting ROI due to scaling
I/qdhwcomposer(  267): validateAndApplyROI: Resetting ROI due to scaling
I/qdhwcomposer(  267): validateAndApplyROI: Resetting ROI due to scaling
I/System.out(25390): ArrayList<TestCase>: GALLERY
I/qdhwcomposer(  267): validateAndApplyROI: Resetting ROI due to scaling
I/Class.FunctionName(25390): SGLayer.int addAnimation(SGAnimation anAnimation)
I/System.out(25390): ArrayList<TestCase>: FADE_IN_OUT
I/Class.FunctionName(25390): SGLayer.int addAnimation(SGAnimation anAnimation)
I/qdhwcomposer(  267): validateAndApplyROI: Resetting ROI due to scaling
I/qdhwcomposer(  267): validateAndApplyROI: Resetting ROI due to scaling
I/qdhwcomposer(  267): validateAndApplyROI: Resetting ROI due to scaling
I/Core    (25390): SwapBuffer calculated FPS: 41.865685
I/qdhwcomposer(  267): validateAndApplyROI: Resetting ROI due to scaling
I/System.out(25390): ArrayList<TestCase>: THROUGH
I/Class.FunctionName(25390): SGLayer.int addAnimation(SGAnimation anAnimation)
I/qdhwcomposer(  267): validateAndApplyROI: Resetting ROI due to scaling
I/qdhwcomposer(  267): validateAndApplyROI: Resetting ROI due to scaling
I/qdhwcomposer(  267): validateAndApplyROI: Resetting ROI due to scaling
I/qdhwcomposer(  267): validateAndApplyROI: Resetting ROI due to scaling
I/qdhwcomposer(  267): validateAndApplyROI: Resetting ROI due to scaling
I/System.out(25390): ArrayList<TestCase>: overrideTargetTexture(SGProperty aProperty)
I/qdhwcomposer(  267): validateAndApplyROI: Resetting ROI due to scaling
I/System.out(25390): ArrayList<TestCase>: isInTransition
I/Class.FunctionName(25390): SGLayer.int addAnimation(SGAnimation anAnimation)
I/qdhwcomposer(  267): validateAndApplyROI: Resetting ROI due to scaling
I/qdhwcomposer(  267): validateAndApplyROI: Resetting ROI due to scaling
I/System.out(25390): ArrayList<TestCase>: overrideTargetTexture(SGProperty aProperty)
I/qdhwcomposer(  267): validateAndApplyROI: Resetting ROI due to scaling
I/qdhwcomposer(  267): validateAndApplyROI: Resetting ROI due to scaling
I/System.out(25390): ArrayList<TestCase>: PIVOT
I/Class.FunctionName(25390): SGLayer.int addAnimation(SGAnimation anAnimation)
I/qdhwcomposer(  267): validateAndApplyROI: Resetting ROI due to scaling
I/System.out(25390): ArrayList<TestCase>: isInTransition
I/Class.FunctionName(25390): SGLayer.int addAnimation(SGAnimation anAnimation)
I/qdhwcomposer(  267): validateAndApplyROI: Resetting ROI due to scaling
I/qdhwcomposer(  267): validateAndApplyROI: Resetting ROI due to scaling
I/qdhwcomposer(  267): validateAndApplyROI: Resetting ROI due to scaling
I/qdhwcomposer(  267): validateAndApplyROI: Resetting ROI due to scaling
I/System.out(25390): ArrayList<TestCase>: WIPE
I/qdhwcomposer(  267): validateAndApplyROI: Resetting ROI due to scaling
I/Class.FunctionName(25390): SGLayer.int addAnimation(SGAnimation anAnimation)
I/qdhwcomposer(  267): validateAndApplyROI: Resetting ROI due to scaling
I/qdhwcomposer(  267): validateAndApplyROI: Resetting ROI due to scaling
I/Core    (25390): SwapBuffer calculated FPS: 29.032677
I/qdhwcomposer(  267): validateAndApplyROI: Resetting ROI due to scaling
I/qdhwcomposer(  267): validateAndApplyROI: Resetting ROI due to scaling
I/System.out(25390): ArrayList<TestCase>: GALLERY
E/Watchdog(  834): !@Sync 7552
I/Class.FunctionName(25390): SGLayer.int addAnimation(SGAnimation anAnimation)
I/qdhwcomposer(  267): validateAndApplyROI: Resetting ROI due to scaling
I/qdhwcomposer(  267): validateAndApplyROI: Resetting ROI due to scaling
I/qdhwcomposer(  267): validateAndApplyROI: Resetting ROI due to scaling
I/qdhwcomposer(  267): validateAndApplyROI: Resetting ROI due to scaling
I/System.out(25390): ArrayList<TestCase>: CURTAIN
I/Class.FunctionName(25390): SGLayer.int addAnimation(SGAnimation anAnimation)
I/qdhwcomposer(  267): validateAndApplyROI: Resetting ROI due to scaling
I/qdhwcomposer(  267): validateAndApplyROI: Resetting ROI due to scaling
I/qdhwcomposer(  267): validateAndApplyROI: Resetting ROI due to scaling
I/qdhwcomposer(  267): validateAndApplyROI: Resetting ROI due to scaling
I/System.out(25390): ArrayList<TestCase>: isInTransition
I/Class.FunctionName(25390): SGLayer.int addAnimation(SGAnimation anAnimation)
I/qdhwcomposer(  267): validateAndApplyROI: Resetting ROI due to scaling
I/qdhwcomposer(  267): validateAndApplyROI: Resetting ROI due to scaling
I/qdhwcomposer(  267): validateAndApplyROI: Resetting ROI due to scaling
I/qdhwcomposer(  267): validateAndApplyROI: Resetting ROI due to scaling
I/System.out(25390): ArrayList<TestCase>: FLIP3
I/Class.FunctionName(25390): SGLayer.int addAnimation(SGAnimation anAnimation)
I/qdhwcomposer(  267): validateAndApplyROI: Resetting ROI due to scaling
I/qdhwcomposer(  267): validateAndApplyROI: Resetting ROI due to scaling
I/qdhwcomposer(  267): validateAndApplyROI: Resetting ROI due to scaling
I/Core    (25390): SwapBuffer calculated FPS: 47.443001
I/qdhwcomposer(  267): validateAndApplyROI: Resetting ROI due to scaling
I/System.out(25390): ArrayList<TestCase>: isInTransition
I/Class.FunctionName(25390): SGLayer.int addAnimation(SGAnimation anAnimation)
I/qdhwcomposer(  267): validateAndApplyROI: Resetting ROI due to scaling
I/qdhwcomposer(  267): validateAndApplyROI: Resetting ROI due to scaling
I/qdhwcomposer(  267): validateAndApplyROI: Resetting ROI due to scaling
I/qdhwcomposer(  267): validateAndApplyROI: Resetting ROI due to scaling
I/System.out(25390): ArrayList<TestCase>: WAVE
I/Class.FunctionName(25390): SGLayer.int addAnimation(SGAnimation anAnimation)
I/qdhwcomposer(  267): validateAndApplyROI: Resetting ROI due to scaling
I/qdhwcomposer(  267): validateAndApplyROI: Resetting ROI due to scaling
I/qdhwcomposer(  267): validateAndApplyROI: Resetting ROI due to scaling
I/System.out(25390): ArrayList<TestCase>: COVER_WITH_NEXT_PAGE
I/Class.FunctionName(25390): SGLayer.int addAnimation(SGAnimation anAnimation)
I/qdhwcomposer(  267): validateAndApplyROI: Resetting ROI due to scaling
I/qdhwcomposer(  267): validateAndApplyROI: Resetting ROI due to scaling
E/SMD     (  258): DCD OFF
I/qdhwcomposer(  267): validateAndApplyROI: Resetting ROI due to scaling
I/qdhwcomposer(  267): validateAndApplyROI: Resetting ROI due to scaling
I/System.out(25390): ArrayList<TestCase>: isInTransition
I/qdhwcomposer(  267): validateAndApplyROI: Resetting ROI due to scaling
I/Class.FunctionName(25390): SGLayer.int addAnimation(SGAnimation anAnimation)
I/qdhwcomposer(  267): validateAndApplyROI: Resetting ROI due to scaling
I/qdhwcomposer(  267): validateAndApplyROI: Resetting ROI due to scaling
I/qdhwcomposer(  267): validateAndApplyROI: Resetting ROI due to scaling
I/qdhwcomposer(  267): validateAndApplyROI: Resetting ROI due to scaling
I/System.out(25390): ArrayList<TestCase>: WIPE
I/Core    (25390): SwapBuffer calculated FPS: 45.251823
I/qdhwcomposer(  267): validateAndApplyROI: Resetting ROI due to scaling
I/Class.FunctionName(25390): SGLayer.int addAnimation(SGAnimation anAnimation)
I/qdhwcomposer(  267): validateAndApplyROI: Resetting ROI due to scaling
I/qdhwcomposer(  267): validateAndApplyROI: Resetting ROI due to scaling
I/qdhwcomposer(  267): validateAndApplyROI: Resetting ROI due to scaling
I/System.out(25390): ArrayList<TestCase>: WAVE
I/qdhwcomposer(  267): validateAndApplyROI: Resetting ROI due to scaling
I/Class.FunctionName(25390): SGLayer.int addAnimation(SGAnimation anAnimation)
I/qdhwcomposer(  267): validateAndApplyROI: Resetting ROI due to scaling
I/qdhwcomposer(  267): validateAndApplyROI: Resetting ROI due to scaling
I/qdhwcomposer(  267): validateAndApplyROI: Resetting ROI due to scaling
I/qdhwcomposer(  267): validateAndApplyROI: Resetting ROI due to scaling
I/System.out(25390): ArrayList<TestCase>: isInTransition
I/qdhwcomposer(  267): validateAndApplyROI: Resetting ROI due to scaling
I/Class.FunctionName(25390): SGLayer.int addAnimation(SGAnimation anAnimation)
I/qdhwcomposer(  267): validateAndApplyROI: Resetting ROI due to scaling
I/qdhwcomposer(  267): validateAndApplyROI: Resetting ROI due to scaling
I/qdhwcomposer(  267): validateAndApplyROI: Resetting ROI due to scaling
I/System.out(25390): ArrayList<TestCase>: CURVE
I/Class.FunctionName(25390): SGLayer.int addAnimation(SGAnimation anAnimation)
I/qdhwcomposer(  267): validateAndApplyROI: Resetting ROI due to scaling
I/qdhwcomposer(  267): validateAndApplyROI: Resetting ROI due to scaling
I/qdhwcomposer(  267): validateAndApplyROI: Resetting ROI due to scaling
I/Core    (25390): SwapBuffer calculated FPS: 50.438309
I/System.out(25390): ArrayList<TestCase>: SCALE
I/qdhwcomposer(  267): validateAndApplyROI: Resetting ROI due to scaling
I/Class.FunctionName(25390): SGLayer.int addAnimation(SGAnimation anAnimation)
I/qdhwcomposer(  267): validateAndApplyROI: Resetting ROI due to scaling
I/qdhwcomposer(  267): validateAndApplyROI: Resetting ROI due to scaling
I/System.out(25390): ArrayList<TestCase>: THROUGH
I/Class.FunctionName(25390): SGLayer.int addAnimation(SGAnimation anAnimation)
I/qdhwcomposer(  267): validateAndApplyROI: Resetting ROI due to scaling
I/qdhwcomposer(  267): validateAndApplyROI: Resetting ROI due to scaling
I/qdhwcomposer(  267): validateAndApplyROI: Resetting ROI due to scaling
I/qdhwcomposer(  267): validateAndApplyROI: Resetting ROI due to scaling
I/System.out(25390): ArrayList<TestCase>: PIVOT
I/Class.FunctionName(25390): SGLayer.int addAnimation(SGAnimation anAnimation)
I/qdhwcomposer(  267): validateAndApplyROI: Resetting ROI due to scaling
I/qdhwcomposer(  267): validateAndApplyROI: Resetting ROI due to scaling
I/qdhwcomposer(  267): validateAndApplyROI: Resetting ROI due to scaling
I/qdhwcomposer(  267): validateAndApplyROI: Resetting ROI due to scaling
I/System.out(25390): ArrayList<TestCase>: overrideSourceTexture(SGProperty aProperty)
I/qdhwcomposer(  267): validateAndApplyROI: Resetting ROI due to scaling
I/qdhwcomposer(  267): validateAndApplyROI: Resetting ROI due to scaling
I/qdhwcomposer(  267): validateAndApplyROI: Resetting ROI due to scaling
I/qdhwcomposer(  267): validateAndApplyROI: Resetting ROI due to scaling
I/System.out(25390): ArrayList<TestCase>: CURTAIN
I/qdhwcomposer(  267): validateAndApplyROI: Resetting ROI due to scaling
I/Class.FunctionName(25390): SGLayer.int addAnimation(SGAnimation anAnimation)
I/qdhwcomposer(  267): validateAndApplyROI: Resetting ROI due to scaling
I/qdhwcomposer(  267): validateAndApplyROI: Resetting ROI due to scaling
I/Core    (25390): SwapBuffer calculated FPS: 42.003956
I/qdhwcomposer(  267): validateAndApplyROI: Resetting ROI due to scaling
I/System.out(25390): ArrayList<TestCase>: ROTATE_CUBE
I/qdhwcomposer(  267): validateAndApplyROI: Resetting ROI due to scaling
I/Class.FunctionName(25390): SGLayer.int addAnimation(SGAnimation anAnimation)
I/qdhwcomposer(  267): validateAndApplyROI: Resetting ROI due to scaling
I/qdhwcomposer(  267): validateAndApplyROI: Resetting ROI due to scaling
I/qdhwcomposer(  267): validateAndApplyROI: Resetting ROI due to scaling
I/System.out(25390): ArrayList<TestCase>: FOLDING
I/Class.FunctionName(25390): SGLayer.int addAnimation(SGAnimation anAnimation)
I/qdhwcomposer(  267): validateAndApplyROI: Resetting ROI due to scaling
I/qdhwcomposer(  267): validateAndApplyROI: Resetting ROI due to scaling
I/qdhwcomposer(  267): validateAndApplyROI: Resetting ROI due to scaling
I/System.out(25390): ArrayList<TestCase>: overrideSourceTexture(SGProperty aProperty)
I/qdhwcomposer(  267): validateAndApplyROI: Resetting ROI due to scaling
I/qdhwcomposer(  267): validateAndApplyROI: Resetting ROI due to scaling
I/qdhwcomposer(  267): validateAndApplyROI: Resetting ROI due to scaling
I/qdhwcomposer(  267): validateAndApplyROI: Resetting ROI due to scaling
I/System.out(25390): ArrayList<TestCase>: ROTATE_CUBE
I/qdhwcomposer(  267): validateAndApplyROI: Resetting ROI due to scaling
I/Class.FunctionName(25390): SGLayer.int addAnimation(SGAnimation anAnimation)
I/qdhwcomposer(  267): validateAndApplyROI: Resetting ROI due to scaling
I/qdhwcomposer(  267): validateAndApplyROI: Resetting ROI due to scaling
I/Core    (25390): SwapBuffer calculated FPS: 49.134068
I/qdhwcomposer(  267): validateAndApplyROI: Resetting ROI due to scaling
I/qdhwcomposer(  267): validateAndApplyROI: Resetting ROI due to scaling
I/System.out(25390): ArrayList<TestCase>: CURVE
I/qdhwcomposer(  267): validateAndApplyROI: Resetting ROI due to scaling
I/Class.FunctionName(25390): SGLayer.int addAnimation(SGAnimation anAnimation)
I/qdhwcomposer(  267): validateAndApplyROI: Resetting ROI due to scaling
I/qdhwcomposer(  267): validateAndApplyROI: Resetting ROI due to scaling
I/System.out(25390): ArrayList<TestCase>: FADE_IN_OUT
I/Class.FunctionName(25390): SGLayer.int addAnimation(SGAnimation anAnimation)
I/qdhwcomposer(  267): validateAndApplyROI: Resetting ROI due to scaling
I/qdhwcomposer(  267): validateAndApplyROI: Resetting ROI due to scaling
I/System.out(25390): ArrayList<TestCase>: isInTransition
I/qdhwcomposer(  267): validateAndApplyROI: Resetting ROI due to scaling
I/Class.FunctionName(25390): SGLayer.int addAnimation(SGAnimation anAnimation)
I/qdhwcomposer(  267): validateAndApplyROI: Resetting ROI due to scaling
I/qdhwcomposer(  267): validateAndApplyROI: Resetting ROI due to scaling
I/qdhwcomposer(  267): validateAndApplyROI: Resetting ROI due to scaling
I/System.out(25390): ArrayList<TestCase>: WAVE
I/Class.FunctionName(25390): SGLayer.int addAnimation(SGAnimation anAnimation)
I/qdhwcomposer(  267): validateAndApplyROI: Resetting ROI due to scaling
I/qdhwcomposer(  267): validateAndApplyROI: Resetting ROI due to scaling
I/qdhwcomposer(  267): validateAndApplyROI: Resetting ROI due to scaling
I/qdhwcomposer(  267): validateAndApplyROI: Resetting ROI due to scaling
I/qdhwcomposer(  267): validateAndApplyROI: Resetting ROI due to scaling
I/System.out(25390): ArrayList<TestCase>: COVER_WITH_NEXT_PAGE
I/Class.FunctionName(25390): SGLayer.int addAnimation(SGAnimation anAnimation)
I/qdhwcomposer(  267): validateAndApplyROI: Resetting ROI due to scaling
I/qdhwcomposer(  267): validateAndApplyROI: Resetting ROI due to scaling
I/Core    (25390): SwapBuffer calculated FPS: 38.959671
I/qdhwcomposer(  267): validateAndApplyROI: Resetting ROI due to scaling
I/qdhwcomposer(  267): validateAndApplyROI: Resetting ROI due to scaling
I/System.out(25390): ArrayList<TestCase>: GALLERY
I/Class.FunctionName(25390): SGLayer.int addAnimation(SGAnimation anAnimation)
I/qdhwcomposer(  267): validateAndApplyROI: Resetting ROI due to scaling
I/qdhwcomposer(  267): validateAndApplyROI: Resetting ROI due to scaling
D/BatteryService(  834): level:100, scale:100, status:5, health:2, present:true, voltage: 4327, temperature: 282, technology: Li-ion, AC powered:false, USB powered:true, Wireless powered:false, icon:17303689, invalid charger:0, online:4, current avg:-1, charge type:1, power sharing:false, high voltage charger:false, capacity:280000, current_now:-1
D/BatteryService(  834): Sending ACTION_BATTERY_CHANGED.
D/KeyguardUpdateMonitor( 1078): received broadcast android.intent.action.BATTERY_CHANGED
D/KeyguardUpdateMonitor( 1078): handleBatteryUpdate
D/KeyguardFestivalEffect( 1078): onReceive: android.intent.action.BATTERY_CHANGED
D/UiModeManager(  834): mCoverManager.getCoverState() : true
D/STATUSBAR-PhoneStatusBar( 1078):  mBrightnessEnablebySettings = true mBrightnessEnablebyBattery = true mBrightnessEnablebyDisableFlag = true mPmsBrightnessEnablebySettings = true
D/BatteryMeterView( 1078): ACTION_BATTERY_CHANGED : level:100 status:5 health:2isPlug: true
I/qdhwcomposer(  267): validateAndApplyROI: Resetting ROI due to scaling
D/CoverBroadcastManager( 2581): onReceive : action = android.intent.action.BATTERY_CHANGED
D/STATUSBAR-IconMerger( 1078): checkOverflow(1368), More:false, Req:false Child:5
I/System.out(25390): ArrayList<TestCase>: overrideTargetTexture(SGProperty aProperty)
I/qdhwcomposer(  267): validateAndApplyROI: Resetting ROI due to scaling
I/qdhwcomposer(  267): validateAndApplyROI: Resetting ROI due to scaling
I/System.out(25390): ArrayList<TestCase>: FOLDING
I/Class.FunctionName(25390): SGLayer.int addAnimation(SGAnimation anAnimation)
I/qdhwcomposer(  267): validateAndApplyROI: Resetting ROI due to scaling
I/qdhwcomposer(  267): validateAndApplyROI: Resetting ROI due to scaling
I/System.out(25390): ArrayList<TestCase>: WIPE
I/Class.FunctionName(25390): SGLayer.int addAnimation(SGAnimation anAnimation)
I/qdhwcomposer(  267): validateAndApplyROI: Resetting ROI due to scaling
I/qdhwcomposer(  267): validateAndApplyROI: Resetting ROI due to scaling
I/qdhwcomposer(  267): validateAndApplyROI: Resetting ROI due to scaling
I/qdhwcomposer(  267): validateAndApplyROI: Resetting ROI due to scaling
I/System.out(25390): ArrayList<TestCase>: ROTATE_CUBE
I/Class.FunctionName(25390): SGLayer.int addAnimation(SGAnimation anAnimation)
I/qdhwcomposer(  267): validateAndApplyROI: Resetting ROI due to scaling
I/qdhwcomposer(  267): validateAndApplyROI: Resetting ROI due to scaling
I/Core    (25390): SwapBuffer calculated FPS: 37.769917
I/qdhwcomposer(  267): validateAndApplyROI: Resetting ROI due to scaling
I/System.out(25390): ArrayList<TestCase>: CURTAIN
I/qdhwcomposer(  267): validateAndApplyROI: Resetting ROI due to scaling
I/Class.FunctionName(25390): SGLayer.int addAnimation(SGAnimation anAnimation)
I/qdhwcomposer(  267): validateAndApplyROI: Resetting ROI due to scaling
I/qdhwcomposer(  267): validateAndApplyROI: Resetting ROI due to scaling
I/qdhwcomposer(  267): validateAndApplyROI: Resetting ROI due to scaling
I/qdhwcomposer(  267): validateAndApplyROI: Resetting ROI due to scaling
I/System.out(25390): ArrayList<TestCase>: CURVE
I/qdhwcomposer(  267): validateAndApplyROI: Resetting ROI due to scaling
I/qdhwcomposer(  267): validateAndApplyROI: Resetting ROI due to scaling
I/Class.FunctionName(25390): SGLayer.int addAnimation(SGAnimation anAnimation)
I/qdhwcomposer(  267): validateAndApplyROI: Resetting ROI due to scaling
I/qdhwcomposer(  267): validateAndApplyROI: Resetting ROI due to scaling
I/System.out(25390): ArrayList<TestCase>: CUBE2
I/qdhwcomposer(  267): validateAndApplyROI: Resetting ROI due to scaling
I/Class.FunctionName(25390): SGLayer.int addAnimation(SGAnimation anAnimation)
I/qdhwcomposer(  267): validateAndApplyROI: Resetting ROI due to scaling
I/qdhwcomposer(  267): validateAndApplyROI: Resetting ROI due to scaling
I/qdhwcomposer(  267): validateAndApplyROI: Resetting ROI due to scaling
I/System.out(25390): ArrayList<TestCase>: PIVOT
I/qdhwcomposer(  267): validateAndApplyROI: Resetting ROI due to scaling
I/Class.FunctionName(25390): SGLayer.int addAnimation(SGAnimation anAnimation)
I/Core    (25390): SwapBuffer calculated FPS: 46.281052
I/System.out(25390): ArrayList<TestCase>: isInTransition
I/Class.FunctionName(25390): SGLayer.int addAnimation(SGAnimation anAnimation)
I/qdhwcomposer(  267): validateAndApplyROI: Resetting ROI due to scaling
I/qdhwcomposer(  267): validateAndApplyROI: Resetting ROI due to scaling
E/SMD     (  258): DCD OFF
I/qdhwcomposer(  267): validateAndApplyROI: Resetting ROI due to scaling
I/System.out(25390): ArrayList<TestCase>: FOLDING
I/qdhwcomposer(  267): validateAndApplyROI: Resetting ROI due to scaling
I/Class.FunctionName(25390): SGLayer.int addAnimation(SGAnimation anAnimation)
I/qdhwcomposer(  267): validateAndApplyROI: Resetting ROI due to scaling
I/qdhwcomposer(  267): validateAndApplyROI: Resetting ROI due to scaling
I/qdhwcomposer(  267): validateAndApplyROI: Resetting ROI due to scaling
I/qdhwcomposer(  267): validateAndApplyROI: Resetting ROI due to scaling
I/System.out(25390): ArrayList<TestCase>: isInTransition
I/Class.FunctionName(25390): SGLayer.int addAnimation(SGAnimation anAnimation)
I/qdhwcomposer(  267): validateAndApplyROI: Resetting ROI due to scaling
I/qdhwcomposer(  267): validateAndApplyROI: Resetting ROI due to scaling
I/qdhwcomposer(  267): validateAndApplyROI: Resetting ROI due to scaling
I/System.out(25390): ArrayList<TestCase>: ROTATE_CUBE
I/Class.FunctionName(25390): SGLayer.int addAnimation(SGAnimation anAnimation)
I/qdhwcomposer(  267): validateAndApplyROI: Resetting ROI due to scaling
I/qdhwcomposer(  267): validateAndApplyROI: Resetting ROI due to scaling
I/qdhwcomposer(  267): validateAndApplyROI: Resetting ROI due to scaling
I/Core    (25390): SwapBuffer calculated FPS: 53.504921
