I/ActivityManager( 3036): Start proc com.samsung.helphub for broadcast com.samsung.helphub/.broadcast.HelpHubBroadcastReceiver: pid=25794 uid=1000 gids={41000, 3002, 3001, 1023, 1007, 3003, 1028, 1015, 3004, 3005, 2001, 1001, 1024}
D/dalvikvm(25738): Added shared lib /data/app-lib/com.samsung.demo.wbtatransitioneffect-21/libSgi.so 0x429efe30
D/SGAssetRenderDataProvider(25738): shaders path: 'Shaders/', binary shader programs support: enabled
I/SGI     (25738): Sgi version 2.0.0 Build type: 32bit Release Build date: 02.04.2015 Build number: 1845
I/VIEngineStartupAndroid(25738): ApplicationContext obtained
W/dalvikvm(25738): dvmFindClassByName rejecting 'com/samsung/android/sdk/sgi/runtime/SGInvokerAndroid'
W/dalvikvm(25738): dvmFindClassByName rejecting 'com/samsung/android/sdk/sgi/runtime/SGTimerAndroid'
W/ApplicationPackageManager(25738): getCSCPackageItemText()
W/ContextImpl(25753): Calling a method in the system process without a qualified user: android.app.ContextImpl.sendBroadcast:1467 android.content.ContextWrapper.sendBroadcast:377 com.samsung.android.app.filterinstaller.FilterUninstaller.uninstallFilters:43 com.samsung.android.app.filterinstaller.FilterPackageService$ServiceHandler.handleMessage:130 android.os.Handler.dispatchMessage:102 
I/AndroidRuntime(25753): VM exiting with result code 0, cleanup skipped.
I/SELinux (25809): Function: selinux_android_load_priority [0], There is no sepolicy file.
I/SELinux (25809):  
I/SELinux (25809): Function: selinux_android_load_priority [1], There is no sepolicy version file.
I/SELinux (25809):  
I/SELinux (25809): Function: selinux_android_load_priority , loading version is VE=SEPF_GT-I9500_4.4.2_0005
I/SELinux (25809):  
I/SELinux (25809):  
I/SELinux (25809): selinux_android_seapp_context_reload: seapp_contexts file is loaded from /seapp_contexts
I/ActivityManager( 3036): Start proc com.sec.android.app.controlpanel for broadcast com.sec.android.app.controlpanel/.PackageIntentReceiver: pid=25809 uid=10118 gids={50118, 1028, 1015}
I/ActivityManager( 3036): Process com.samsung.android.app.filterinstaller (pid 25753) (adj 0) has died.
E/dalvikvm(25738): 25738(com.samsung.demo.wbtatransitioneffect) stat: (e)   69  1046KB / (c)    0     0KB / (a)    1   317KB / (h)  2008KB  2232KB   223KB
D/dalvikvm(25738): GC_FOR_ALLOC freed 317K, 10% free 18760K/20704K, paused 16ms, total 16ms
E/dalvikvm( 2553): 2553(zygote) stat: (e)   70  1090KB / (c)    0     0KB / (a)    0     0KB / (h)    10KB    24KB    13KB
D/dalvikvm( 2553): GC_EXPLICIT freed 44K, 10% free 16762K/18440K, paused 2ms+3ms, total 27ms
E/dalvikvm( 2553): 2553(zygote) stat: (e)   71  1091KB / (c)    0     0KB / (a)    0     0KB / (h)    10KB    24KB    13KB
D/dalvikvm( 2553): GC_EXPLICIT freed <1K, 10% free 16762K/18440K, paused 2ms+2ms, total 16ms
E/dalvikvm( 2553): 2553(zygote) stat: (e)   72  1091KB / (c)    0     0KB / (a)    0     0KB / (h)    10KB    24KB    13KB
D/dalvikvm( 2553): GC_EXPLICIT freed <1K, 10% free 16762K/18440K, paused 2ms+2ms, total 17ms
V/PackageIntentReceiver(25809): onReceive() intent:Intent { act=android.intent.action.PACKAGE_REMOVED dat=package:com.samsung.demo.wbtatransitioneffect flg=0x4000010 cmp=com.sec.android.app.controlpanel/.PackageIntentReceiver (has extras) } pkg:com.samsung.demo.wbtatransitioneffect action:android.intent.action.PACKAGE_REMOVED
I/SELinux (25822): Function: selinux_android_load_priority [0], There is no sepolicy file.
I/SELinux (25822):  
I/SELinux (25822): Function: selinux_android_load_priority [1], There is no sepolicy version file.
I/SELinux (25822):  
I/SELinux (25822): Function: selinux_android_load_priority , loading version is VE=SEPF_GT-I9500_4.4.2_0005
I/SELinux (25822):  
I/SELinux (25822):  
I/SELinux (25822): selinux_android_seapp_context_reload: seapp_contexts file is loaded from /seapp_contexts
I/ActivityManager( 3036): Start proc com.android.keychain for broadcast com.android.keychain/.KeyChainBroadcastReceiver: pid=25822 uid=1000 gids={41000, 3002, 3001, 1023, 1007, 3003, 1028, 1015, 3004, 3005, 2001, 1001, 1024}
I/ApplicationUsage( 3036): Done Updating Usage Statistics in DB @ 1428055721943
I/WBTATransitionEffect :: (25738): create file 'resultFile'- /storage/emulated/0/OpenSDKDemo/WBTATransitionEffect/WBTATransitionEffect_2015-04-03_13-08-41.txt
I/WBTATransitionEffect :: (25738): /storage/emulated/0/OpenSDKDemo/WBTATransitionEffect/WBTATransitionEffect_2015-04-03_13-08-41.html
I/CreatorHTML(25738):  ---- read file /storage/emulated/0/OpenSDKDemo/WBTATransitionEffect/auto.txt
W/ContextImpl(25822): Calling a method in the system process without a qualified user: android.app.ContextImpl.startService:1823 android.content.ContextWrapper.startService:506 android.content.ContextWrapper.startService:506 com.android.keychain.KeyChainBroadcastReceiver.onReceive:12 android.app.ActivityThread.handleReceiver:2552 
I/System.out(25738): ArrayList<TestCase>: Len=17
I/System.out(25738): ArrayList<TestCase>: overrideSourceTexture(SGProperty aProperty)
I/SELinux (25837): Function: selinux_android_load_priority [0], There is no sepolicy file.
I/SELinux (25837):  
I/SELinux (25837): Function: selinux_android_load_priority [1], There is no sepolicy version file.
I/SELinux (25837):  
I/SELinux (25837): Function: selinux_android_load_priority , loading version is VE=SEPF_GT-I9500_4.4.2_0005
I/SELinux (25837):  
I/SELinux (25837):  
I/SELinux (25837): selinux_android_seapp_context_reload: seapp_contexts file is loaded from /seapp_contexts
D/AbsListView(25738): onVisibilityChanged() is called, visibility : 4
D/AbsListView(25738): unregisterIRListener() is called 
D/AbsListView(25738): onVisibilityChanged() is called, visibility : 4
D/AbsListView(25738): unregisterIRListener() is called 
I/ActivityManager( 3036): Start proc com.google.android.apps.plus for broadcast com.google.android.apps.plus/.service.PackagesMediaMonitor: pid=25837 uid=10146 gids={50146, 3003, 3002, 1028, 1015}
D/InputTransport( 3036): Input channel constructed: name='44a85898 com.samsung.demo.wbtatransitioneffect/com.samsung.demo.wbtatransitioneffect.OpenSDKDemoActivity (server)', fd=458
D/InputTransport( 3036): Input channel constructed: name='44a85898 com.samsung.demo.wbtatransitioneffect/com.samsung.demo.wbtatransitioneffect.OpenSDKDemoActivity (client)', fd=459
D/InputTransport( 3036): Input channel destroyed: name='44a85898 com.samsung.demo.wbtatransitioneffect/com.samsung.demo.wbtatransitioneffect.OpenSDKDemoActivity (client)', fd=459
D/InputTransport(25738): Input channel constructed: name='44a85898 com.samsung.demo.wbtatransitioneffect/com.samsung.demo.wbtatransitioneffect.OpenSDKDemoActivity (client)', fd=55
D/AbsListView(25738): onVisibilityChanged() is called, visibility : 0
D/AbsListView(25738): unregisterIRListener() is called 
D/AbsListView(25738): onVisibilityChanged() is called, visibility : 0
D/AbsListView(25738): unregisterIRListener() is called 
D/AbsListView(25738): unregisterIRListener() is called 
D/AbsListView(25738): unregisterIRListener() is called 
I/SurfaceFlinger( 2552): id=200 createSurf (1x1),1 flag=4, com.samsung.demo.wbtatransitioneffect/com.samsung.demo.wbtatransitioneffect.OpenSDKDemoActivity
I/SpenGestureManager( 3036): setFocusWindow21010
D/InputDispatcher( 3036): Focus entered window: Window{44a85898 u0 com.samsung.demo.wbtatransitioneffect/com.samsung.demo.wbtatransitioneffect.OpenSDKDemoActivity}
D/PointerIcon( 3036): setMouseIconStyle1 pointerType: 1001iconType:101 flag:0
D/PointerIcon( 3036): setMouseCustomIcon IconType is same.101
D/PointerIcon( 3036): setHoveringSpenIconStyle1 pointerType: 10001iconType:1 flag:0
D/PointerIcon( 3036): setHoveringSpenCustomIcon IconType is same.1
D/AbsListView(25738): unregisterIRListener() is called 
D/AbsListView(25738): unregisterIRListener() is called 
I/SurfaceFlinger( 2552): id=201 createSurf (960x885),1 flag=4, SurfaceView
W/SGI     (25738): attachToNativeWindow wind=0x73907080
I/System.out(25738): ArrayList<TestCase>: overrideTargetTexture(SGProperty aProperty)
I/Core    (25738): EGL_CLIENT_APIS = OpenGL_ES
I/Core    (25738): EGL_VENDOR = Android
I/Core    (25738): EGL_VERSION = 1.4 Android META-EGL
I/Core    (25738): EGL_EXTENSIONS = EGL_KHR_get_all_proc_addresses EGL_ANDROID_presentation_time EGL_KHR_image EGL_KHR_image_base EGL_KHR_gl_texture_2D_image EGL_KHR_gl_texture_cubemap_image EGL_KHR_gl_renderbuffer_image EGL_KHR_fence_sync EGL_ANDROID_image_native_buffer EGL_ANDROID_recordable 
I/Core    (25738): EGL: EGL_SEC_set_dirtyrect: inactive (disabled)
I/Core    (25738): EGL: egl_GVR_FrontBuffer: not found [0x0]
I/Core    (25738): EGL: EGL_SEC_getClientBufferForFrontBuffer: not found [0x0]
I/Core    (25738): EGL: Chosen config: {R8 G8 B8 A8} {D24 S8} MS{0 0} SURF=0x5 id=0x11 [metric: 8]
D/dalvikvm(25837): No JNI_OnLoad found in /system/lib/libplus_jni_v8.so 0x429ef768, skipping init
I/System.out(25738): ArrayList<TestCase>: THROUGH
E/dalvikvm(25738): 25738(com.samsung.demo.wbtatransitioneffect) stat: (e)   69  1046KB / (c)    1   251KB / (a)    1   317KB / (h)  3690KB  3920KB   229KB
D/dalvikvm(25738): GC_CONCURRENT freed 251K, 9% free 20442K/22320K, paused 3ms+2ms, total 17ms
W/EDMNativeHelper( 2545): EDMNativeHelperService is published
I/SELinux (25856): Function: selinux_android_load_priority [0], There is no sepolicy file.
I/SELinux (25856):  
I/SELinux (25856): Function: selinux_android_load_priority [1], There is no sepolicy version file.
I/SELinux (25856):  
I/SELinux (25856): Function: selinux_android_load_priority , loading version is VE=SEPF_GT-I9500_4.4.2_0005
I/SELinux (25856):  
I/SELinux (25856):  
I/SELinux (25856): selinux_android_seapp_context_reload: seapp_contexts file is loaded from /seapp_contexts
I/ActivityManager( 3036): Start proc com.sec.everglades for broadcast com.sec.everglades/.manager.install.PackageAddRemoveReceiver: pid=25856 uid=10162 gids={50162, 3003, 1028, 1015}
D/AbsListView(25738): unregisterIRListener() is called 
D/AbsListView(25738): unregisterIRListener() is called 
I/System.out(25738): ArrayList<TestCase>: FLIP3
D/AbsListView(25738): unregisterIRListener() is called 
D/AbsListView(25738): unregisterIRListener() is called 
E/EnterpriseContainerManager( 3036): ContainerPolicy Service is not yet ready!!!
D/EnterpriseDeviceManager( 3036): ContainerId: 0
W/LicenseLogService( 3036): log() is called by non admin
D/InputTransport( 3036): Input channel constructed: name='ClientState{44a85550 uid 10457 pid 25738} (server)', fd=459
D/InputTransport( 3036): Input channel constructed: name='ClientState{44a85550 uid 10457 pid 25738} (client)', fd=460
D/InputTransport( 3036): Input channel destroyed: name='ClientState{44a85550 uid 10457 pid 25738} (client)', fd=460
D/InputTransport( 3871): Input channel constructed: name='ClientState{44a85550 uid 10457 pid 25738} (client)', fd=73
W/ContextImpl( 3036): Calling a method in the system process without a qualified user: android.app.ContextImpl.sendBroadcast:1467 com.android.server.InputMethodManagerService$4.run:2759 java.lang.Thread.run:841 <bottom of call stack> <bottom of call stack> 
D/InputTransport( 3607): Input channel destroyed: name='ClientState{42d9b250 uid 10008 pid 3607} (server)', fd=64
D/InputTransport( 3036): Input channel constructed: name='ClientState{44a85550 uid 10457 pid 25738} (server)', fd=460
D/InputTransport( 3036): Input channel destroyed: name='ClientState{44a85550 uid 10457 pid 25738} (server)', fd=460
D/InputTransport(25738): Input channel constructed: name='ClientState{44a85550 uid 10457 pid 25738} (server)', fd=63
W/IInputConnectionWrapper( 3607): showStatusIcon on inactive InputConnection
D/dalvikvm(25738): [SWE] ### S.LSI JIT optimization list BEGIN ###
D/dalvikvm(25738): [SWE] ### S.LSI JIT optimization list END ###
F/libc    (25738): Fatal signal 11 (SIGSEGV) at 0x0000000d (code=1), thread 25738 (ransitioneffect)
D/SamsungIME( 3871): onStartInput
I/DEBUG   ( 2551): *** *** *** *** *** *** *** *** *** *** *** *** *** *** *** ***
I/DEBUG   ( 2551): Build fingerprint: 'samsung/ja3gxx/ja3g:4.4.2/KOT49H/I9500XXEFNB1:eng/test-keys'
I/DEBUG   ( 2551): Revision: '10'
I/DEBUG   ( 2551): pid: 25738, tid: 25738, name: ransitioneffect  >>> com.samsung.demo.wbtatransitioneffect <<<
I/DEBUG   ( 2551): signal 11 (SIGSEGV), code 1 (SEGV_MAPERR), fault addr 0000000d
E/dalvikvm( 3036): 3036(system_server) stat: (e)   78   267MB / (c)   24   117MB / (a)   82   188MB / (h)    32MB    37MB  5442KB
D/dalvikvm( 3036): GC_EXPLICIT freed 6211K, 16% free 49670K/58976K, paused 4ms+11ms, total 121ms
I/DVFSHelper( 3036): release:: mIsAcquired = true
I/ActivityManager( 3036): Displayed com.samsung.demo.wbtatransitioneffect/.OpenSDKDemoActivity: +1s244ms
I/DVFSHelper( 3036): acquire:: timeout = 300, mIsAcquired = true
I/DVFSHelper( 3036): acquire:: DVFS lock is already acquired. Previous lock will be released first.
I/DVFSHelper( 3036): release:: mIsAcquired = true
I/DVFSHelper( 3036): release:: cpuRequest is released.
I/DVFSHelper( 3036): release:: mIsAcquired = true
I/DVFSHelper( 3036): release:: gpuRequest is released.
D/SSRMv2:CustomFrequencyManagerService( 3036): Before Removing ---------
D/SSRMv2:CustomFrequencyManagerService( 3036): ############################ Start : CPU BOOST ###############################
D/SSRMv2:CustomFrequencyManagerService( 3036): dumpDVFSLockList : DVFS_MIN_LIMIT
D/SSRMv2:CustomFrequencyManagerService( 3036):     0 : tag : ACTIVITY_RESUME_BOOSTER@4  frequency : 1200000  elapsed time : 1310 Binder = android.os.Binder@435b6458 UID 1000 PID = 3036
D/SSRMv2:CustomFrequencyManagerService( 3036): dumpDVFSLockList : DVFS_MIN_LIMIT
D/SSRMv2:CustomFrequencyManagerService( 3036):     1 : tag : ROTATION_BOOSTER@20  frequency : 1600000  elapsed time : 1188 Binder = android.os.Binder@435b6458 UID 1000 PID = 3036
D/SSRMv2:CustomFrequencyManagerService( 3036): ############################ END : CPU BOOST ###############################
D/SSRMv2:CustomFrequencyManagerService( 3036): dumpDVFSLockList : mCurrentDVFSMinLock : 1
D/SSRMv2:CustomFrequencyManagerService( 3036): After Removing ----------
D/SSRMv2:CustomFrequencyManagerService( 3036): ############################ Start : CPU BOOST ###############################
D/SSRMv2:CustomFrequencyManagerService( 3036): dumpDVFSLockList : DVFS_MIN_LIMIT
D/SSRMv2:CustomFrequencyManagerService( 3036):     0 : tag : ROTATION_BOOSTER@20  frequency : 1600000  elapsed time : 1188 Binder = android.os.Binder@435b6458 UID 1000 PID = 3036
D/SSRMv2:CustomFrequencyManagerService( 3036): ############################ END : CPU BOOST ###############################
D/SSRMv2:CustomFrequencyManagerService( 3036): dumpDVFSLockList : mCurrentDVFSMinLock : 0
D/SSRMv2:CustomFrequencyManagerService( 3036): releaseDVFSLockLocked : Getting Lock type frm List : DVFS_MIN_LIMIT  frequency : 1200000  uid : 1000  pid : 3036  tag : ACTIVITY_RESUME_BOOSTER@4
D/SSRMv2:CustomFrequencyManagerService( 3036): GPU before removing----------
D/SSRMv2:CustomFrequencyManagerService( 3036): ############################ Start : LCD BUS GPU ###############################
D/SSRMv2:CustomFrequencyManagerService( 3036): GPU     0 : tag : ACTIVITY_RESUME_BOOSTER@5  Frequency = 266 Binder = android.os.Binder@435b6458 UID 1000 PID = 3036
D/SSRMv2:CustomFrequencyManagerService( 3036): ############################ End :  LCD BUS GPU ###############################
D/SSRMv2:CustomFrequencyManagerService( 3036): FrequencyrequestList.getIndex:: i = 0
D/SSRMv2:CustomFrequencyManagerService( 3036): FrequencyrequestList.removeRequest:: index = 0
D/SSRMv2:CustomFrequencyManagerService( 3036): GPU after removing----------
D/SSRMv2:CustomFrequencyManagerService( 3036): releaseGPU, Current GPU request has asked for release
D/SSRMv2:CustomFrequencyManagerService( 3036): releaseGPU, No Pending requests, reverting GPU to default
D/SSRMv2:GenericFalImpl( 3036): revertToDefault:: path = /sys/devices/platform/pvrsrvkm.0/sgx_dvfs_min_lock, revertValue = 0
W/ActivityManager( 3036): mDVFSHelper.release()
D/SSRMv2:CustomFrequencyManagerService( 3036): Before Removing ---------
D/SSRMv2:CustomFrequencyManagerService( 3036): ############################ Start : CPU BOOST ###############################
D/SSRMv2:CustomFrequencyManagerService( 3036): dumpDVFSLockList : DVFS_MIN_LIMIT
I/DVFSHelper( 3036): release:: cpuRequest is released.
I/CustomFrequencyManager( 3036): newFrequencyRequest  - mFrequency = 1200000, mTimeoutMs = 300, mPkgName = ACTIVITY_RESUME_BOOSTER@7
I/CustomFrequencyManager( 3036): Boost Request from package = ACTIVITY_RESUME_BOOSTER@7 frequency : 1200000type = 6
I/CustomFrequencyManager( 3036): !! pkgName = ACTIVITY_RESUME_BOOSTER@7
I/CustomFrequencyManager( 3036): CPUDVFSControlRequest : doFrequencyRequest::  = 1200000 Timeout : 300
I/DVFSHelper( 3036): acquire:: timeout = 300, mIsAcquired = true
I/DVFSHelper( 3036): acquire:: DVFS lock is already acquired. Previous lock will be released first.
I/DVFSHelper( 3036): release:: mIsAcquired = true
I/DVFSHelper( 3036): release:: gpuRequest is released.
I/CustomFrequencyManager( 3036): newFrequencyRequest  - mFrequency = 266, mTimeoutMs = 300, mPkgName = ACTIVITY_RESUME_BOOSTER@8
I/CustomFrequencyManager( 3036): Boost Request from package = ACTIVITY_RESUME_BOOSTER@8 frequency : 266type = 1
I/CustomFrequencyManager( 3036): !! pkgName = ACTIVITY_RESUME_BOOSTER@8
I/CustomFrequencyManager( 3036): GPU : doFrequencyRequest::  = 266 Timeout : 300
I/CustomFrequencyManager( 3036): GPU : doFrequencyRequest::  = 266 Timeout : 300
I/SurfaceFlinger( 2552): id=198 Removed Starting com.samsung.demo.wbtatransitioneffect (9/14)
I/SurfaceFlinger( 2552): id=198 Removed Starting com.samsung.demo.wbtatransitioneffect (-2/14)
D/SSRMv2:CustomFrequencyManagerService( 3036):     0 : tag : ROTATION_BOOSTER@20  frequency : 1600000  elapsed time : 1193 Binder = android.os.Binder@435b6458 UID 1000 PID = 3036
D/SSRMv2:CustomFrequencyManagerService( 3036): ############################ END : CPU BOOST ###############################
D/SSRMv2:CustomFrequencyManagerService( 3036): dumpDVFSLockList : mCurrentDVFSMinLock : 0
D/SSRMv2:CustomFrequencyManagerService( 3036): After Removing ----------
D/SSRMv2:CustomFrequencyManagerService( 3036): ############################ Start : CPU BOOST ###############################
D/SSRMv2:CustomFrequencyManagerService( 3036): dumpDVFSLockList : DVFS_MIN_LIMIT
D/SSRMv2:CustomFrequencyManagerService( 3036):     0 : tag : ROTATION_BOOSTER@20  frequency : 1600000  elapsed time : 1193 Binder = android.os.Binder@435b6458 UID 1000 PID = 3036
D/SSRMv2:CustomFrequencyManagerService( 3036): ############################ END : CPU BOOST ###############################
D/SSRMv2:CustomFrequencyManagerService( 3036): dumpDVFSLockList : mCurrentDVFSMinLock : 0
D/SSRMv2:CustomFrequencyManagerService( 3036): checkCPUBoostRange : 1200000
D/SSRMv2:CustomFrequencyManagerService( 3036): acquireDVFSLockLocked : type : DVFS_MIN_LIMIT  frequency : 1200000  uid : 1000  pid : 3036  pkgName : ACTIVITY_RESUME_BOOSTER@7
D/SSRMv2:CustomFrequencyManagerService( 3036): Before Adding ---------
D/SSRMv2:CustomFrequencyManagerService( 3036): ############################ Start : CPU BOOST ###############################
D/SSRMv2:CustomFrequencyManagerService( 3036): dumpDVFSLockList : DVFS_MIN_LIMIT
D/SSRMv2:CustomFrequencyManagerService( 3036):     0 : tag : ROTATION_BOOSTER@20  frequency : 1600000  elapsed time : 1193 Binder = android.os.Binder@435b6458 UID 1000 PID = 3036
D/SSRMv2:CustomFrequencyManagerService( 3036): ############################ END : CPU BOOST ###############################
D/SSRMv2:CustomFrequencyManagerService( 3036): dumpDVFSLockList : mCurrentDVFSMinLock : 0
D/SSRMv2:CustomFrequencyManagerService( 3036): After Adding ---------
D/SSRMv2:CustomFrequencyManagerService( 3036): ############################ Start : CPU BOOST ###############################
D/SSRMv2:CustomFrequencyManagerService( 3036): dumpDVFSLockList : DVFS_MIN_LIMIT
D/SSRMv2:CustomFrequencyManagerService( 3036):     0 : tag : ROTATION_BOOSTER@20  frequency : 1600000  elapsed time : 1194 Binder = android.os.Binder@435b6458 UID 1000 PID = 3036
D/SSRMv2:CustomFrequencyManagerService( 3036): dumpDVFSLockList : DVFS_MIN_LIMIT
D/SSRMv2:CustomFrequencyManagerService( 3036):     1 : tag : ACTIVITY_RESUME_BOOSTER@7  frequency : 1200000  elapsed time : 1 Binder = android.os.Binder@435b6458 UID 1000 PID = 3036
D/SSRMv2:CustomFrequencyManagerService( 3036): ############################ END : CPU BOOST ###############################
D/SSRMv2:CustomFrequencyManagerService( 3036): dumpDVFSLockList : mCurrentDVFSMinLock : 0
D/SSRMv2:CustomFrequencyManagerService( 3036): acquireDVFSLockLocked : Creating new Lock type & adding to List : DVFS_MIN_LIMIT  frequency : 1200000  uid : 1000  pid : 3036  pkgName : ACTIVITY_RESUME_BOOSTER@7
D/SSRMv2:CustomFrequencyManagerService( 3036): GPU before removing----------
D/SSRMv2:CustomFrequencyManagerService( 3036): GPU after removing----------
D/SSRMv2:CustomFrequencyManagerService( 3036): releaseGPU, request not found, returning null
D/SSRMv2:CustomFrequencyManagerService( 3036): requestGPU, frequency : 266 package : ACTIVITY_RESUME_BOOSTER@8 uid: 1000 pid: 3036
D/SSRMv2:CustomFrequencyManagerService( 3036): requestGPU, index: -1
D/SSRMv2:CustomFrequencyManagerService( 3036): GPU before adding----------
D/SSRMv2:CustomFrequencyManagerService( 3036): FrequencyrequestList.addReqest:: insert new request.
D/SSRMv2:CustomFrequencyManagerService( 3036): GPU after adding----------
D/SSRMv2:CustomFrequencyManagerService( 3036): ############################ Start : LCD BUS GPU ###############################
D/SSRMv2:CustomFrequencyManagerService( 3036): GPU     0 : tag : ACTIVITY_RESUME_BOOSTER@8  Frequency = 266 Binder = android.os.Binder@435b6458 UID 1000 PID = 3036
D/SSRMv2:CustomFrequencyManagerService( 3036): ############################ End :  LCD BUS GPU ###############################
D/SSRMv2:CustomFrequencyManagerService( 3036): requestGPU, index not found, new req added in list
D/SSRMv2:GenericFalImpl( 3036): modifyToValues:: path = /sys/devices/platform/pvrsrvkm.0/sgx_dvfs_min_lock, value = 266
D/InputTransport( 3036): Input channel destroyed: name='434b5710 Starting com.samsung.demo.wbtatransitioneffect (server)', fd=461
D/InputTransport( 3036): Input channel destroyed: name='434b5710 Starting com.samsung.demo.wbtatransitioneffect (client)', fd=462
I/WindowManager( 3036): Screen frozen for +1s240ms due to Window{434b5710 u0 Starting com.samsung.demo.wbtatransitioneffect}
I/SurfaceFlinger( 2552): id=202 createSurf (2160x1920),-1 flag=20004, BlackSurface
I/SurfaceFlinger( 2552): id=203 createSurf (1080x3840),-1 flag=20004, BlackSurface
I/SurfaceFlinger( 2552): id=204 createSurf (2160x1920),-1 flag=20004, BlackSurface
I/SurfaceFlinger( 2552): id=205 createSurf (1080x3840),-1 flag=20004, BlackSurface
D/InputDispatcher( 3036): setInputDispatchMode: enabled=1, frozen=0
E/SharedPreferenceProvider(25856): onCreate
W/EG1.0.D.EvergladesApplication(25856): {[9DA925020CE53372A65E446EE35B83FB42B05CFB82F8C72DEFF6EA2A95D60F03]}
I/SDRMUtil(25856): Installing version : v201311121512
I/SDRMUtil(25856): Installed version : v201311121512
W/linker  (25856): libgnustl_shared.so has text relocations. This is wasting memory and is a security risk. Please fix.
D/dalvikvm(25856): No JNI_OnLoad found in /system/lib/libgnustl_shared.so 0x429ed0f8, skipping init
W/linker  (25856): libAppAuthWrapper.so has text relocations. This is wasting memory and is a security risk. Please fix.
D/AppAuthManager(25856): AppAuthWrapper lib has been loaded
W/linker  (25856): libAppAuth1294827013.so has text relocations. This is wasting memory and is a security risk. Please fix.
D/AppAuth (25856): {[8847dbca27db6eb610a1beb3abd9c6599f80c75d3309aef2481f3fb6d039f661aba31c2af2217799f438044b9ae4c025]}
W/EG1.0.D.EvergladesApplication(25856): {[39EDD536BBBBC7DE99D872FF0552586D24B98B945D30213DBBC1B2D1B19A2134]}
E/EG1.0.D.InstallManager(25856): setPackageEnableState, packageName : com.samsung.mediahub NameNotFoundException
E/EG1.0.D.InstallManager(25856): setPackageEnableState, packageName : com.samsung.mediahub.ics NameNotFoundException
E/EG1.0.D.InstallManager(25856): setPackageEnableState, packageName : com.samsung.mediahub.att NameNotFoundException
E/EG1.0.D.InstallManager(25856): setPackageEnableState, packageName : com.samsung.mediahub.vzw NameNotFoundException
E/EG1.0.D.InstallManager(25856): setPackageEnableState, packageName : com.samsung.mediahub.sprint NameNotFoundException
E/EG1.0.D.InstallManager(25856): setPackageEnableState, packageName : com.samsung.mediahub.tmo NameNotFoundException
E/EG1.0.D.InstallManager(25856): setPackageEnableState, packageName : com.samsung.mediahub.rc NameNotFoundException
E/EG1.0.D.InstallManager(25856): setPackageEnableState, packageName : com.samsung.mediahub.wifi NameNotFoundException
E/EG1.0.D.InstallManager(25856): setPackageEnableState, packageName : com.sec.readershub2.store NameNotFoundException
D/EG1.0.D.DebugManager(25856): DebugManager getInstance
D/EG1.0.D.DebugManager(25856): Debug disabled(SAMSUNGHUB_DEBUG_OFF)
W/System.err(25856): java.io.FileNotFoundException: /storage/emulated/0/msc_service.prop: open failed: ENOENT (No such file or directory)
W/System.err(25856): 	at libcore.io.IoBridge.open(IoBridge.java:409)
W/System.err(25856): 	at java.io.FileInputStream.<init>(FileInputStream.java:78)
W/System.err(25856): 	at com.sec.log.util.DecryptUtil.readFromFile(DecryptUtil.java:48)
W/System.err(25856): 	at com.sec.log.util.DecryptUtil.decript(DecryptUtil.java:71)
W/System.err(25856): 	at com.sec.log.util.DecryptUtil.decrypt(DecryptUtil.java:87)
W/System.err(25856): 	at com.sec.everglades.manager.debug.DebugManager.loadMSCServiceProperties(DebugManager.java:195)
W/System.err(25856): 	at com.sec.everglades.manager.debug.DebugManager.<init>(DebugManager.java:117)
W/System.err(25856): 	at com.sec.everglades.manager.debug.DebugManager.getInstance(DebugManager.java:108)
W/System.err(25856): 	at com.sec.everglades.main.InitializeManager.createDebugManager(InitializeManager.java:71)
W/System.err(25856): 	at com.sec.msc.android.common.util.Utils.getDebugManagerHubApkVersion(Utils.java:1499)
W/System.err(25856): 	at com.sec.everglades.manager.install.InstallManager.isInstalledSamsungHub(InstallManager.java:312)
W/System.err(25856): 	at com.sec.everglades.manager.install.InstallManager.<init>(InstallManager.java:193)
W/System.err(25856): 	at com.sec.everglades.manager.install.InstallManager.getInstance(InstallManager.java:82)
W/System.err(25856): 	at com.sec.everglades.main.InitializeManager.createInstallManager(InitializeManager.java:67)
W/System.err(25856): 	at com.sec.everglades.manager.install.PackageAddRemoveReceiver.onReceive(PackageAddRemoveReceiver.java:13)
W/System.err(25856): 	at android.app.ActivityThread.handleReceiver(ActivityThread.java:2552)
W/System.err(25856): 	at android.app.ActivityThread.access$1800(ActivityThread.java:161)
W/System.err(25856): 	at android.app.ActivityThread$H.handleMessage(ActivityThread.java:1341)
W/System.err(25856): 	at android.os.Handler.dispatchMessage(Handler.java:102)
W/System.err(25856): 	at android.os.Looper.loop(Looper.java:157)
W/System.err(25856): 	at android.app.ActivityThread.main(ActivityThread.java:5356)
W/System.err(25856): 	at java.lang.reflect.Method.invokeNative(Native Method)
W/System.err(25856): 	at java.lang.reflect.Method.invoke(Method.java:515)
W/System.err(25856): 	at com.android.internal.os.ZygoteInit$MethodAndArgsCaller.run(ZygoteInit.java:1265)
W/System.err(25856): 	at com.android.internal.os.ZygoteInit.main(ZygoteInit.java:1081)
W/System.err(25856): 	at dalvik.system.NativeStart.main(Native Method)
W/System.err(25856): Caused by: libcore.io.ErrnoException: open failed: ENOENT (No such file or directory)
W/System.err(25856): 	at libcore.io.Posix.open(Native Method)
W/System.err(25856): 	at libcore.io.BlockGuardOs.open(BlockGuardOs.java:110)
W/System.err(25856): 	at libcore.io.IoBridge.open(IoBridge.java:393)
W/System.err(25856): 	... 25 more
E/EG1.0.D.DebugManager(25856): loadMSCServiceProperties, decrypt Exception
E/EG1.0.D.DebugManager(25856): NullPointerException , mDebugOptions is null
W/ResourceType(25856): No package identifier when getting value for resource number 0x00000000
V/EG1.0.D.Profile(25856): getMusicPackage init :com.samsung.music
E/EG1.0.D.InstallManager(25856): Package name not found
V/EG1.0.D.InstallManager(25856): HUB packageName= com.samsung.music, haveFakeDrawble return false
E/EG1.0.D.DebugManager(25856): NullPointerException , mDebugOptions is null
D/EG1.0.D.TAG(25856): mContext : false
I/EG1.0.D.SettingPreferenceManager(25856): getServiceList, serviceList : []
I/EG1.0.D.SettingPreferenceManager(25856): getServicePackageList, servicePackageList : []
D/EG1.0.D.MobileCodeManager(25856): MobileCodeManager, if (instance == null)
D/EG1.0.D.TAG(25856): applicationVersion : 14011301.1.30.01
V/EG1.0.D.Profile(25856): getVideoPackage init :com.samsung.everglades.video
V/EG1.0.D.InstallManager(25856): HUB packageName= com.samsung.everglades.video, haveFakeDrawble return true
E/EG1.0.D.DebugManager(25856): NullPointerException , mDebugOptions is null
V/EG1.0.D.Profile(25856): getBooksPackage init :com.sec.readershub
I/DEBUG   ( 2551):     r0 0000000d  r1 00000000  r2 00000001  r3 00000000
I/DEBUG   ( 2551):     r4 77c7cec4  r5 00000000  r6 00000000  r7 00000000
I/DEBUG   ( 2551):     r8 beb9c23c  r9 6d6a0cf4  sl 4170ba90  fp beb9c254
I/DEBUG   ( 2551):     ip 00000001  sp beb9c150  lr 40073d21  pc 778e2b08  cpsr 600f0030
I/DEBUG   ( 2551):     d0  6f6974616d726f20  d1  6c61766e49203a76
I/DEBUG   ( 2551):     d2  65706f7270206461  d3  657079742079746c
I/DEBUG   ( 2551):     d4  3f985a2eb9a334dc  d5  0000000000000000
I/DEBUG   ( 2551):     d6  0000000000000000  d7  0000000043800000
I/DEBUG   ( 2551):     d8  0000000000000000  d9  0000000000000000
I/DEBUG   ( 2551):     d10 0000000000000000  d11 0000000000000000
I/DEBUG   ( 2551):     d12 0000000000000000  d13 0000000000000000
I/DEBUG   ( 2551):     d14 0000000000000000  d15 0000000000000000
I/DEBUG   ( 2551):     d16 0000000f00000009  d17 3ff0000000000000
I/DEBUG   ( 2551):     d18 3fc3bd3cdc2cab20  d19 3fc233f5a2f727d2
I/DEBUG   ( 2551):     d20 3fabbd76807614f3  d21 3f82391ed3d83df8
I/DEBUG   ( 2551):     d22 3f967b6faf8d2e07  d23 3f57f48a38a4a052
I/DEBUG   ( 2551):     d24 3f6d8a8e44e27de7  d25 3f3043b3a18f8aef
I/DEBUG   ( 2551):     d26 3f43545b10f5feaa  d27 3f12e167f9ad8af4
I/DEBUG   ( 2551):     d28 3f1460ea3eff5d8f  d29 3faf019b84a612a9
I/DEBUG   ( 2551):     d30 bef375cbdb605373  d31 023b008f0235008e
I/DEBUG   ( 2551):     scr 80000010
V/EG1.0.D.InstallManager(25856): HUB packageName= com.sec.readershub, haveFakeDrawble return true
I/DEBUG   ( 2551): 
I/DEBUG   ( 2551): backtrace:
I/DEBUG   ( 2551):     #00  pc 000f3b08  /data/app-lib/com.samsung.demo.wbtatransitioneffect-21/libSgi.so
I/DEBUG   ( 2551):     #01  pc 00141585  /data/app-lib/com.samsung.demo.wbtatransitioneffect-21/libSgi.so
I/DEBUG   ( 2551): 
I/DEBUG   ( 2551): stack:
E/EG1.0.D.DebugManager(25856): NullPointerException , mDebugOptions is null
V/EG1.0.D.Profile(25856): getGamePackage init :com.sec.android.app.gamehub
I/DEBUG   ( 2551):          beb9c110  00000000  
I/DEBUG   ( 2551):          beb9c114  77c7ced4  
I/DEBUG   ( 2551):          beb9c118  797c8f90  
I/DEBUG   ( 2551):          beb9c11c  00000000  
I/DEBUG   ( 2551):          beb9c120  00000000  
I/DEBUG   ( 2551):          beb9c124  797c8f98  
I/DEBUG   ( 2551):          beb9c128  beb9c23c  [stack]
I/DEBUG   ( 2551):          beb9c12c  4007735b  /system/lib/libc.so (dlfree+50)
I/DEBUG   ( 2551):          beb9c130  400b1000  /system/lib/libc.so
I/DEBUG   ( 2551):          beb9c134  77c7cec4  
I/DEBUG   ( 2551):          beb9c138  77c7cec4  
I/DEBUG   ( 2551):          beb9c13c  00000000  
I/DEBUG   ( 2551):          beb9c140  00000000  
I/DEBUG   ( 2551):          beb9c144  40073d21  /system/lib/libc.so (free+12)
I/DEBUG   ( 2551):          beb9c148  ffffffff  
I/DEBUG   ( 2551):          beb9c14c  778e2b07  /data/app-lib/com.samsung.demo.wbtatransitioneffect-21/libSgi.so
I/DEBUG   ( 2551):     #00  beb9c150  797c8c28  
I/DEBUG   ( 2551):          beb9c154  77c7ce98  
I/DEBUG   ( 2551):          beb9c158  00000000  
I/DEBUG   ( 2551):          beb9c15c  77930589  /data/app-lib/com.samsung.demo.wbtatransitioneffect-21/libSgi.so
I/DEBUG   ( 2551):     #01  beb9c160  77c7ce98  
I/DEBUG   ( 2551):          beb9c164  778e29ed  /data/app-lib/com.samsung.demo.wbtatransitioneffect-21/libSgi.so
I/DEBUG   ( 2551):          beb9c168  beb9c180  [stack]
I/DEBUG   ( 2551):          beb9c16c  778b265f  /data/app-lib/com.samsung.demo.wbtatransitioneffect-21/libSgi.so
I/DEBUG   ( 2551):          beb9c170  77c6bca8  
I/DEBUG   ( 2551):          beb9c174  beb9c1b0  [stack]
I/DEBUG   ( 2551):          beb9c178  738f2240  
I/DEBUG   ( 2551):          beb9c17c  779776bb  /data/app-lib/com.samsung.demo.wbtatransitioneffect-21/libSgi.so
I/DEBUG   ( 2551):          beb9c180  77c7ce98  
I/DEBUG   ( 2551):          beb9c184  00000000  
I/DEBUG   ( 2551):          beb9c188  00000000  
I/DEBUG   ( 2551):          beb9c18c  797c8d90  
I/DEBUG   ( 2551):          beb9c190  77c7ce98  
I/DEBUG   ( 2551):          beb9c194  00000000  
I/DEBUG   ( 2551):          beb9c198  00000000  
I/DEBUG   ( 2551):          beb9c19c  797c8d90  
I/DEBUG   ( 2551): 
I/DEBUG   ( 2551): memory near r4:
I/DEBUG   ( 2551):     77c7cea4 00000000 77c517d0 00000000 00000000  
I/DEBUG   ( 2551):     77c7ceb4 00000000 738dcfc8 ffffffff 00000002  
I/DEBUG   ( 2551):     77c7cec4 0000000d 00000000 00000000 797c8f98  
I/DEBUG   ( 2551):     77c7ced4 696e416e 00000000 797c8c28 797c8c28  
I/DEBUG   ( 2551):     77c7cee4 797c8c50 00000002 78655401 0000000b  
I/DEBUG   ( 2551):     77c7cef4 00010000 00000068 00000063 401e4428  
I/DEBUG   ( 2551):     77c7cf04 77c7cf60 401e3c10 77c7cf88 00000005  
I/DEBUG   ( 2551):     77c7cf14 00000007 00000004 43270000 40400000  
I/DEBUG   ( 2551):     77c7cf24 c21c0000 43250000 3f800000 401e4448  
I/DEBUG   ( 2551):     77c7cf34 77c7cfb0 00000005 00000007 00000002  
I/DEBUG   ( 2551):     77c7cf44 401e3c10 77c6dcf0 0000000a 00000007  
I/DEBUG   ( 2551):     77c7cf54 00000004 00000000 0000001b 00000001  
I/DEBUG   ( 2551):     77c7cf64 00000001 77c7cf00 00000000 00000000  
I/DEBUG   ( 2551):     77c7cf74 0000002b 00000001 00000014 00000000  
I/DEBUG   ( 2551):     77c7cf84 00000000 420c0000 42140000 42080000  
I/DEBUG   ( 2551):     77c7cf94 41f80000 41f00000 00000023 00000001  
I/DEBUG   ( 2551): 
I/DEBUG   ( 2551): memory near r8:
I/DEBUG   ( 2551):     beb9c21c 6da9fcf8 4170ba80 4172d8d0 11b0001d  
I/DEBUG   ( 2551):     beb9c22c 4170ba80 738dd830 00000000 3ed00021  
I/DEBUG   ( 2551):     beb9c23c 41759229 6d6a0cf4 00000001 7768ca4d  
I/DEBUG   ( 2551):     beb9c24c 42a741a0 400b5384 4175e2f7 6d6a0cf4  
I/DEBUG   ( 2551):     beb9c25c 7768ca48 77895785 4170ba90 00000000  
I/DEBUG   ( 2551):     beb9c26c 41770963 80800019 00000000 77c51da8  
I/DEBUG   ( 2551):     beb9c27c 400b5384 00000000 77c51940 00000000  
I/DEBUG   ( 2551):     beb9c28c 00000000 00000000 00000000 00000000  
I/DEBUG   ( 2551):     beb9c29c 00000000 00000000 00000000 00000000  
I/DEBUG   ( 2551):     beb9c2ac 00000000 00000000 726d051a 00000000  
I/DEBUG   ( 2551):     beb9c2bc 00000000 00000000 00010002 417cf97c  
I/DEBUG   ( 2551):     beb9c2cc 726d051a 4170a3d0 21500025 4170a3d0  
I/DEBUG   ( 2551):     beb9c2dc 00000001 41750955 4170a3d0 6d6a0ce0  
I/DEBUG   ( 2551):     beb9c2ec 4170ba90 77c51dd0 3ec00021 765eab58  
I/DEBUG   ( 2551):     beb9c2fc 77c51dd8 4170a3d0 4007735b 400b1000  
I/DEBUG   ( 2551):     beb9c30c beb9c344 beb9c344 3ec00021 765eab58  
I/DEBUG   ( 2551): 
I/DEBUG   ( 2551): memory near r9:
I/DEBUG   ( 2551):     6d6a0cd4 6d6a0d18 6e7b7e42 6d6a0d1c 6d6a0d20  
I/DEBUG   ( 2551):     6d6a0ce4 77658b34 6da9fcf8 00000006 00000000  
I/DEBUG   ( 2551):     6d6a0cf4 765eab58 00000000 11b0001d 738dd830  
I/DEBUG   ( 2551):     6d6a0d04 00000000 3ed00021 6d6a0d54 7766d640  
I/DEBUG   ( 2551):     6d6a0d14 6daa7650 77658b34 00000000 765eab58  
I/DEBUG   ( 2551):     6d6a0d24 00000000 429ff5f8 738dd830 00000000  
I/DEBUG   ( 2551):     6d6a0d34 429e4210 429ff5f8 429e4210 6d6a0d74  
I/DEBUG   ( 2551):     6d6a0d44 7765fab8 6dab2de0 7766d640 00000000  
I/DEBUG   ( 2551):     6d6a0d54 429ff5f8 429e4210 429e23d0 6d6a0dbc  
I/DEBUG   ( 2551):     6d6a0d64 7765f94c 6dab9ea0 7765fab8 00000000  
I/DEBUG   ( 2551):     6d6a0d74 41a24938 00000000 42da51e8 00000001  
I/DEBUG   ( 2551):     6d6a0d84 7ec10945 0000014c 6f864f74 00000000  
I/DEBUG   ( 2551):     6d6a0d94 00000000 00000000 42d7ad50 429e23d0  
I/DEBUG   ( 2551):     6d6a0da4 00000001 6d6a0ddc 7765f834 6dab9d50  
I/DEBUG   ( 2551):     6d6a0db4 7765f94c 00000000 42d7ad50 429e23d0  
I/DEBUG   ( 2551):     6d6a0dc4 00000001 6d6a0e04 7765f850 6dabb670  
I/DEBUG   ( 2551): 
I/DEBUG   ( 2551): memory near sl:
I/DEBUG   ( 2551):     4170ba70 46637300 00000800 6d698008 0000045b  
I/DEBUG   ( 2551):     4170ba80 6ef0b8c4 6d6a0cf4 6daa7650 726c0000  
I/DEBUG   ( 2551):     4170ba90 738dd830 00000000 beb9c4c8 00000000  
I/DEBUG   ( 2551):     4170baa0 beb9c51c 00000001 00000000 4172da40  
I/DEBUG   ( 2551):     4170bab0 00000000 00000000 6ca67370 6d69b300  
I/DEBUG   ( 2551):     4170bac0 00000000 00000000 00000001 00006000  
I/DEBUG   ( 2551):     4170bad0 00000000 40051158 4172da40 41732900  
I/DEBUG   ( 2551):     4170bae0 00000000 417369fc 41736a70 41736920  
I/DEBUG   ( 2551):     4170baf0 41736940 4173699c 00000000 00000000  
I/DEBUG   ( 2551):     4170bb00 00000000 00000000 00000000 00000000  
I/DEBUG   ( 2551):     4170bb10 00000000 00000000 00002000 417ce1bc  
I/DEBUG   ( 2551):     4170bb20 00000000 00000000 00000009 702239f0  
I/DEBUG   ( 2551):     4170bb30 00000001 00000080 00000200 00000000  
I/DEBUG   ( 2551):     4170bb40 00000000 00000000 00000000 00000000  
I/DEBUG   ( 2551):     4170bb50 00000000 00000000 00000000 00000000  
I/DEBUG   ( 2551):     4170bb60 00000000 00000000 00000000 00000000  
I/DEBUG   ( 2551): 
I/DEBUG   ( 2551): memory near fp:
I/DEBUG   ( 2551):     beb9c234 00000000 3ed00021 41759229 6d6a0cf4  
I/DEBUG   ( 2551):     beb9c244 00000001 7768ca4d 42a741a0 400b5384  
I/DEBUG   ( 2551):     beb9c254 4175e2f7 6d6a0cf4 7768ca48 77895785  
I/DEBUG   ( 2551):     beb9c264 4170ba90 00000000 41770963 80800019  
I/DEBUG   ( 2551):     beb9c274 00000000 77c51da8 400b5384 00000000  
I/DEBUG   ( 2551):     beb9c284 77c51940 00000000 00000000 00000000  
I/DEBUG   ( 2551):     beb9c294 00000000 00000000 00000000 00000000  
I/DEBUG   ( 2551):     beb9c2a4 00000000 00000000 00000000 00000000  
I/DEBUG   ( 2551):     beb9c2b4 726d051a 00000000 00000000 00000000  
I/DEBUG   ( 2551):     beb9c2c4 00010002 417cf97c 726d051a 4170a3d0  
I/DEBUG   ( 2551):     beb9c2d4 21500025 4170a3d0 00000001 41750955  
I/DEBUG   ( 2551):     beb9c2e4 4170a3d0 6d6a0ce0 4170ba90 77c51dd0  
I/DEBUG   ( 2551):     beb9c2f4 3ec00021 765eab58 77c51dd8 4170a3d0  
I/DEBUG   ( 2551):     beb9c304 4007735b 400b1000 beb9c344 beb9c344  
I/DEBUG   ( 2551):     beb9c314 3ec00021 765eab58 40073d21 778c6781  
V/EG1.0.D.InstallManager(25856): HUB packageName= com.sec.android.app.gamehub, haveFakeDrawble return true
I/DEBUG   ( 2551):     beb9c324 778e9489 726d051a 778acf65 4170a3d0  
I/DEBUG   ( 2551): 
I/DEBUG   ( 2551): memory near sp:
I/DEBUG   ( 2551):     beb9c130 400b1000 77c7cec4 77c7cec4 00000000  
I/DEBUG   ( 2551):     beb9c140 00000000 40073d21 ffffffff 778e2b07  
I/DEBUG   ( 2551):     beb9c150 797c8c28 77c7ce98 00000000 77930589  
I/DEBUG   ( 2551):     beb9c160 77c7ce98 778e29ed beb9c180 778b265f  
E/EG1.0.D.DebugManager(25856): NullPointerException , mDebugOptions is null
I/DEBUG   ( 2551):     beb9c170 77c6bca8 beb9c1b0 738f2240 779776bb  
V/EG1.0.D.Profile(25856): getLearningPackage init :com.sec.msc.learninghub
I/DEBUG   ( 2551):     beb9c180 77c7ce98 00000000 00000000 797c8d90  
I/DEBUG   ( 2551):     beb9c190 77c7ce98 00000000 00000000 797c8d90  
I/DEBUG   ( 2551):     beb9c1a0 400b5384 4008cdd7 beb9c220 00000000  
I/DEBUG   ( 2551):     beb9c1b0 77c7ce98 00000000 00000000 797c8d90  
I/DEBUG   ( 2551):     beb9c1c0 00000000 beb9c1d8 00000003 00000000  
I/DEBUG   ( 2551):     beb9c1d0 6d6a0d0c 779777eb 738dcec0 00000000  
I/DEBUG   ( 2551):     beb9c1e0 00000000 738dd010 738f2240 738dd830  
I/DEBUG   ( 2551):     beb9c1f0 00000004 778dc61b 738dcec0 00000000  
I/DEBUG   ( 2551):     beb9c200 00000000 738dd010 4170a3d0 7789579b  
I/DEBUG   ( 2551):     beb9c210 765eab58 00000000 797c8bb0 6da9fcf8  
I/DEBUG   ( 2551):     beb9c220 4170ba80 4172d8d0 11b0001d 4170ba80  
I/DEBUG   ( 2551): 
I/DEBUG   ( 2551): code around pc:
I/DEBUG   ( 2551):     778e2ae8 6820b945 6863b130 68a1b153 60654798  
I/DEBUG   ( 2551):     778e2af8 60232300 bd384620 f18768e0 e7efead8  
I/DEBUG   ( 2551):     778e2b08 685b6803 e7f34798 4605b570 6daeb08a  
I/DEBUG   ( 2551):     778e2b18 f836f04d 46044629 f0474668 4621fe77  
I/DEBUG   ( 2551):     778e2b28 4630466a fec6f7ff 94032400 46039404  
I/DEBUG   ( 2551):     778e2b38 93022008 e99af189 60442301 60039005  
I/DEBUG   ( 2551):     778e2b48 94069a05 99036053 91079a05 92099904  
I/DEBUG   ( 2551):     778e2b58 f3bf9108 e8528f5f 44191f00 1000e842  
I/DEBUG   ( 2551):     778e2b68 0f00f090 f3bfd1f7 9a098f5f f3bf3204  
I/DEBUG   ( 2551):     778e2b78 e8528f5f 44191f00 1000e842 0f00f090  
I/DEBUG   ( 2551):     778e2b88 f3bfd1f7 ac0a8f5f 46289b02 3d10f844  
I/DEBUG   ( 2551):     778e2b98 f04d4621 4620fbd5 ff82f7ff f7ffa802  
I/DEBUG   ( 2551):     778e2ba8 b00aff7f 4620bd70 ff7af7ff f7ffa802  
I/DEBUG   ( 2551):     778e2bb8 f187ff77 e7f9ed58 4604b5f0 b08b6803  
I/DEBUG   ( 2551):     778e2bc8 b10b460d bdf0b00b 9201205c e94ef189  
I/DEBUG   ( 2551):     778e2bd8 46069a01 f7d14610 4607fdc3 a8042200  
I/DEBUG   ( 2551): 
I/DEBUG   ( 2551): code around lr:
I/DEBUG   ( 2551):     40073d00 4b03b508 6819447b 4790680a bf00bd08  
I/DEBUG   ( 2551):     40073d10 0003d2f8 4b03b508 6819447b 4790684a  
I/DEBUG   ( 2551):     40073d20 bf00bd08 0003d2e4 4b03b508 681a447b  
I/DEBUG   ( 2551):     40073d30 47986893 bf00bd08 0003d2d0 4b03b508  
I/DEBUG   ( 2551):     40073d40 681a447b 479868d3 bf00bd08 0003d2bc  
I/DEBUG   ( 2551):     40073d50 4b03b508 681a447b 47986913 bf00bd08  
I/DEBUG   ( 2551):     40073d60 0003d2a8 4b03b508 6819447b 4790694a  
I/DEBUG   ( 2551):     40073d70 bf00bd08 0003d294 49094808 4478b508  
I/DEBUG   ( 2551):     40073d80 f0014479 b140e990 20064906 44794a06  
I/DEBUG   ( 2551):     40073d90 e8bd447a f0044008 bd08bdf3 0003f7be  
I/DEBUG   ( 2551):     40073da0 00000295 00032628 00032638 49094808  
I/DEBUG   ( 2551):     40073db0 4478b508 f0014479 b140e976 20064906  
I/DEBUG   ( 2551):     40073dc0 44794a06 e8bd447a f0044008 bd08bdd9  
I/DEBUG   ( 2551):     40073dd0 00040fbe fffffd91 000325f4 00032631  
I/DEBUG   ( 2551):     40073de0 41f0e92d 4d164696 b0a44680 ac034a15  
I/DEBUG   ( 2551):     40073df0 2180460f 58ae447d 68304a13 46739300  
V/EG1.0.D.InstallManager(25856): HUB packageName= com.sec.msc.learninghub, haveFakeDrawble return true
E/EG1.0.D.DebugManager(25856): NullPointerException , mDebugOptions is null
E/EG1.0.D.InstallManager(25856): Package name not found
V/EG1.0.D.InstallManager(25856): HUB packageName= com.samsung.music, haveFakeDrawble return false
E/EG1.0.D.DebugManager(25856): NullPointerException , mDebugOptions is null
I/EG1.0.D.SettingPreferenceManager(25856): getServiceList, serviceList : []
I/EG1.0.D.SettingPreferenceManager(25856): getServicePackageList, servicePackageList : []
V/EG1.0.D.Profile(25856): getVideoPackage init :com.samsung.everglades.video
V/EG1.0.D.InstallManager(25856): HUB packageName= com.samsung.everglades.video, haveFakeDrawble return true
E/EG1.0.D.DebugManager(25856): NullPointerException , mDebugOptions is null
V/EG1.0.D.InstallManager(25856): HUB packageName= com.sec.readershub, haveFakeDrawble return true
E/EG1.0.D.DebugManager(25856): NullPointerException , mDebugOptions is null
V/EG1.0.D.InstallManager(25856): HUB packageName= com.sec.android.app.gamehub, haveFakeDrawble return true
E/EG1.0.D.DebugManager(25856): NullPointerException , mDebugOptions is null
V/EG1.0.D.InstallManager(25856): HUB packageName= com.sec.msc.learninghub, haveFakeDrawble return true
E/EG1.0.D.DebugManager(25856): NullPointerException , mDebugOptions is null
E/EG1.0.D.DebugManager(25856): NullPointerException , mDebugOptions is null
V/EG1.0.D.com.sec.everglades.widget.EvergladesWidgetProvider(25856): Init refresh button
V/EG1.0.D.com.sec.everglades.widget.EvergladesWidgetProvider(25856): onReceive, android.intent.action.PACKAGE_REMOVED
I/SELinux (25875): Function: selinux_android_load_priority [0], There is no sepolicy file.
I/SELinux (25875):  
I/SELinux (25875): Function: selinux_android_load_priority [1], There is no sepolicy version file.
I/SELinux (25875):  
I/SELinux (25875): Function: selinux_android_load_priority , loading version is VE=SEPF_GT-I9500_4.4.2_0005
I/SELinux (25875):  
I/SELinux (25875):  
I/SELinux (25875): selinux_android_seapp_context_reload: seapp_contexts file is loaded from /seapp_contexts
I/ActivityManager( 3036): Start proc ru.yandex.market for broadcast ru.yandex.market/ru.yandex.common.clid.ClidBroadcastReceiver: pid=25875 uid=10205 gids={50205, 3003, 1028, 1015}
D/SSRMv2:CustomFrequencyManagerService( 3036): Before Removing ---------
D/SSRMv2:CustomFrequencyManagerService( 3036): ############################ Start : CPU BOOST ###############################
D/SSRMv2:CustomFrequencyManagerService( 3036): dumpDVFSLockList : DVFS_MIN_LIMIT
D/SSRMv2:CustomFrequencyManagerService( 3036):     0 : tag : ROTATION_BOOSTER@20  frequency : 1600000  elapsed time : 1495 Binder = android.os.Binder@435b6458 UID 1000 PID = 3036
D/SSRMv2:CustomFrequencyManagerService( 3036): dumpDVFSLockList : DVFS_MIN_LIMIT
D/SSRMv2:CustomFrequencyManagerService( 3036):     1 : tag : ACTIVITY_RESUME_BOOSTER@7  frequency : 1200000  elapsed time : 301 Binder = android.os.Binder@435b6458 UID 1000 PID = 3036
D/SSRMv2:CustomFrequencyManagerService( 3036): ############################ END : CPU BOOST ###############################
D/SSRMv2:CustomFrequencyManagerService( 3036): dumpDVFSLockList : mCurrentDVFSMinLock : 0
D/SSRMv2:CustomFrequencyManagerService( 3036): After Removing ----------
D/SSRMv2:CustomFrequencyManagerService( 3036): ############################ Start : CPU BOOST ###############################
D/SSRMv2:CustomFrequencyManagerService( 3036): dumpDVFSLockList : DVFS_MIN_LIMIT
D/SSRMv2:CustomFrequencyManagerService( 3036):     0 : tag : ROTATION_BOOSTER@20  frequency : 1600000  elapsed time : 1495 Binder = android.os.Binder@435b6458 UID 1000 PID = 3036
D/SSRMv2:CustomFrequencyManagerService( 3036): ############################ END : CPU BOOST ###############################
D/SSRMv2:CustomFrequencyManagerService( 3036): dumpDVFSLockList : mCurrentDVFSMinLock : 0
D/SSRMv2:CustomFrequencyManagerService( 3036): releaseDVFSLockLocked : Getting Lock type frm List : DVFS_MIN_LIMIT  frequency : 1200000  uid : 1000  pid : 3036  tag : ACTIVITY_RESUME_BOOSTER@7
D/SSRMv2:CustomFrequencyManagerService( 3036): GPU before removing----------
D/SSRMv2:CustomFrequencyManagerService( 3036): ############################ Start : LCD BUS GPU ###############################
D/SSRMv2:CustomFrequencyManagerService( 3036): GPU     0 : tag : ACTIVITY_RESUME_BOOSTER@8  Frequency = 266 Binder = android.os.Binder@435b6458 UID 1000 PID = 3036
D/SSRMv2:CustomFrequencyManagerService( 3036): ############################ End :  LCD BUS GPU ###############################
D/SSRMv2:CustomFrequencyManagerService( 3036): FrequencyrequestList.getIndex:: i = 0
D/SSRMv2:CustomFrequencyManagerService( 3036): FrequencyrequestList.removeRequest:: index = 0
D/SSRMv2:CustomFrequencyManagerService( 3036): GPU after removing----------
D/SSRMv2:CustomFrequencyManagerService( 3036): releaseGPU, Current GPU request has asked for release
D/SSRMv2:CustomFrequencyManagerService( 3036): releaseGPU, No Pending requests, reverting GPU to default
D/SSRMv2:GenericFalImpl( 3036): revertToDefault:: path = /sys/devices/platform/pvrsrvkm.0/sgx_dvfs_min_lock, revertValue = 0
I/DEBUG   ( 2551): !@dumpstate -k -t -z -d -o /data/log/dumpstate_app_native -m 25738
I/BootReceiver( 3036): Copying /data/tombstones/tombstone_07 to DropBox (SYSTEM_TOMBSTONE)
W/ActivityManager( 3036):   Force finishing activity com.samsung.demo.wbtatransitioneffect/.OpenSDKDemoActivity
I/dumpstate(25893): begin
E/dalvikvm( 3036): 3036(system_server) stat: (e)   78   267MB / (c)   24   117MB / (a)   83   189MB / (h)    31MB    37MB  5867KB
D/dalvikvm( 3036): GC_FOR_ALLOC freed 1033K, 17% free 49466K/59296K, paused 81ms, total 81ms
I/dalvikvm-heap( 3036): Grow heap (frag case) to 50.714MB for 856096-byte allocation
E/dalvikvm( 3036): 3036(system_server) stat: (e)   78   267MB / (c)   24   117MB / (a)   84   189MB / (h)    32MB    38MB  5897KB
D/dalvikvm( 3036): GC_FOR_ALLOC freed 145K, 17% free 50156K/60136K, paused 77ms, total 77ms
I/BootReceiver( 3036): Notify a SYSTEM_TOMBSTONE FilePath:tombstone_07
