W/ContextImpl( 3036): Calling a method in the system process without a qualified user: android.app.ContextImpl.sendBroadcast:1467 android.content.ContextWrapper.sendBroadcast:377 android.content.ContextWrapper.sendBroadcast:377 com.android.server.BootReceiver$2.onEvent:331 android.os.FileObserver$ObserverThread.onEvent:125 
W/ContextImpl( 3036): Calling a method in the system process without a qualified user: android.app.ContextImpl.sendBroadcast:1481 com.android.server.am.ActivityStack.startPausingLocked:1006 com.android.server.am.ActivityStack.finishActivityLocked:3164 com.android.server.am.ActivityStack.finishTopRunningActivityLocked:3007 com.android.server.am.ActivityStackSupervisor.finishTopRunningActivityLocked:3139 
V/SmartFaceService - 3rd party pause( 3036): onReceive [android.intent.action.ACTIVITY_STATE/com.samsung.demo.wbtatransitioneffect/pause]
I/dumpstate(25900): begin
I/dumpstate(25900): dumpstate is still running
I/SurfaceFlinger( 2552): id=199 Removed ScreenshotSurface (13/17)
I/SurfaceFlinger( 2552): id=202 Removed BlackSurface (13/16)
I/SurfaceFlinger( 2552): id=203 Removed BlackSurface (13/15)
I/SurfaceFlinger( 2552): id=202 Removed BlackSurface (-2/15)
I/SurfaceFlinger( 2552): id=204 Removed BlackSurface (13/14)
I/SurfaceFlinger( 2552): id=203 Removed BlackSurface (-2/14)
I/SurfaceFlinger( 2552): id=205 Removed BlackSurface (13/13)
I/SurfaceFlinger( 2552): id=204 Removed BlackSurface (-2/13)
I/SurfaceFlinger( 2552): id=205 Removed BlackSurface (-2/13)
V/WindowOrientationListener( 3036): mSContextAutoRotationListener.getProposedRotation, mbResultFaceDectection: false
V/WindowOrientationListener( 3036): mSContextAutoRotationListener.getProposedRotation, Rotation: 0
V/WindowOrientationListener( 3036): mSContextAutoRotationListener.getProposedRotation, mbResultFaceDectection: false
V/WindowOrientationListener( 3036): mSContextAutoRotationListener.getProposedRotation, Rotation: 0
V/WindowManager( 3036): rotationForOrientationLw(orient=0, last=1); user=0  sensorRotation=0 mLidState=-1 mDockMode=0 mHdmiPlugged=false mAccelerometerDefault=false gripRotationLock=false
D/CrashAnrDetector( 3036): Build: samsung/ja3gxx/ja3g:4.4.2/KOT49H/I9500XXEFNB1:eng/test-keys
D/CrashAnrDetector( 3036): Hardware: universal5410
D/CrashAnrDetector( 3036): Revision: 10
D/CrashAnrDetector( 3036): Bootloader: I9500XXEFNB1
D/CrashAnrDetector( 3036): Radio: unknown
D/CrashAnrDetector( 3036): Kernel: Linux version 3.4.5-553447-eng (dpi@SWDD5014) (gcc version 4.6.x-google 20120106 (prerelease) (GCC) ) #1 SMP PREEMPT Wed Feb 5 00:38:40 KST 2014
D/CrashAnrDetector( 3036): 
D/CrashAnrDetector( 3036): *** *** *** *** *** *** *** *** *** *** *** *** *** *** *** ***
D/CrashAnrDetector( 3036): Build fingerprint: 'samsung/ja3gxx/ja3g:4.4.2/KOT49H/I9500XXEFNB1:eng/test-keys'
D/CrashAnrDetector( 3036): Revision: '10'
D/CrashAnrDetector( 3036): pid: 25738, tid: 25738, name: ransitioneffect  >>> com.samsung.demo.wbtatransitioneffect <<<
D/CrashAnrDetector( 3036): signal 11 (SIGSEGV), code 1 (SEGV_MAPERR), fault addr 0000000d
D/CrashAnrDetector( 3036):     r0 0000000d  r1 00000000  r2 00000001  r3 00000000
D/CrashAnrDetector( 3036):     r4 77c7cec4  r5 00000000  r6 00000000  r7 00000000
D/CrashAnrDetector( 3036):     r8 beb9c23c  r9 6d6a0cf4  sl 4170ba90  fp beb9c254
D/CrashAnrDetector( 3036):     ip 00000001  sp beb9c150  lr 40073d21  pc 778e2b08  cpsr 600f0030
D/CrashAnrDetector( 3036):     d0  6f6974616d726f20  d1  6c61766e49203a76
D/CrashAnrDetector( 3036):     d2  65706f7270206461  d3  657079742079746c
D/CrashAnrDetector( 3036):     d4  3f985a2eb9a334dc  d5  0000000000000000
D/CrashAnrDetector( 3036):     d6  0000000000000000  d7  0000000043800000
D/CrashAnrDetector( 3036):     d8  0000000000000000  d9  0000000000000000
D/CrashAnrDetector( 3036):     d10 0000000000000000  d11 0000000000000000
D/CrashAnrDetector( 3036):     d12 0000000000000000  d13 0000000000000000
D/CrashAnrDetector( 3036):     d14 0000000000000000  d15 0000000000000000
D/CrashAnrDetector( 3036):     d16 0000000f00000009  d17 3ff0000000000000
D/CrashAnrDetector( 3036):     d18 3fc3bd3cdc2cab20  d19 3fc233f5a2f727d2
D/CrashAnrDetector( 3036):     d20 3fabbd76807614f3  d21 3f82391ed3d83df8
D/CrashAnrDetector( 3036):     d22 3f967b6faf8d2e07  d23 3f57f48a38a4a052
D/CrashAnrDetector( 3036):     d24 3f6d8a8e44e27de7  d25 3f3043b3a18f8aef
D/CrashAnrDetector( 3036):     d26 3f43545b10f5feaa  d27 3f12e167f9ad8af4
D/CrashAnrDetector( 3036):     d28 3f1460ea3eff5d8f  d29 3faf019b84a612a9
D/CrashAnrDetector( 3036):     d30 bef375cbdb605373  d31 023b008f0235008e
D/CrashAnrDetector( 3036):     scr 80000010
D/CrashAnrDetector( 3036): 
D/CrashAnrDetector( 3036): backtrace:
D/CrashAnrDetector( 3036):     #00  pc 000f3b08  /data/app-lib/com.samsung.demo.wbtatransitioneffect-21/libSgi.so
D/CrashAnrDetector( 3036):     #01  pc 00141585  /data/app-lib/com.samsung.demo.wbtatransitioneffect-21/libSgi.so
D/CrashAnrDetector( 3036): 
D/CrashAnrDetector( 3036): stack:
D/CrashAnrDetector( 3036):          beb9c110  00000000  
D/CrashAnrDetector( 3036):          beb9c114  77c7ced4  
D/CrashAnrDetector( 3036):          beb9c118  797c8f90  
D/CrashAnrDetector( 3036):          beb9c11c  00000000  
D/CrashAnrDetector( 3036):          beb9c120  00000000  
D/CrashAnrDetector( 3036):          beb9c124  797c8f98  
D/CrashAnrDetector( 3036):          beb9c128  beb9c23c  [stack]
D/CrashAnrDetector( 3036):          beb9c12c  4007735b  /system/lib/libc.so (dlfree+50)
D/CrashAnrDetector( 3036):          beb9c130  400b1000  /system/lib/libc.so
D/CrashAnrDetector( 3036):          beb9c134  77c7cec4  
D/CrashAnrDetector( 3036):          beb9c138  77c7cec4  
D/CrashAnrDetector( 3036):          beb9c13c  00000000  
D/CrashAnrDetector( 3036):          beb9c140  00000000  
D/CrashAnrDetector( 3036):          beb9c144  40073d21  /system/lib/libc.so (free+12)
D/CrashAnrDetector( 3036):          beb9c148  ffffffff  
D/CrashAnrDetector( 3036):          beb9c14c  778e2b07  /data/app-lib/com.samsung.demo.wbtatransitioneffect-21/libSgi.so
D/CrashAnrDetector( 3036):     #00  beb9c150  797c8c28  
D/CrashAnrDetector( 3036):          beb9c154  77c7ce98  
D/CrashAnrDetector( 3036):          beb9c158  00000000  
D/CrashAnrDetector( 3036):          beb9c15c  77930589  /data/app-lib/com.samsung.demo.wbtatransitioneffect-21/libSgi.so
D/CrashAnrDetector( 3036):     #01  beb9c160  77c7ce98  
D/CrashAnrDetector( 3036):          beb9c164  778e29ed  /data/app-lib/com.samsung.demo.wbtatransitioneffect-21/libSgi.so
D/CrashAnrDetector( 3036):          beb9c168  beb9c180  [stack]
D/CrashAnrDetector( 3036):          beb9c16c  778b265f  /data/app-lib/com.samsung.demo.wbtatransitioneffect-21/libSgi.so
D/CrashAnrDetector( 3036):          beb9c170  77c6bca8  
D/CrashAnrDetector( 3036):          beb9c174  beb9c1b0  [stack]
D/CrashAnrDetector( 3036):          beb9c178  738f2240  
D/CrashAnrDetector( 3036):          beb9c17c  779776bb  /data/app-lib/com.samsung.demo.wbtatransitioneffect-21/libSgi.so
D/CrashAnrDetector( 3036):          beb9c180  77c7ce98  
D/CrashAnrDetector( 3036):          beb9c184  00000000  
D/CrashAnrDetector( 3036):          beb9c188  00000000  
D/CrashAnrDetector( 3036):          beb9c18c  797c8d90  
D/CrashAnrDetector( 3036):          beb9c190  77c7ce98  
D/CrashAnrDetector( 3036):          beb9c194  00000000  
D/CrashAnrDetector( 3036):          beb9c198  00000000  
D/CrashAnrDetector( 3036):          beb9c19c  797c8d90  
D/CrashAnrDetector( 3036): 
D/CrashAnrDetector( 3036): memory near r4:
D/CrashAnrDetector( 3036):     77c7cea4 00000000 77c517d0 00000000 00000000  
D/CrashAnrDetector( 3036):     77c7ceb4 00000000 738dcfc8 ffffffff 00000002  
D/CrashAnrDetector( 3036):     77c7cec4 0000000d 00000000 00000000 797c8f98  
D/CrashAnrDetector( 3036):     77c7ced4 696e416e 00000000 797c8c28 797c8c28  
D/CrashAnrDetector( 3036):     77c7cee4 797c8c50 00000002 78655401 0000000b  
D/CrashAnrDetector( 3036):     77c7cef4 00010000 00000068 00000063 401e4428  
D/CrashAnrDetector( 3036):     77c7cf04 77c7cf60 401e3c10 77c7cf88 00000005  
D/CrashAnrDetector( 3036):     77c7cf14 00000007 00000004 43270000 40400000  
D/CrashAnrDetector( 3036):     77c7cf24 c21c0000 43250000 3f800000 401e4448  
D/CrashAnrDetector( 3036):     77c7cf34 77c7cfb0 00000005 00000007 00000002  
D/CrashAnrDetector( 3036):     77c7cf44 401e3c10 77c6dcf0 0000000a 00000007  
D/CrashAnrDetector( 3036):     77c7cf54 00000004 00000000 0000001b 00000001  
D/CrashAnrDetector( 3036):     77c7cf64 00000001 77c7cf00 00000000 00000000  
D/CrashAnrDetector( 3036):     77c7cf74 0000002b 00000001 00000014 00000000  
D/CrashAnrDetector( 3036):     77c7cf84 0
D/CrashAnrDetector( 3036): processName:com.samsung.demo.wbtatransitioneffect
D/CrashAnrDetector( 3036): broadcastEvent : com.samsung.demo.wbtatransitioneffect SYSTEM_TOMBSTONE
W/ContextImpl( 3036): Calling a method in the system process without a qualified user: android.app.ContextImpl.sendBroadcast:1481 com.android.server.analytics.data.collection.application.CrashAnrDetector.broadcastEvent:296 com.android.server.analytics.data.collection.application.CrashAnrDetector.processDropBoxEntry:254 com.android.server.analytics.data.collection.application.CrashAnrDetector.access$100:60 com.android.server.analytics.data.collection.application.CrashAnrDetector$1.onReceive:102 
I/ContextFramework( 3532): AppUsageMonitor: app log inserted com.samsung.demo.wbtatransitioneffect/com.samsung.demo.wbtatransitioneffect.OpenSDKDemoActivity type 0
D/DataRouter( 2563): After the usb select
D/DataRouter( 2563): read usb data[len:4]
D/DataRouter( 2563): read usb data message:
D/DataRouter( 2563): Before the usb select
D/connfw  ( 2565): [DR->CONNFW]Received data notification
D/connfw  ( 2565): NOT DEFINE
D/connfw  ( 2565): Message:
E/DataRouter( 2563): [socket:10]******* Received data notification *******
E/android.os.Debug( 3036): !@Dumpstate > dumpstate -k -t -z -d -o /data/log/dumpstate_app_error
I/dumpstate(25903): begin
I/dumpstate(25903): dumpstate is still running
W/ApplicationPackageManager( 3036): getCSCPackageItemText()
D/SSRMv2:CustomFrequencyManagerService( 3036): Before Removing ---------
D/SSRMv2:CustomFrequencyManagerService( 3036): ############################ Start : CPU BOOST ###############################
D/SSRMv2:CustomFrequencyManagerService( 3036): dumpDVFSLockList : DVFS_MIN_LIMIT
D/SSRMv2:CustomFrequencyManagerService( 3036):     0 : tag : ROTATION_BOOSTER@20  frequency : 1600000  elapsed time : 2143 Binder = android.os.Binder@435b6458 UID 1000 PID = 3036
D/SSRMv2:CustomFrequencyManagerService( 3036): ############################ END : CPU BOOST ###############################
D/SSRMv2:CustomFrequencyManagerService( 3036): dumpDVFSLockList : mCurrentDVFSMinLock : 0
D/SSRMv2:CustomFrequencyManagerService( 3036): After Removing ----------
D/SSRMv2:CustomFrequencyManagerService( 3036): releaseDVFSLockLocked : Getting Lock type frm List : DVFS_MIN_LIMIT  frequency : 1600000  uid : 1000  pid : 3036  tag : ROTATION_BOOSTER@20
D/SSRMv2:CustomFrequencyManagerService( 3036): releaseDVFSLockLocked : all FREQUENCY_CPU_TYPE_BOOST_MIN_LIMIT are released 
D/SSRMv2:CustomFrequencyManagerService( 3036): writeSysfs:: path = /sys/power/cpufreq_min_limit, value = -1
I/SELinux (25904): Function: selinux_android_load_priority [0], There is no sepolicy file.
I/SELinux (25904):  
I/SELinux (25904): Function: selinux_android_load_priority [1], There is no sepolicy version file.
I/SELinux (25904):  
I/SELinux (25904): Function: selinux_android_load_priority , loading version is VE=SEPF_GT-I9500_4.4.2_0005
I/SELinux (25904):  
I/SELinux (25904):  
I/SELinux (25904): selinux_android_seapp_context_reload: seapp_contexts file is loaded from /seapp_contexts
I/ActivityManager( 3036): Start proc ru.yandex.weatherplugin for broadcast ru.yandex.weatherplugin/ru.yandex.common.clid.ClidBroadcastReceiver: pid=25904 uid=10207 gids={50207, 3003}
D/InputTransport( 3036): Input channel constructed: name='4346ec30 Application Error: com.samsung.demo.wbtatransitioneffect (server)', fd=338
D/InputTransport( 3036): Input channel constructed: name='4346ec30 Application Error: com.samsung.demo.wbtatransitioneffect (client)', fd=340
I/SpenGestureManager( 3036): setFocusWindow0
D/EnterpriseDeviceManager( 3036): ContainerId: 0
D/InputDispatcher( 3036): Focus left window: Window{44a85898 u0 com.samsung.demo.wbtatransitioneffect/com.samsung.demo.wbtatransitioneffect.OpenSDKDemoActivity}
D/InputDispatcher( 3036): Focus entered window: Window{4346ec30 u0 Application Error: com.samsung.demo.wbtatransitioneffect}
V/WindowOrientationListener( 3036): mSContextAutoRotationListener.getProposedRotation, mbResultFaceDectection: false
V/WindowOrientationListener( 3036): mSContextAutoRotationListener.getProposedRotation, Rotation: 0
V/WindowOrientationListener( 3036): mSContextAutoRotationListener.getProposedRotation, mbResultFaceDectection: false
V/WindowOrientationListener( 3036): mSContextAutoRotationListener.getProposedRotation, Rotation: 0
I/DVFSHelper( 3036): acquire:: timeout = 2000, mIsAcquired = true
I/DVFSHelper( 3036): acquire:: DVFS lock is already acquired. Previous lock will be released first.
I/DVFSHelper( 3036): release:: mIsAcquired = true
I/DVFSHelper( 3036): release:: cpuRequest is released.
I/CustomFrequencyManager( 3036): newFrequencyRequest  - mFrequency = 1600000, mTimeoutMs = 2000, mPkgName = ROTATION_BOOSTER@20
I/CustomFrequencyManager( 3036): Boost Request from package = ROTATION_BOOSTER@20 frequency : 1600000type = 6
I/CustomFrequencyManager( 3036): !! pkgName = ROTATION_BOOSTER@20
I/CustomFrequencyManager( 3036): CPUDVFSControlRequest : doFrequencyRequest::  = 1600000 Timeout : 2000
D/STATUSBAR-StatusBarManagerService( 3036): manageDisableList what=0x0 pkg=WindowManager.LayoutParams
V/WindowManager( 3036): rotationForOrientationLw(orient=-1, last=1); user=0  sensorRotation=0 mLidState=-1 mDockMode=0 mHdmiPlugged=false mAccelerometerDefault=false gripRotationLock=false
D/SSRMv2:CustomFrequencyManagerService( 3036): Before Removing ---------
D/SSRMv2:CustomFrequencyManagerService( 3036): After Removing ----------
D/SSRMv2:CustomFrequencyManagerService( 3036): checkCPUBoostRange : 1600000
D/SSRMv2:CustomFrequencyManagerService( 3036): acquireDVFSLockLocked : type : DVFS_MIN_LIMIT  frequency : 1600000  uid : 1000  pid : 3036  pkgName : ROTATION_BOOSTER@20
D/SSRMv2:CustomFrequencyManagerService( 3036): Before Adding ---------
D/SSRMv2:CustomFrequencyManagerService( 3036): After Adding ---------
D/SSRMv2:CustomFrequencyManagerService( 3036): ############################ Start : CPU BOOST ###############################
D/SSRMv2:CustomFrequencyManagerService( 3036): dumpDVFSLockList : DVFS_MIN_LIMIT
D/SSRMv2:CustomFrequencyManagerService( 3036):     0 : tag : ROTATION_BOOSTER@20  frequency : 1600000  elapsed time : 0 Binder = android.os.Binder@435b6458 UID 1000 PID = 3036
D/SSRMv2:CustomFrequencyManagerService( 3036): ############################ END : CPU BOOST ###############################
D/SSRMv2:CustomFrequencyManagerService( 3036): acquireDVFSLockLocked : Creating new Lock type & adding to List : DVFS_MIN_LIMIT  frequency : 1600000  uid : 1000  pid : 3036  pkgName : ROTATION_BOOSTER@20
D/SSRMv2:CustomFrequencyManagerService( 3036): writeSysfs:: path = /sys/power/cpufreq_min_limit, value = 1600000
I/DVFSHelper( 3036): acquire:: timeout = 500, mIsAcquired = true
I/DVFSHelper( 3036): acquire:: DVFS lock is already acquired. Previous lock will be released first.
I/DVFSHelper( 3036): release:: mIsAcquired = true
D/InputDispatcher( 3036): setInputDispatchMode: enabled=1, frozen=1
I/SurfaceFlinger( 2552): id=206 createSurf (1080x1920),2 flag=404, ScreenshotSurface
D/SSRMv2:AirViewOnOff( 3036): DeviceInfo:: 00000000000
D/SSRMv2:AirViewOnOff( 3036): SettingsAirViewInfo:: 000000000
D/SSRMv2:Monitor( 3036): MSG_CFMS_COMMAND:: values[0] = TYPE_WINDOW_ORIENTATION, values[1] = PORTRAIT
I/SurfaceFlinger( 2552): Orientation 1=>0
D/PointerIcon( 3036): setMouseIconStyle1 pointerType: 1001iconType:101 flag:0
D/PointerIcon( 3036): setMouseCustomIcon IconType is same.101
D/PointerIcon( 3036): setHoveringSpenIconStyle1 pointerType: 10001iconType:1 flag:0
D/PointerIcon( 3036): setHoveringSpenCustomIcon IconType is same.1
D/SurfaceWidgetView( 3607): destroyHardwareResources():1127042848
D/SurfaceWidgetView( 3607): destroyHardwareResources():1124585472
D/SurfaceWidgetView( 3607): destroyHardwareResources():1124601152
D/SurfaceWidgetView( 3607): destroyHardwareResources():1124617248
V/WindowOrientationListener( 3036): mSContextAutoRotationListener.getProposedRotation, mbResultFaceDectection: false
V/WindowOrientationListener( 3036): mSContextAutoRotationListener.getProposedRotation, Rotation: 0
V/WindowOrientationListener( 3036): mSContextAutoRotationListener.getProposedRotation, mbResultFaceDectection: false
V/WindowOrientationListener( 3036): mSContextAutoRotationListener.getProposedRotation, Rotation: 0
D/Launcher( 3607): onRestart, Launcher: 1118458496
D/Launcher( 3607): onStart, Launcher: 1118458496
D/Launcher.HomeView( 3607): onStart
V/WindowManager( 3036): rotationForOrientationLw(orient=1, last=0); user=0  sensorRotation=0 mLidState=-1 mDockMode=0 mHdmiPlugged=false mAccelerometerDefault=false gripRotationLock=false
I/InputReader( 3036): Reconfiguring input devices.  changes=0x00000004
I/InputReader( 3036): Device reconfigured: id=2, name='sec_touchscreen', size 1080x1920, orientation 0, mode 1, display id 0
D/SurfaceWidgetClient$ISurfaceWidgetStub( 3920): [123491/1] Surface widget visibility changed visibility = true on instance = 1
D/SurfaceWidgetClient$ISurfaceWidgetStub( 3928): [123491/1] Surface widget visibility changed visibility = true on instance = 1
D/SurfaceWidgetClient$ISurfaceWidgetStub( 3960): [123491/1] Surface widget visibility changed visibility = true on instance = 1
D/SurfaceWidgetClient$ISurfaceWidgetStub( 3944): [123491/1] Surface widget visibility changed visibility = true on instance = 1
D/SurfaceWidget.Renderer( 3944): [123491/1] SurfaceWidgetRenderer waiting done: 1 (Thread[Thread-106,5,main])
D/SurfaceWidget.Renderer( 3944): [123491/1] SurfaceWidget drawing first frame
D/SurfaceWidget.Renderer( 3928): [123491/1] SurfaceWidgetRenderer waiting done: 1 (Thread[Thread-103,5,main])
D/SurfaceWidget.Renderer( 3960): [123491/1] SurfaceWidgetRenderer waiting done: 1 (Thread[Thread-110,5,main])
D/SurfaceWidget.Renderer( 3920): [123491/1] SurfaceWidgetRenderer waiting done: 1 (Thread[Thread-105,5,main])
D/SurfaceWidget.Renderer( 3920): [123491/1] SurfaceWidget drawing first frame
D/SurfaceWidget.Renderer( 3928): [123491/1] SurfaceWidget drawing first frame
D/SurfaceWidget.Renderer( 3928): [123491/1] SurfaceWidgetRenderer waiting: 1 (Thread[Thread-103,5,main])
D/accuweather( 3944): [Accuweather J]>>> WR:616 [0:0] onGLDraw : BG texture = 350005
D/SurfaceWidget.Renderer( 3960): [123491/1] SurfaceWidget drawing first frame
D/SurfaceWidget.Renderer( 3920): [123491/1] SurfaceWidgetRenderer waiting: 1 (Thread[Thread-105,5,main])
D/SurfaceWidget.Renderer( 3960): [123491/1] SurfaceWidgetRenderer waiting: 1 (Thread[Thread-110,5,main])
I/ActivityManager( 3036): Config changes=480 {0 1.0 ?mcc?mnc en_GB ldltr sw360dp w360dp h615dp 480dpi nrml long port finger -keyb/v/h -nav/h s.32}
D/SurfaceWidget.Renderer( 3944): [123491/1] SurfaceWidgetRenderer waiting: 1 (Thread[Thread-106,5,main])
D/SViewCoverWidget( 3269): initClock() : TimeZone =libcore.util.ZoneInfo[id="Europe/Kiev",mRawOffset=7200000,mEarliestRawOffset=7200000,mUseDst=true,mDstSavings=3600000,transitions=119]
I/SamsungIME( 3871): beforeConfigrationChanged()
D/PhoneApp( 3481): hardkeyboardHidden : 2
D/PhoneApp( 3481): updateProximitySensorMode: state = IDLE
D/PhoneApp( 3481): - isCoverClosed : false
D/PhoneApp( 3481):   - screenOnImmediately : true
D/PhoneApp( 3481):   - isForegroundActivityForProximity : false
D/PhoneApp( 3481):   - proximitySensorActive : 1
D/PhoneApp( 3481): updateProximitySensorMode: lock already released.
D/SamsungIME( 3871): onStartInput
D/PhoneStatusBar( 3293): mSettingsPanelGravity = 55
I/SurfaceFlinger( 2552): id=207 createSurf (1x1),1 flag=4, Application Error: com.samsung.demo.wbtatransitioneffect
D/PhoneStatusBarView( 3293): marqueeStatusBar:182, mClearCover:0
D/STATUSBAR-QuickSettingPanel( 3293): setSingleLine:true
D/STATUSBAR-QuickSettingButton( 3293): Button configurationchanged
D/STATUSBAR-QuickSettingButton( 3293): Button dynamicallyReduceTextSize
D/STATUSBAR-QuickSettingButton( 3293): Button configurationchanged
D/STATUSBAR-QuickSettingButton( 3293): Button dynamicallyReduceTextSize
D/STATUSBAR-QuickSettingButton( 3293): Button configurationchanged
D/STATUSBAR-QuickSettingButton( 3293): Button dynamicallyReduceTextSize
D/STATUSBAR-QuickSettingButton( 3293): Button configurationchanged
D/STATUSBAR-QuickSettingButton( 3293): Button dynamicallyReduceTextSize
D/STATUSBAR-QuickSettingButton( 3293): Button configurationchanged
D/STATUSBAR-QuickSettingButton( 3293): Button dynamicallyReduceTextSize
D/STATUSBAR-QuickSettingButton( 3293): Button configurationchanged
D/STATUSBAR-QuickSettingButton( 3293): Button dynamicallyReduceTextSize
D/STATUSBAR-QuickSettingButton( 3293): Button configurationchanged
D/STATUSBAR-QuickSettingButton( 3293): Button dynamicallyReduceTextSize
D/STATUSBAR-QuickSettingButton( 3293): Button configurationchanged
D/STATUSBAR-QuickSettingButton( 3293): Button dynamicallyReduceTextSize
D/STATUSBAR-QuickSettingButton( 3293): Button configurationchanged
D/STATUSBAR-QuickSettingButton( 3293): Button dynamicallyReduceTextSize
D/STATUSBAR-QuickSettingButton( 3293): Button configurationchanged
D/STATUSBAR-QuickSettingButton( 3293): Button dynamicallyReduceTextSize
D/STATUSBAR-QuickSettingButton( 3293): Button configurationchanged
D/STATUSBAR-QuickSettingButton( 3293): Button configurationchanged
D/STATUSBAR-QuickSettingButton( 3293): Button configurationchanged
D/STATUSBAR-QuickSettingButton( 3293): Button configurationchanged
D/STATUSBAR-QuickSettingButton( 3293): Button configurationchanged
D/STATUSBAR-QuickSettingButton( 3293): Button configurationchanged
D/STATUSBAR-QuickSettingButton( 3293): Button configurationchanged
D/STATUSBAR-QuickSettingButton( 3293): Button configurationchanged
D/STATUSBAR-QuickSettingButton( 3293): Button configurationchanged
D/STATUSBAR-QuickSettingButton( 3293): Button configurationchanged
D/STATUSBAR-QuickSettingButton( 3293): Button configurationchanged
D/STATUSBAR-QuickSettingButton( 3293): Button configurationchanged
E/dalvikvm( 3607): 3607(com.sec.android.app.launcher) stat: (e)    3    41KB / (c)   14    95MB / (a)   13    26MB / (h)    29MB    30MB  1826KB
D/dalvikvm( 3607): GC_FOR_ALLOC freed 4678K, 18% free 46529K/56188K, paused 118ms, total 121ms
I/DVFSHelper( 3036): acquire:: timeout = -1, mIsAcquired = false
I/CustomFrequencyManager( 3036): newFrequencyRequest  - mFrequency = 1200000, mTimeoutMs = -1, mPkgName = ACTIVITY_RESUME_BOOSTER@4
I/CustomFrequencyManager( 3036): Boost Request from package = ACTIVITY_RESUME_BOOSTER@4 frequency : 1200000type = 6
I/CustomFrequencyManager( 3036): !! pkgName = ACTIVITY_RESUME_BOOSTER@4
I/CustomFrequencyManager( 3036): CPUDVFSControlRequest : doFrequencyRequest::  = 1200000 Timeout : -1
I/DVFSHelper( 3036): acquire:: timeout = -1, mIsAcquired = false
I/CustomFrequencyManager( 3036): newFrequencyRequest  - mFrequency = 266, mTimeoutMs = -1, mPkgName = ACTIVITY_RESUME_BOOSTER@5
I/CustomFrequencyManager( 3036): Boost Request from package = ACTIVITY_RESUME_BOOSTER@5 frequency : 266type = 1
I/CustomFrequencyManager( 3036): !! pkgName = ACTIVITY_RESUME_BOOSTER@5
I/CustomFrequencyManager( 3036): GPU : doFrequencyRequest::  = 266 Timeout : -1
I/CustomFrequencyManager( 3036): GPU : doFrequencyRequest::  = 266 Timeout : -1
D/SSRMv2:Monitor( 3036): onForegroundAppChanged:: packageName = com.sec.android.app.launcher, pid = 3607
D/SSRMv2:GovernorAdonis( 3036): updateParameters:: mIsTargetAppInForeground = false
D/Monitor ( 3036): writeStringToSysfs:: path = /sys/devices/system/cpu/cpufreq/ondemand/sampling_down_factor, value = 1
W/ActivityManager( 3036): Activity pause timeout for ActivityRecord{44bc79e0 u0 com.samsung.demo.wbtatransitioneffect/.OpenSDKDemoActivity t17 f}
D/Monitor ( 3036): writeStringToSysfs:: path = /sys/devices/system/cpu/cpufreq/ondemand/sampling_rate, value = 100000
D/SSRMv2:CustomFrequencyManagerService( 3036): checkCPUBoostRange : 1200000
D/SSRMv2:CustomFrequencyManagerService( 3036): acquireDVFSLockLocked : type : DVFS_MIN_LIMIT  frequency : 1200000  uid : 1000  pid : 3036  pkgName : ACTIVITY_RESUME_BOOSTER@4
D/SSRMv2:CustomFrequencyManagerService( 3036): Before Adding ---------
D/Monitor ( 3036): writeStringToSysfs:: path = /sys/devices/system/cpu/cpufreq/ondemand/up_step_level_b, value = 1200000
D/SSRMv2:CustomFrequencyManagerService( 3036): ############################ Start : CPU BOOST ###############################
D/SSRMv2:CustomFrequencyManagerService( 3036): dumpDVFSLockList : DVFS_MIN_LIMIT
D/SSRMv2:CustomFrequencyManagerService( 3036):     0 : tag : ROTATION_BOOSTER@20  frequency : 1600000  elapsed time : 227 Binder = android.os.Binder@435b6458 UID 1000 PID = 3036
D/SSRMv2:CustomFrequencyManagerService( 3036): ############################ END : CPU BOOST ###############################
D/SSRMv2:CustomFrequencyManagerService( 3036): dumpDVFSLockList : mCurrentDVFSMinLock : 0
D/SSRMv2:CustomFrequencyManagerService( 3036): After Adding ---------
D/SSRMv2:CustomFrequencyManagerService( 3036): ############################ Start : CPU BOOST ###############################
D/SSRMv2:CustomFrequencyManagerService( 3036): dumpDVFSLockList : DVFS_MIN_LIMIT
D/SSRMv2:CustomFrequencyManagerService( 3036):     0 : tag : ROTATION_BOOSTER@20  frequency : 1600000  elapsed time : 227 Binder = android.os.Binder@435b6458 UID 1000 PID = 3036
D/SSRMv2:CustomFrequencyManagerService( 3036): dumpDVFSLockList : DVFS_MIN_LIMIT
D/Monitor ( 3036): writeStringToSysfs:: path = /sys/devices/system/cpu/cpufreq/ondemand/up_step_level_l, value = 600000
D/SSRMv2:CustomFrequencyManagerService( 3036):     1 : tag : ACTIVITY_RESUME_BOOSTER@4  frequency : 1200000  elapsed time : 0 Binder = android.os.Binder@435b6458 UID 1000 PID = 3036
D/SSRMv2:CustomFrequencyManagerService( 3036): ############################ END : CPU BOOST ###############################
D/SSRMv2:CustomFrequencyManagerService( 3036): dumpDVFSLockList : mCurrentDVFSMinLock : 0
D/SSRMv2:CustomFrequencyManagerService( 3036): acquireDVFSLockLocked : Creating new Lock type & adding to List : DVFS_MIN_LIMIT  frequency : 1200000  uid : 1000  pid : 3036  pkgName : ACTIVITY_RESUME_BOOSTER@4
W/ActivityManager( 3036): mDVFSHelper.acquire()
D/Monitor ( 3036): writeStringToSysfs:: path = /sys/devices/system/cpu/cpufreq/ondemand/up_threshold, value = 90
D/SSRMv2:CustomFrequencyManagerService( 3036): requestGPU, frequency : 266 package : ACTIVITY_RESUME_BOOSTER@5 uid: 1000 pid: 3036
D/SSRMv2:CustomFrequencyManagerService( 3036): requestGPU, index: -1
D/SSRMv2:CustomFrequencyManagerService( 3036): GPU before adding----------
D/SSRMv2:CustomFrequencyManagerService( 3036): FrequencyrequestList.addReqest:: insert new request.
D/SSRMv2:CustomFrequencyManagerService( 3036): GPU after adding----------
D/SSRMv2:CustomFrequencyManagerService( 3036): ############################ Start : LCD BUS GPU ###############################
D/SSRMv2:CustomFrequencyManagerService( 3036): GPU     0 : tag : ACTIVITY_RESUME_BOOSTER@5  Frequency = 266 Binder = android.os.Binder@435b6458 UID 1000 PID = 3036
D/SSRMv2:CustomFrequencyManagerService( 3036): ############################ End :  LCD BUS GPU ###############################
D/SSRMv2:CustomFrequencyManagerService( 3036): requestGPU, index not found, new req added in list
D/SSRMv2:GenericFalImpl( 3036): modifyToValues:: path = /sys/devices/platform/pvrsrvkm.0/sgx_dvfs_min_lock, value = 266
D/Monitor ( 3036): writeStringToSysfs:: path = /sys/devices/system/cpu/cpufreq/ondemand/up_threshold_h, value = 90
D/Monitor ( 3036): writeStringToSysfs:: path = /sys/devices/system/cpu/cpufreq/ondemand/up_threshold_l, value = 90
W/ContextImpl( 3036): Calling a method in the system process without a qualified user: android.app.ContextImpl.sendBroadcast:1481 com.android.server.am.ActivityStack.resumeTopActivityLocked:2183 com.android.server.am.ActivityStack.resumeTopActivityLocked:1764 com.android.server.am.ActivityStackSupervisor.resumeTopActivitiesLocked:3115 com.android.server.am.ActivityStack.completePauseLocked:1231 
D/Tethering( 3036): setOemDunRequired
E/Tethering( 3036): No numeric data
D/SViewCoverView( 3269): BroadcastReceiver onReceive() : action : android.intent.action.CONFIGURATION_CHANGED
D/SViewCoverWidget( 3269): onReceive() : intent=Intent { act=android.intent.action.CONFIGURATION_CHANGED flg=0x70000010 }
D/SViewCoverWidget( 3269): initClock() : TimeZone =libcore.util.ZoneInfo[id="Europe/Kiev",mRawOffset=7200000,mEarliestRawOffset=7200000,mUseDst=true,mDstSavings=3600000,transitions=119]
D/ContainerEventsRelayManager( 3544): <<< Intent action is >>> : android.intent.action.CONFIGURATION_CHANGED
D/ContainerEventsRelayManager( 3544): <<< Intent data is   >>> : null
D/ECS_EnterpriseContainerService( 3036): getContainers   --  Called + uid1000
D/ECS_EnterpriseContainerService( 3036): getContainers   --  Called passing security
D/ECS_EnterpriseContainerCacheData( 3036): Container cache getContainers 
D/ECS_EnterpriseContainerCacheData( 3036): Container cache getContainers not null
E/SmartFaceService( 3036): onReceive: android.intent.action.CONFIGURATION_CHANGED
E/SmartFaceService( 3036): mFolderCoverOpened: (true, true) -> true
D/InCallQuickPanel( 3481): Action: android.intent.action.CONFIGURATION_CHANGED
D/NotificationMgr( 3481): updateInCallNotification(allowFullScreenIntent = false)...
D/GestureService( 3773): deviceConditionChangeReceiver: onReceive - android.intent.action.CONFIGURATION_CHANGED
D/NotificationMgr( 3481): cancelInCall()...
I/ContainerAgent(25622): SettingsFontWriterFile is not existed.
D/STATUSBAR-IconMerger( 3293): checkOverflow(648), More:false, Req:false Child:3
D/CellLayoutChildren( 3607): setCellDimensions. width: 252, height: 315, gapX: 15, gapY: 18
V/SmartFaceService - 3rd party pause( 3036): onReceive [android.intent.action.ACTIVITY_STATE/com.sec.android.app.launcher/resume]
D/STATUSBAR-NetworkController( 3293): onReceive() - ACTION_CONFIGURATION_CHANGED
D/STATUSBAR-NetworkController( 3293): Nothing, mRoamingIconId = 0
D/STATUSBAR-Clock( 3293): updateClock:1428055723660 mCalendar.getTimeZone():Europe/Kiev TimeZone.getDefault():Europe/Kiev
D/STATUSBAR-Clock( 3293): getSmallTime:Fri Apr 03 13:08:43 EEST 2015
D/STATUSBAR-Clock( 3293): updateClock:1428055723662 mCalendar.getTimeZone():Europe/Kiev TimeZone.getDefault():Europe/Kiev
D/STATUSBAR-Clock( 3293): getSmallTime:Fri Apr 03 13:08:43 EEST 2015
D/STATUSBAR-IconMerger( 3293): checkOverflow(648), More:false, Req:false Child:3
I/SurfaceFlinger( 2552): id=208 createSurf (3840x1080),-1 flag=20004, BlackSurface
I/SurfaceFlinger( 2552): id=209 createSurf (1920x2160),-1 flag=20004, BlackSurface
I/WindowManager( 3036): Screen frozen for +289ms due to Window{4354ddc8 u0 StatusBar}
I/SurfaceFlinger( 2552): id=210 createSurf (3840x1080),-1 flag=20004, BlackSurface
I/SurfaceFlinger( 2552): id=211 createSurf (1920x2160),-1 flag=20004, BlackSurface
D/InputDispatcher( 3036): setInputDispatchMode: enabled=1, frozen=0
E/dalvikvm( 3607): 3607(com.sec.android.app.launcher) stat: (e)    3    41KB / (c)   14    95MB / (a)   14    26MB / (h)    29MB    30MB  1659KB
D/dalvikvm( 3607): GC_FOR_ALLOC freed 71K, 17% free 46696K/56188K, paused 23ms, total 24ms
D/[YaWeather:WeatherApplication](25904): Name of package not found
I/dalvikvm-heap( 3607): Grow heap (frag case) to 48.077MB for 933136-byte allocation
D/[YSearch:LocationInfoRetriever](25904): LocationInfo retrieving started
I/SamsungIME( 3871): siso added package name is package:com.samsung.demo.wbtatransitioneffect
E/dalvikvm( 3607): 3607(com.sec.android.app.launcher) stat: (e)    3    41KB / (c)   14    95MB / (a)   15    26MB / (h)    30MB    31MB  1620KB
D/dalvikvm( 3607): GC_FOR_ALLOC freed 4K, 17% free 47603K/57100K, paused 23ms, total 23ms
I/Suman   ( 4020): BroadcastReceived
I/HomeSyncInstallReceiver( 3520): This pkg do not need BT addr. Do nothing
D/WallpaperManager( 3607): SEC_PRODUCT_FEATURE_COMMON_ENABLE_TEXTURE_COMPRESSION is false
D/CellLayoutChildren( 3607): setCellDimensions. width: 216, height: 276, gapX: 0, gapY: 0
D/WallpaperManager( 3607): SEC_PRODUCT_FEATURE_COMMON_ENABLE_TEXTURE_COMPRESSION is false
D/CellLayoutChildren( 3607): setCellDimensions. width: 216, height: 276, gapX: 0, gapY: 0
D/Hotseat ( 3607): resetLayout()
D/CellLayoutHotseat( 3607): setGridSize:1,1
D/CellLayout( 3607): setGridSize(1, 1)
D/CellLayoutHotseat( 3607): animateAllChildren 1
D/PhoneInterfaceManager( 3481): getActivePhoneType() = 1
D/SystemBroadcastService( 3816): Received broadcast action=android.intent.action.PACKAGE_ADDED and uri=
D/CellLayoutChildren( 3607): addView() adding all apps icon to Hotseat's CellLayoutChildren @ index = -1 child count = 0
W/CellLayoutChildren( 3607): Adding view to CellLayoutChildren without an associated item.
D/CellLayoutHotseat( 3607): setGridSize:1,1
D/CellLayoutHotseat( 3607): animateAllChildren 1
D/CellLayoutHotseat( 3607): setGridSize:1,5
D/CellLayout( 3607): setGridSize(1, 5)
D/CellLayoutHotseat( 3607): animateAllChildren 1
D/CellLayoutHotseat( 3607): makeEmptySpace check:5 < 2
I/SELinux (25930): Function: selinux_android_load_priority [0], There is no sepolicy file.
I/SELinux (25930):  
I/SELinux (25930): Function: selinux_android_load_priority [1], There is no sepolicy version file.
I/SELinux (25930):  
I/SELinux (25930): Function: selinux_android_load_priority , loading version is VE=SEPF_GT-I9500_4.4.2_0005
I/SELinux (25930):  
I/SELinux (25930):  
I/SELinux (25930): selinux_android_seapp_context_reload: seapp_contexts file is loaded from /seapp_contexts
I/ActivityManager( 3036): Start proc com.google.android.partnersetup for broadcast com.google.android.partnersetup/.RlzPingBroadcastReceiver: pid=25930 uid=10016 gids={50016, 3003}
D/CellLayoutChildren( 3607): addView() adding view to Hotseat's CellLayoutChildren @ index = -1 and title = Phone child count = 1
D/CellLayoutHotseat( 3607): makeEmptySpace check:5 < 3
D/CellLayoutChildren( 3607): addView() adding view to Hotseat's CellLayoutChildren @ index = -1 and title = Contacts child count = 2
D/CellLayoutHotseat( 3607): makeEmptySpace check:5 < 4
D/[YSearch:LocationInfoRetriever](25904): LocationInfo retrieving completed
D/[YSearch:LocationInfoRetriever](25904): LocationInfo retrieving started
D/CellLayoutChildren( 3607): addView() adding view to Hotseat's CellLayoutChildren @ index = -1 and title = Messaging child count = 3
D/CellLayoutHotseat( 3607): makeEmptySpace check:5 < 5
D/CellLayoutChildren( 3607): addView() adding view to Hotseat's CellLayoutChildren @ index = -1 and title = Internet child count = 4
D/PhoneInterfaceManager( 3481): getActivePhoneType() = 1
W/ContextImpl( 3816): Implicit intents with startService are not safe: Intent { act=com.google.android.gms.games.service.INTENT } android.content.ContextWrapper.startService:506 com.google.android.gms.games.service.GamesIntentService.a:101 com.google.android.gms.games.service.GamesIntentService.b:368 
D/[YSearch:LocationInfoRetriever](25904): LocationInfo retrieving completed
I/System.out(25904): AsyncTask #1 calls detatch()
W/CellLayout( 3607): CellLayoutMenu.onMeasure. Parent maxHeight: 800; setting to: 1474
W/CellLayout( 3607): CellLayoutMenu.onMeasure. Parent maxHeight: 800; setting to: 1474
W/CellLayout( 3607): CellLayoutMenu.onMeasure. Parent maxHeight: 800; setting to: 1474
W/CellLayout( 3607): CellLayoutMenu.onMeasure. Parent maxHeight: 800; setting to: 1474
W/CellLayout( 3607): CellLayoutMenu.onMeasure. Parent maxHeight: 800; setting to: 1474
W/CellLayout( 3607): CellLayoutMenu.onMeasure. Parent maxHeight: 800; setting to: 1474
W/CellLayout( 3607): CellLayoutMenu.onMeasure. Parent maxHeight: 800; setting to: 1474
W/CellLayout( 3607): CellLayoutMenu.onMeasure. Parent maxHeight: 800; setting to: 1474
W/CellLayout( 3607): CellLayoutMenu.onMeasure. Parent maxHeight: 800; setting to: 1474
W/CellLayout( 3607): CellLayoutWithResizableWidgets.onMeasure. Parent maxHeight: 1005; setting to: 1354
W/CellLayout( 3607): CellLayoutWithResizableWidgets.onMeasure. Parent maxHeight: 1005; setting to: 1354
W/CellLayout( 3607): CellLayoutWithResizableWidgets.onMeasure. Parent maxHeight: 1005; setting to: 1354
W/CellLayout( 3607): CellLayoutWithResizableWidgets.onMeasure. Parent maxHeight: 1005; setting to: 1354
W/CellLayout( 3607): CellLayoutWithResizableWidgets.onMeasure. Parent maxHeight: 1005; setting to: 1354
D/CellLayoutChildren( 3607): setCellDimensions. width: 216, height: 276, gapX: 0, gapY: 0
D/CellLayoutHotseat( 3607): setGaps(0, 0)
W/CellLayout( 3607): CellLayoutHotseat.onMeasure. Parent maxHeight: 1005; setting to: 1434
I/SurfaceFlinger( 2552): id=212 createSurf (1080x1920),1 flag=4, com.sec.android.app.launcher/com.android.launcher2.Launcher
D/EnterpriseDeviceManager( 3036): ContainerId: 0
D/STATUSBAR-StatusBarManagerService( 3036): manageDisableList what=0x0 pkg=WindowManager.LayoutParams
D/PackageManager( 3036): [MSG] MCS_UNBIND
I/PackageManager( 3036): calling disconnectService()
D/PackageManager( 3036): Trying to unbind to DefaultContainerService
W/CellLayout( 3607): CellLayoutWithResizableWidgets.onMeasure. Parent maxWidth: 1080; setting to: 1093
W/CellLayout( 3607): CellLayoutWithResizableWidgets.onMeasure. Parent maxWidth: 1080; setting to: 1093
W/CellLayout( 3607): CellLayoutWithResizableWidgets.onMeasure. Parent maxWidth: 1080; setting to: 1093
W/CellLayout( 3607): CellLayoutWithResizableWidgets.onMeasure. Parent maxWidth: 1080; setting to: 1093
W/CellLayout( 3607): CellLayoutWithResizableWidgets.onMeasure. Parent maxWidth: 1080; setting to: 1093
D/CellLayoutChildren( 3607): setCellDimensions. width: 216, height: 276, gapX: 0, gapY: 68
D/CellLayoutHotseat( 3607): setGaps(0, 68)
D/SurfaceWidgetView( 3607): getHardwareLayer being called directly
D/SurfaceWidgetView( 3607): getHardwareLayer being called directly
D/SurfaceWidgetView( 3607): getHardwareLayer being called directly
I/PCWCLIENTTRACE_PushUtil(25553): SPPPushClient is installed : true
I/PCWCLIENTTRACE_PushUtil(25553): sales region : global
I/PCWCLIENTTRACE_PushUtil(25553): getPushTypeList : [SPP, GCM]
I/PCWCLIENTTRACE_SYSTEMReceiver(25553): [onReceive] - android.intent.action.PACKAGE_ADDED
E/EnterpriseContainerManager( 3036): ContainerPolicy Service is not yet ready!!!
D/EnterpriseDeviceManager( 3036): ContainerId: 0
E/EnterpriseContainerManager( 3036): ContainerPolicy Service is not yet ready!!!
D/Launcher( 3607): onResume, Launcher: 1118458496
D/Launcher.HomeView( 3607): onResume
D/SurfaceWidgetConnection( 3607): .SurfaceWidgetWeather#1 is being resumed by launcher
D/SurfaceWidgetClient$ISurfaceWidgetStub( 3944): [123491/1] Surface widget resume on instance = 1
D/accuweather( 3944): [Accuweather J]>>> SWW:175 [0:0] [SWW] onResume : rI = 1
D/accuweather( 3944): [Accuweather J]>>> SWW:180 [0:0] [SWW] onResume : Orientation = 1/1
D/accuweather( 3944): [Accuweather J]>>> WR:452 [0:0] =============== updateTime = 1
D/accuweather( 3944): [Accuweather J]>>> SWW:194 [0:0] [SWW] onResume : size = 1
W/LicenseLogService( 3036): log() is called by non admin
W/AlarmManager( 3036): Set alarm: type= 0 triggerAtTime= 1428055738843 , called by : com.android.vending, intent:Intent { cmp=com.android.vending/com.google.android.finsky.services.ContentSyncService }
W/AlarmManager( 3036): FACTORY_ON= 0
V/AlarmManager( 3036): setExact (T:0)20150403T130858 com.android.vending (1428055738843:6853129/6853129/0,437a64d0:bd9ab011) from 10028:4951
V/AlarmManager( 3036): AlarmManager_setLocked to type=2 curELAPSED = 6838130 as =7000 ans=305000000
D/PackageManager( 3036): setEnabledSetting : userId = 0 packageName = com.android.musicfx newState = 1
D/ApplicationPolicy( 3036): getApplicationStateEnabled : pkg = com.android.musicfx userId : 0
V/AlarmManager( 3036): [TA] Periodicity=-1 (0)
V/AlarmManager( 3036):  (SyncScheduler) Processed : 1.0 (avg:0.60) [ms]
V/AlarmManager( 3036): AlarmManager_setLocked to type=2 curELAPSED = 6838134 as =6853 ans=129000000
E/EnterpriseContainerManager( 3036): ContainerPolicy Service is not yet ready!!!
I/Launcher( 3607): Resumed Orientation : 1
I/Launcher( 3607): Resumed small width : 360
I/Launcher( 3607): Resumed density : 480
D/MenuAppsGridFragment( 3607): onResume
D/Launcher.Model( 3607): onReceive intent=Intent { act=android.intent.action.CONFIGURATION_CHANGED flg=0x70000010 }
D/Launcher.Model( 3607): hasLocaleChangedLocked. mcc: 0-->0; mnc: 0-->0; locale: en_GB-->en_GB; return: false
D/CellLayoutChildren( 3607): setCellDimensions. width: 252, height: 315, gapX: 15, gapY: 18
D/CellLayoutChildren( 3607): setCellDimensions. width: 252, height: 315, gapX: 15, gapY: 18
D/CellLayoutChildren( 3607): setCellDimensions. width: 252, height: 315, gapX: 15, gapY: 18
D/CellLayoutChildren( 3607): setCellDimensions. width: 252, height: 315, gapX: 15, gapY: 18
D/ApplicationPolicy( 3036): getApplicationComponentState : pkg = com.android.musicfx userId : 0
D/CellLayoutChildren( 3607): setCellDimensions. width: 252, height: 315, gapX: 15, gapY: 18
D/accuweather( 3944): [Accuweather J]>>> DBH:1876 [0:0] gADWI : count = 0
E/EnterpriseContainerManager( 3036): ContainerPolicy Service is not yet ready!!!
D/EnterpriseDeviceManager( 3036): ContainerId: 0
E/EnterpriseContainerManager( 3036): ContainerPolicy Service is not yet ready!!!
D/PackageManager( 3036): setEnabledSetting : userId = 0 packageName = com.android.musicfx newState = 1
D/ApplicationPolicy( 3036): getApplicationStateEnabled : pkg = com.android.musicfx userId : 0
E/EnterpriseContainerManager( 3036): ContainerPolicy Service is not yet ready!!!
W/LicenseLogService( 3036): log() is called by non admin
D/ApplicationPolicy( 3036): getApplicationComponentState : pkg = com.android.musicfx userId : 0
D/accuweather( 3944): [Accuweather J]>>> WCD:420 [0:0]  onFirstUpdate :: fU = false
D/accuweather( 3944): [Accuweather J]>>> SWW:309 [0:0] hideMsg : mResumeInstnceList[0] = 1
D/accuweather( 3944): [Accuweather J]>>> WR:793 [0:0] hideMsg : -1, isShow = false
D/accuweather( 3944): [Accuweather J]>>> WR:799 [0:0] hideMsg : 0
D/accuweather( 3944): [Accuweather J]>>> WCD:510 [0:0]  onResume : fU = false, cnt =0
D/accuweather( 3944): [Accuweather J]>>> WCD:520 [0:0]  onResume :: mFAR = false, cC = false, isa = false
D/accuweather( 3944): [Accuweather J]>>> SWW:601 [0:0]  registerTTReceiver ! 
I/SELinux (25953): Function: selinux_android_load_priority [0], There is no sepolicy file.
I/SELinux (25953):  
I/SELinux (25953): Function: selinux_android_load_priority [1], There is no sepolicy version file.
I/SELinux (25953):  
I/SELinux (25953): Function: selinux_android_load_priority , loading version is VE=SEPF_GT-I9500_4.4.2_0005
I/SELinux (25953):  
I/SELinux (25953):  
I/SELinux (25953): selinux_android_seapp_context_reload: seapp_contexts file is loaded from /seapp_contexts
D/accuweather( 3944): [Accuweather J]>>> WR:493 [0:0] onResume : 1, widgetMode : 1, orientation : 1
D/comsamsunglog( 3944): [Accuweather J]>>> ==============================================================================================
D/comsamsunglog( 3944): [Accuweather J]>>> widgetappapheroaccuweather [Version : 14012101] [ 1 ] 
D/comsamsunglog( 3944): [Accuweather J]>>> Header set to : ===> "accuweather" <===
D/comsamsunglog( 3944): [Accuweather J]>>> ==============================================================================================
I/ActivityManager( 3036): Start proc com.policydm for broadcast com.policydm/.XSPPReceiver: pid=25953 uid=1000 gids={41000, 3002, 3001, 1023, 1007, 3003, 1028, 1015, 3004, 3005, 2001, 1001, 1024}
D/SurfaceWidget.Renderer( 3944): [123491/1] SurfaceWidgetRenderer waiting done: 1 (Thread[Thread-106,5,main])
D/accuweather( 3944): [Accuweather J]>>> SM:1031 [0:0] updateCurrentCityTime : [1]0/1
D/accuweather( 3944): [Accuweather J]>>> SM:1046 [0:0] updateCurrentCityTime , ConditionLayerWidth = 852, mConditionLayerHeight = 532
D/accuweather( 3944): [Accuweather J]>>> SM:1887 [0:0] drw 1nd Tm dt = Fri, 3 April
D/WallpaperManager( 3607): SEC_PRODUCT_FEATURE_COMMON_ENABLE_TEXTURE_COMPRESSION is false
D/CellLayoutChildren( 3607): setCellDimensions. width: 216, height: 276, gapX: 0, gapY: 0
D/WallpaperManager( 3607): SEC_PRODUCT_FEATURE_COMMON_ENABLE_TEXTURE_COMPRESSION is false
D/CellLayoutChildren( 3607): setCellDimensions. width: 216, height: 276, gapX: 0, gapY: 0
D/Hotseat ( 3607): resetLayout()
D/CellLayoutHotseat( 3607): setGridSize:1,1
D/CellLayout( 3607): setGridSize(1, 1)
D/CellLayoutHotseat( 3607): animateAllChildren 1
D/CellLayoutChildren( 3607): addView() adding all apps icon to Hotseat's CellLayoutChildren @ index = -1 child count = 0
W/CellLayoutChildren( 3607): Adding view to CellLayoutChildren without an associated item.
D/CellLayoutHotseat( 3607): setGridSize:1,1
D/CellLayoutHotseat( 3607): animateAllChildren 1
D/CellLayoutHotseat( 3607): setGridSize:5,1
D/CellLayout( 3607): setGridSize(5, 1)
D/CellLayoutHotseat( 3607): animateAllChildren 1
D/CellLayoutHotseat( 3607): makeEmptySpace check:5 < 2
D/CellLayoutChildren( 3607): addView() adding view to Hotseat's CellLayoutChildren @ index = -1 and title = Phone child count = 1
D/CellLayoutHotseat( 3607): makeEmptySpace check:5 < 3
D/CellLayoutChildren( 3607): addView() adding view to Hotseat's CellLayoutChildren @ index = -1 and title = Contacts child count = 2
D/CellLayoutHotseat( 3607): makeEmptySpace check:5 < 4
E/dalvikvm( 3944): 3944(com.sec.android.widgetapp.ap.hero.accuweather) stat: (e)    6    86KB / (c)   25    46MB / (a)   86   140MB / (h)   694KB  1188KB   493KB
D/dalvikvm( 3944): GC_CONCURRENT freed 2000K, 23% free 17446K/22420K, paused 7ms+2ms, total 47ms
D/dalvikvm( 3944): WAIT_FOR_CONCURRENT_GC blocked 14ms
D/CellLayoutChildren( 3607): addView() adding view to Hotseat's CellLayoutChildren @ index = -1 and title = Messaging child count = 3
D/CellLayoutHotseat( 3607): makeEmptySpace check:5 < 5
D/accuweather( 3944): [Accuweather J]>>> SM:3112 [0:0] onR : isAni = false
D/accuweather( 3944): [Accuweather J]>>> SWW:540 [0:0] =================== , resume :1
D/CellLayoutChildren( 3607): addView() adding view to Hotseat's CellLayoutChildren @ index = -1 and title = Internet child count = 4
W/CellLayout( 3607): CellLayoutWithResizableWidgets.onMeasure. Parent maxWidth: 1080; setting to: 1093
W/CellLayout( 3607): CellLayoutWithResizableWidgets.onMeasure. Parent maxWidth: 1080; setting to: 1093
W/CellLayout( 3607): CellLayoutWithResizableWidgets.onMeasure. Parent maxWidth: 1080; setting to: 1093
W/CellLayout( 3607): CellLayoutWithResizableWidgets.onMeasure. Parent maxWidth: 1080; setting to: 1093
W/CellLayout( 3607): CellLayoutWithResizableWidgets.onMeasure. Parent maxWidth: 1080; setting to: 1093
D/CellLayoutChildren( 3607): setCellDimensions. width: 216, height: 276, gapX: 0, gapY: 0
D/CellLayoutHotseat( 3607): setGaps(0, 0)
D/SurfaceWidgetView( 3607): getHardwareLayer being called directly
D/SurfaceWidgetView( 3607): getHardwareLayer being called directly
D/SurfaceWidgetView( 3607): getHardwareLayer being called directly
I/DBG_POLICYDM(25953): [SPD_v2_1401_4_1][Line:792][xdmGetCheckWifiOnlyModel] isWifiOnly : false
I/DBG_POLICYDM(25953): [SPD_v2_1401_4_1][Line:807][xdmGetCheckDataOnly] Voice : true
I/DBG_POLICYDM(25953): [SPD_v2_1401_4_1][Line:808][xdmGetCheckDataOnly] SMS : true
I/DBG_POLICYDM(25953): [SPD_v2_1401_4_1][Line:815][xdmGetCheckDataOnly] isDataOnly : false
I/DBG_POLICYDM(25953): [SPD_v2_1401_4_1][Line:28][xdmInitialize] UYqn6vq3qTH35L66pR9dB6ZrOQhtHCYbjdszx6nYrjFYzeVOvvlPUzE67GnQVups
I/DBG_POLICYDM(25953): [SPD_v2_1401_4_1][Line:29][xdmInitialize] AgVOOqV7UpXFblBk29Ld3aZrOQhtHCYbjdszx6nYrjFYzeVOvvlPUzE67GnQVups
I/DBG_POLICYDM(25953): [SPD_v2_1401_4_1][Line:30][xdmInitialize] AgVOOqV7UpXFblBk29Ld3WQvEpsHE7t6/Nl1XTy+HilJTAKQBHXXIrZAqqe5iIKy
I/DBG_POLICYDM(25953): [SPD_v2_1401_4_1][Line:31][xdmInitialize] UPYFtLwxCHS3lNqWPdA1ZfFi5leCdIuw7PoRnmoHceQtbKhaYDnGqoOsz4oQwUZB
I/DBG_POLICYDM(25953): [SPD_v2_1401_4_1][Line:57][xdmSecProductFeatureGetLog] TE1OTxNWMfqCX3p6u3JUgfktEeDT+AxHG6vYDELQwE8=
I/DBG_POLICYDM(25953): [SPD_v2_1401_4_1][Line:58][xdmSecProductFeatureGetLog] UD3p49FutX5R2bYm5y4ahkeDVk46kmKEtnB1dyqF+/6myNNfTbshD/3CUCBhnsLE
I/DBG_POLICYDM(25953): [SPD_v2_1401_4_1][Line:864][xdmWakeLockAcquire] 
I/DBG_POLICYDM(25953): [SPD_v2_1401_4_1][Line:869][xdmWakeLockAcquire] m_WakeLock is acquire!!
I/DBG_POLICYDM(25953): [SPD_v2_1401_4_1][Line:160][xdmAgentTaskHandler] XEVENT_OS_INITIALIZED
I/DBG_POLICYDM(25953): [SPD_v2_1401_4_1][Line:153][xdmAgentSetSyncMode] nSync = 0
I/DBG_POLICYDM(25953): [SPD_v2_1401_4_1][Line:362][xdmGetTargetCustomCode] Y1GgEeDs0/Mbo+OlL4DcBF+hCyQGHXeXlhc3ifzse2Y=
I/DBG_POLICYDM(25953): [SPD_v2_1401_4_1][Line:1570][xdbDMffs_Init] xdbDMffs_Init
D/PhoneInterfaceManager( 3481): getActivePhoneType() = 1
I/DBG_POLICYDM(25953): [SPD_v2_1401_4_1][Line:501][xdmInitExternalStorageState] 
I/DBG_POLICYDM(25953): [SPD_v2_1401_4_1][Line:556][xdmInitExternalStorageState] ngm+RmS8DZk5kqxNuOJLHifNyWE67V1g5WAFZmH8wCQ=
