I/SELinux (26146):  
I/SELinux (26146):  
I/SELinux (26146): selinux_android_seapp_context_reload: seapp_contexts file is loaded from /seapp_contexts
I/ActivityManager( 3036): Start proc com.sec.android.widgetapp.easyfavoritescontactswidget for broadcast com.sec.android.widgetapp.easyfavoritescontactswidget/.SeniorFavoriteWidgetProviderLarge: pid=26146 uid=10008 gids={50008, 3001}
I/ActivityManager( 3036): Killing 25822:com.android.keychain/1000 (adj 15): empty #31
D/SeniorFavoriteWidgetProviderBase(26146): registerContentObserver() = com.sec.android.widgetapp.easyfavoritescontactswidget.SeniorFavoriteWidgetProviderBase$SeniorFavoriteContentObserver@429f3438
D/ActiveApplication(26055): START onReceive()_intent : Intent { act=com.sec.android.intent.action.HOME_RESUME flg=0x10 cmp=com.sec.android.widgetapp.activeapplicationwidget/.ProgramMonitorProvider }
D/DataRouter( 2563): After the usb select
D/DataRouter( 2563): read usb data[len:4]
D/DataRouter( 2563): read usb data message:
D/ActiveApplication(26055): LAUNCHER_RESUME
D/DataRouter( 2563): Before the usb select
D/connfw  ( 2565): [DR->CONNFW]Received data notification
D/connfw  ( 2565): NOT DEFINE
D/connfw  ( 2565): Message:
E/DataRouter( 2563): [socket:10]******* Received data notification *******
V/TaskCloserActivity(26055): TaskCloserActivity onReceive() - com.sec.android.intent.action.HOME_RESUME
I/SELinux (26161): Function: selinux_android_load_priority [0], There is no sepolicy file.
I/SELinux (26161):  
I/SELinux (26161): Function: selinux_android_load_priority [1], There is no sepolicy version file.
I/SELinux (26161):  
I/SELinux (26161): Function: selinux_android_load_priority , loading version is VE=SEPF_GT-I9500_4.4.2_0005
I/SELinux (26161):  
I/SELinux (26161):  
I/SELinux (26161): selinux_android_seapp_context_reload: seapp_contexts file is loaded from /seapp_contexts
I/ActivityManager( 3036): Start proc com.android.email for broadcast com.android.email/.provider.WidgetProvider: pid=26161 uid=10171 gids={50171, 3003, 1028, 1015, 1001, 1023, 3002, 3001, 1003}
I/ActivityManager( 3036): Killing 25738:com.samsung.demo.wbtatransitioneffect/u0a457 (adj 15): empty #31
D/InputTransport( 3036): Input channel destroyed: name='ClientState{44a85550 uid 10457 pid 25738} (server)', fd=459
W/InputDispatcher( 3036): channel '44a85898 com.samsung.demo.wbtatransitioneffect/com.samsung.demo.wbtatransitioneffect.OpenSDKDemoActivity (server)' ~ Consumer closed input channel or an error occurred.  events=0x9
E/InputDispatcher( 3036): channel '44a85898 com.samsung.demo.wbtatransitioneffect/com.samsung.demo.wbtatransitioneffect.OpenSDKDemoActivity (server)' ~ Channel is unrecoverably broken and will be disposed!
I/SurfaceFlinger( 2552): id=197 Removed DimLayer (5/14)
D/InputTransport( 3871): Input channel destroyed: name='ClientState{44a85550 uid 10457 pid 25738} (client)', fd=73
I/SurfaceFlinger( 2552): id=197 Removed DimLayer (-2/14)
I/SurfaceFlinger( 2552): id=196 Removed DimLayer (4/13)
I/SurfaceFlinger( 2552): id=196 Removed DimLayer (-2/13)
W/InputDispatcher( 3036): Attempted to unregister already unregistered input channel '44a85898 com.samsung.demo.wbtatransitioneffect/com.samsung.demo.wbtatransitioneffect.OpenSDKDemoActivity (server)'
I/SurfaceFlinger( 2552): id=201 Removed SurfaceView (6/12)
I/SurfaceFlinger( 2552): id=201 Removed SurfaceView (-2/12)
I/WindowState( 3036): WIN DEATH: Window{44a85898 u0 com.samsung.demo.wbtatransitioneffect/com.samsung.demo.wbtatransitioneffect.OpenSDKDemoActivity}
W/WindowManager( 3036): Force-removing child win Window{44a164c0 u0 SurfaceView} from container Window{44a85898 u0 com.samsung.demo.wbtatransitioneffect/com.samsung.demo.wbtatransitioneffect.OpenSDKDemoActivity}
D/InputTransport( 3036): Input channel destroyed: name='44a85898 com.samsung.demo.wbtatransitioneffect/com.samsung.demo.wbtatransitioneffect.OpenSDKDemoActivity (server)', fd=458
I/SurfaceFlinger( 2552): id=200 Removed com.samsung.demo.wbtatransitioneffect/com.samsung.demo.wbtatransitioneffect.OpenSDKDemoActivity (6/11)
I/SurfaceFlinger( 2552): id=200 Removed com.samsung.demo.wbtatransitioneffect/com.samsung.demo.wbtatransitioneffect.OpenSDKDemoActivity (-2/11)
I/SurfaceFlinger( 2552): id=200 Removed com.samsung.demo.wbtatransitioneffect/com.samsung.demo.wbtatransitioneffect.OpenSDKDemoActivity (-2/11)
I/SurfaceFlinger( 2552): id=201 Removed SurfaceView (-2/11)
D/InputDispatcher( 3036): Focused application released
W/WindowManager( 3036): Failed looking up window
W/WindowManager( 3036): java.lang.IllegalArgumentException: Requested window android.os.BinderProxy@44a89c58 does not exist
W/WindowManager( 3036): 	at com.android.server.wm.WindowManagerService.windowForClientLocked(WindowManagerService.java:9706)
W/WindowManager( 3036): 	at com.android.server.wm.WindowManagerService.windowForClientLocked(WindowManagerService.java:9697)
W/WindowManager( 3036): 	at com.android.server.wm.WindowState$DeathRecipient.binderDied(WindowState.java:1323)
W/WindowManager( 3036): 	at android.os.BinderProxy.sendDeathNotice(Binder.java:493)
W/WindowManager( 3036): 	at dalvik.system.NativeStart.run(Native Method)
I/WindowState( 3036): WIN DEATH: null
D/STATS   (26161): checkDatabases called
D/EmailLog(26161): dropboxManager instanciated
D/Email   (26161): EmailFeature	CscFeature_Email_EnableSyncAndConnect: false
D/Email   (26161): EmailFeature	CscFeature_Email_EnableSyncAndConnect: false
D/LegacyAdapter(26161): initProtocol() is called
D/Email   (26161): EmailFeature	CscFeature_Email_EnableSyncAndConnect: false
D/EmailProvider(26161): it is first db, go on normal process
D/STATS   (26161): checkDatabases called
D/EmailProvider(26161): Dirty commit messages cleared count:0
D/EmailProvider(26161): savenCount = 0
I/EmailProvider(26161): saven Account Delete Start
I/ProtocolAdapter(26161): Account list is empty - maybe no accounts configured yet!
D/Eas Debug(26161): Logging: 
E/EnterpriseContainerManager( 3036): ContainerPolicy Service is not yet ready!!!
D/EnterpriseDeviceManager( 3036): ContainerId: 0
E/EnterpriseContainerManager( 3036): ContainerPolicy Service is not yet ready!!!
D/PackageManager( 3036): setEnabledSetting : userId = 0 packageName = com.android.email newState = 2
D/ApplicationPolicy( 3036): getApplicationStateEnabled : pkg = com.android.email userId : 0
E/EnterpriseContainerManager( 3036): ContainerPolicy Service is not yet ready!!!
W/LicenseLogService( 3036): log() is called by non admin
E/EnterpriseContainerManager( 3036): ContainerPolicy Service is not yet ready!!!
D/EnterpriseDeviceManager( 3036): ContainerId: 0
E/EnterpriseContainerManager( 3036): ContainerPolicy Service is not yet ready!!!
D/ApplicationPolicy( 3036): getApplicationComponentState : pkg = com.android.email userId : 0
D/PackageManager( 3036): setEnabledSetting : userId = 0 packageName = com.android.email newState = 2
D/ApplicationPolicy( 3036): getApplicationStateEnabled : pkg = com.android.email userId : 0
E/EnterpriseContainerManager( 3036): ContainerPolicy Service is not yet ready!!!
E/EnterpriseContainerManager( 3036): ContainerPolicy Service is not yet ready!!!
D/EnterpriseDeviceManager( 3036): ContainerId: 0
W/LicenseLogService( 3036): log() is called by non admin
E/EnterpriseContainerManager( 3036): ContainerPolicy Service is not yet ready!!!
W/ContextImpl(26161): Implicit intents with startService are not safe: Intent { act=com.android.email.EXCHANGE_INTENT } android.content.ContextWrapper.bindService:529 com.android.emailcommon.service.ServiceProxy.setTask:173 com.android.emailcommon.service.ServiceProxy.setTask:153 
W/ContextImpl(26161): Implicit intents with startService are not safe: Intent { act=com.android.email.EXCHANGE_INTENT } android.content.ContextWrapper.bindService:529 com.android.emailcommon.service.ServiceProxy.setTask:173 com.android.emailcommon.service.ServiceProxy.setTask:153 
E/EnterpriseContainerManager( 3036): ContainerPolicy Service is not yet ready!!!
D/ApplicationPolicy( 3036): getApplicationComponentState : pkg = com.android.email userId : 0
D/PackageManager( 3036): setEnabledSetting : userId = 0 packageName = com.android.email newState = 2
D/ApplicationPolicy( 3036): getApplicationStateEnabled : pkg = com.android.email userId : 0
D/ApplicationPolicy( 3036): getApplicationComponentState : pkg = com.android.email userId : 0
E/EnterpriseContainerManager( 3036): ContainerPolicy Service is not yet ready!!!
D/EnterpriseDeviceManager( 3036): ContainerId: 0
E/EnterpriseContainerManager( 3036): ContainerPolicy Service is not yet ready!!!
W/LicenseLogService( 3036): log() is called by non admin
E/EnterpriseContainerManager( 3036): ContainerPolicy Service is not yet ready!!!
D/PackageManager( 3036): setEnabledSetting : userId = 0 packageName = com.android.email newState = 2
D/ApplicationPolicy( 3036): getApplicationStateEnabled : pkg = com.android.email userId : 0
D/ApplicationPolicy( 3036): getApplicationComponentState : pkg = com.android.email userId : 0
E/EnterpriseContainerManager( 3036): ContainerPolicy Service is not yet ready!!!
D/EnterpriseDeviceManager( 3036): ContainerId: 0
E/EnterpriseContainerManager( 3036): ContainerPolicy Service is not yet ready!!!
W/LicenseLogService( 3036): log() is called by non admin
W/LicenseLogService( 3036): log() is called by non admin
D/PackageManager( 3036): setEnabledSetting : userId = 0 packageName = com.android.email newState = 2
D/ApplicationPolicy( 3036): getApplicationStateEnabled : pkg = com.android.email userId : 0
E/EnterpriseContainerManager( 3036): ContainerPolicy Service is not yet ready!!!
D/Email   (26161): EmailFeature	CscFeature_Email_EnableSyncAndConnect: false
D/ApplicationPolicy( 3036): getApplicationComponentState : pkg = com.android.email userId : 0
I/SELinux (26182): Function: selinux_android_load_priority [0], There is no sepolicy file.
I/SELinux (26182):  
I/SELinux (26182): Function: selinux_android_load_priority [1], There is no sepolicy version file.
I/SELinux (26182):  
I/SELinux (26182): Function: selinux_android_load_priority , loading version is VE=SEPF_GT-I9500_4.4.2_0005
I/SELinux (26182):  
I/SELinux (26182):  
I/SELinux (26182): selinux_android_seapp_context_reload: seapp_contexts file is loaded from /seapp_contexts
D/EmailWidgetProvider(26161): onReceive in EmailWidgetProvider
I/ActivityManager( 3036): Start proc com.android.exchange for service com.android.exchange/.ExchangeService: pid=26182 uid=10172 gids={50172, 3003, 1028, 1015, 3002, 3001}
I/ActivityManager( 3036): Killing 25512:com.android.defcontainer/u0a6 (adj 15): empty #31
D/BadgeNotification(26161): setBadgeCount : badgeCount = 0
D/BadgeNotification(26161): getId : className = com.android.email.activity.Welcome
W/Uploader( 3816): No account for auth token provided
I/System.out( 3816): IntentService[UploaderIntentService] calls detatch()
D/Uploader( 3816): Network request failed class java.net.UnknownHostException(Unable to resolve host "play.googleapis.com": No address associated with hostname)
I/SELinux (26197): Function: selinux_android_load_priority [0], There is no sepolicy file.
I/SELinux (26197):  
I/SELinux (26197): Function: selinux_android_load_priority [1], There is no sepolicy version file.
I/SELinux (26197):  
I/SELinux (26197): Function: selinux_android_load_priority , loading version is VE=SEPF_GT-I9500_4.4.2_0005
I/SELinux (26197):  
I/SELinux (26197):  
I/SELinux (26197): selinux_android_seapp_context_reload: seapp_contexts file is loaded from /seapp_contexts
I/ActivityManager( 3036): Start proc com.sec.android.provider.badge for content provider com.sec.android.provider.badge/.BadgeProvider: pid=26197 uid=10076 gids={50076}
W/AlarmManager( 3036): Set alarm: type= 1 triggerAtTime= 1428056026239 , called by : com.google.android.gms, intent:Intent { cmp=com.google.android.gms/.playlog.uploader.UploaderAlarmReceiver }
W/AlarmManager( 3036): FACTORY_ON= 0
V/AlarmManager( 3036): setExact (T:1)20150403T131346 com.google.android.gms (1428056026239:7140525/7140525/0,42cbc0a0:ef77ba4d) from 10014:3816
E/EnterpriseContainerManager( 3036): ContainerPolicy Service is not yet ready!!!
D/EnterpriseDeviceManager( 3036): ContainerId: 0
E/EnterpriseContainerManager( 3036): ContainerPolicy Service is not yet ready!!!
D/PackageManager( 3036): setEnabledSetting : userId = 0 packageName = com.android.email newState = 1
D/ApplicationPolicy( 3036): getApplicationStateEnabled : pkg = com.android.email userId : 0
W/LicenseLogService( 3036): log() is called by non admin
E/EnterpriseContainerManager( 3036): ContainerPolicy Service is not yet ready!!!
D/ApplicationPolicy( 3036): getApplicationComponentState : pkg = com.android.email userId : 0
E/EnterpriseContainerManager( 3036): ContainerPolicy Service is not yet ready!!!
D/EnterpriseDeviceManager( 3036): ContainerId: 0
E/EnterpriseContainerManager( 3036): ContainerPolicy Service is not yet ready!!!
E/EnterpriseContainerManager( 3036): ContainerPolicy Service is not yet ready!!!
D/PackageManager( 3036): setEnabledSetting : userId = 0 packageName = com.android.email newState = 2
D/ApplicationPolicy( 3036): getApplicationStateEnabled : pkg = com.android.email userId : 0
D/ApplicationPolicy( 3036): getApplicationComponentState : pkg = com.android.email userId : 0
W/LicenseLogService( 3036): log() is called by non admin
E/EnterpriseContainerManager( 3036): ContainerPolicy Service is not yet ready!!!
D/EnterpriseDeviceManager( 3036): ContainerId: 0
E/EnterpriseContainerManager( 3036): ContainerPolicy Service is not yet ready!!!
E/EnterpriseContainerManager( 3036): ContainerPolicy Service is not yet ready!!!
W/LicenseLogService( 3036): log() is called by non admin
D/PackageManager( 3036): setEnabledSetting : userId = 0 packageName = com.android.email newState = 2
D/ApplicationPolicy( 3036): getApplicationStateEnabled : pkg = com.android.email userId : 0
D/ApplicationPolicy( 3036): getApplicationComponentState : pkg = com.android.email userId : 0
E/EnterpriseContainerManager( 3036): ContainerPolicy Service is not yet ready!!!
D/EnterpriseDeviceManager( 3036): ContainerId: 0
E/EnterpriseContainerManager( 3036): ContainerPolicy Service is not yet ready!!!
E/EnterpriseContainerManager( 3036): ContainerPolicy Service is not yet ready!!!
W/LicenseLogService( 3036): log() is called by non admin
D/PackageManager( 3036): setEnabledSetting : userId = 0 packageName = com.android.email newState = 2
D/ApplicationPolicy( 3036): getApplicationStateEnabled : pkg = com.android.email userId : 0
D/ApplicationPolicy( 3036): getApplicationComponentState : pkg = com.android.email userId : 0
E/PackageManager( 3036): getServiceInfo return null by this package is not enabled
E/PackageManager( 3036): component : ComponentInfo{com.android.email/com.android.email.service.AttachmentDownloadService}
W/ActivityManager( 3036): Unable to start service Intent { cmp=com.android.email/.service.AttachmentDownloadService } U=0: not found
I/ActivityManager( 3036): Killing 25930:com.google.android.partnersetup/u0a16 (adj 15): empty #31
D/BadgeProvider(26197): onCreate
D/BadgeProvider(26197): DatabaseHelper
D/BadgeProvider(26197): query, [selection] : package='com.android.email' AND class='com.android.email.activity.Welcome' AND extraData='base_extra_badge'
D/BadgeNotification(26161): ContentProviderClient is released
D/Launcher.Model( 3607): reloadBadges entered.
D/BadgeProvider(26197): sendNotify entered. [uri] : content://com.sec.badge/apps/1
D/BadgeProvider(26197): sendNotify, [notify] : null
D/BadgeProvider(26197): update, [uri] : content://com.sec.badge/apps/1
D/BadgeProvider(26197): update, [BadgeCount] : badgecount=0
D/BadgeProvider(26197): update, [UpdateCount] : 1
D/DiscourseLogger(26182): Service=created sStop=false
D/Email   (26161): BadgeManager	[updateBadgeProvider] - cnt : 0
D/BadgeCache( 3607): 1. updateBadgeCounts: com.android.email = 0
D/BadgeCache( 3607): 1. updateBadgeCounts: com.android.mms = 0
D/BadgeCache( 3607): 1. updateBadgeCounts: com.samsung.android.app.episodes = 0
D/BadgeCache( 3607): 1. updateBadgeCounts: com.android.contacts = 0
D/BadgeCache( 3607): 1. updateBadgeCounts: com.android.contacts = 0
D/BadgeCache( 3607): 1. updateBadgeCounts: com.android.contacts = 0
D/BadgeCache( 3607): 1. updateBadgeCounts: com.sec.android.app.samsungapps = 0
I/ActivityManager( 3036): Killing 25953:com.policydm/1000 (adj 15): empty #31
D/ExchangeService(26182): !!! EAS ExchangeService, onCreate
W/ContextImpl(26182): Implicit intents with startService are not safe: Intent { act=com.android.email.EXCHANGE_INTENT } android.content.ContextWrapper.startService:506 com.android.exchange.ExchangeService$9.run:4777 com.android.emailcommon.utility.Utility$2.doInBackground:1261 
D/Eas Debug(26182): Logging: 
D/Eas Debug(26182): Logging: 
D/ExchangeService(26182): !!! EAS ExchangeService, onStartCommand, startingUp = false, running = false
W/ContextImpl(26182): Implicit intents with startService are not safe: Intent { act=com.android.email.ACCOUNT_INTENT } android.content.ContextWrapper.bindService:529 com.android.emailcommon.service.ServiceProxy.setTask:173 com.android.emailcommon.service.ServiceProxy.setTask:153 
W/ContextImpl(26182): Implicit intents with startService are not safe: Intent { act=com.android.email.ACCOUNT_INTENT } android.content.ContextWrapper.bindService:529 com.android.emailcommon.service.ServiceProxy.setTask:173 com.android.emailcommon.service.ServiceProxy.setTask:153 
W/ContextImpl(26161): Implicit intents with startService are not safe: Intent { act=com.android.email.EXCHANGE_INTENT } android.content.ContextWrapper.startService:506 com.android.email.ExchangeUtils.startExchangeService:52 com.android.email.service.AccountService$1$1.run:125 
D/ExchangeService(26182): !!! EAS ExchangeService, onStartCommand, startingUp = true, running = false
D/Eas Debug(26161): Logging: 
W/ContextImpl(26161): Implicit intents with startService are not safe: Intent { act=com.android.email.EXCHANGE_INTENT } android.content.ContextWrapper.bindService:529 com.android.emailcommon.service.ServiceProxy.setTask:173 com.android.emailcommon.service.ServiceProxy.setTask:153 
W/ContextImpl(26182): Implicit intents with startService are not safe: Intent { act=com.android.email.ACCOUNT_INTENT } android.content.ContextWrapper.bindService:529 com.android.emailcommon.service.ServiceProxy.setTask:173 com.android.emailcommon.service.ServiceProxy.setTask:153 
D/Eas Debug(26182): Logging: 
D/DiscourseLogger(26182): Service=destroyed sStop=false sServiceThread=Died
W/ContextImpl(26182): Implicit intents with startService are not safe: Intent { act=com.android.email.ACCOUNT_INTENT } android.content.ContextWrapper.bindService:529 com.android.emailcommon.service.ServiceProxy.setTask:173 com.android.emailcommon.service.ServiceProxy.setTask:153 
E/StrictMode(26182): null
E/StrictMode(26182): android.app.ServiceConnectionLeaked: Service com.android.exchange.ExchangeService has leaked ServiceConnection com.android.emailcommon.service.ServiceProxy$ProxyConnection@42a1b538 that was originally bound here
E/StrictMode(26182): 	at android.app.LoadedApk$ServiceDispatcher.<init>(LoadedApk.java:988)
E/StrictMode(26182): 	at android.app.LoadedApk.getServiceDispatcher(LoadedApk.java:882)
E/StrictMode(26182): 	at android.app.ContextImpl.bindServiceCommon(ContextImpl.java:1914)
E/StrictMode(26182): 	at android.app.ContextImpl.bindService(ContextImpl.java:1897)
E/StrictMode(26182): 	at android.content.ContextWrapper.bindService(ContextWrapper.java:529)
E/StrictMode(26182): 	at com.android.emailcommon.service.ServiceProxy.setTask(ServiceProxy.java:173)
E/StrictMode(26182): 	at com.android.emailcommon.service.ServiceProxy.setTask(ServiceProxy.java:153)
E/StrictMode(26182): 	at com.android.emailcommon.service.AccountServiceProxy.restoreAccountsIfNeeded(AccountServiceProxy.java:135)
E/StrictMode(26182): 	at com.android.exchange.ExchangeService$11.run(ExchangeService.java:4889)
E/StrictMode(26182): 	at com.android.emailcommon.utility.Utility$2.doInBackground(Utility.java:1261)
E/StrictMode(26182): 	at com.android.emailcommon.utility.Utility$2.doInBackground(Utility.java:1258)
E/StrictMode(26182): 	at android.os.AsyncTask$2.call(AsyncTask.java:288)
E/StrictMode(26182): 	at java.util.concurrent.FutureTask.run(FutureTask.java:237)
E/StrictMode(26182): 	at android.os.AsyncTask$SerialExecutor$1.run(AsyncTask.java:231)
E/StrictMode(26182): 	at java.util.concurrent.ThreadPoolExecutor.runWorker(ThreadPoolExecutor.java:1112)
E/StrictMode(26182): 	at java.util.concurrent.ThreadPoolExecutor$Worker.run(ThreadPoolExecutor.java:587)
E/StrictMode(26182): 	at java.lang.Thread.run(Thread.java:841)
E/ActivityThread(26182): Service com.android.exchange.ExchangeService has leaked ServiceConnection com.android.emailcommon.service.ServiceProxy$ProxyConnection@42a1b538 that was originally bound here
E/ActivityThread(26182): android.app.ServiceConnectionLeaked: Service com.android.exchange.ExchangeService has leaked ServiceConnection com.android.emailcommon.service.ServiceProxy$ProxyConnection@42a1b538 that was originally bound here
E/ActivityThread(26182): 	at android.app.LoadedApk$ServiceDispatcher.<init>(LoadedApk.java:988)
E/ActivityThread(26182): 	at android.app.LoadedApk.getServiceDispatcher(LoadedApk.java:882)
E/ActivityThread(26182): 	at android.app.ContextImpl.bindServiceCommon(ContextImpl.java:1914)
E/ActivityThread(26182): 	at android.app.ContextImpl.bindService(ContextImpl.java:1897)
E/ActivityThread(26182): 	at android.content.ContextWrapper.bindService(ContextWrapper.java:529)
E/ActivityThread(26182): 	at com.android.emailcommon.service.ServiceProxy.setTask(ServiceProxy.java:173)
E/ActivityThread(26182): 	at com.android.emailcommon.service.ServiceProxy.setTask(ServiceProxy.java:153)
E/ActivityThread(26182): 	at com.android.emailcommon.service.AccountServiceProxy.restoreAccountsIfNeeded(AccountServiceProxy.java:135)
E/ActivityThread(26182): 	at com.android.exchange.ExchangeService$11.run(ExchangeService.java:4889)
E/ActivityThread(26182): 	at com.android.emailcommon.utility.Utility$2.doInBackground(Utility.java:1261)
E/ActivityThread(26182): 	at com.android.emailcommon.utility.Utility$2.doInBackground(Utility.java:1258)
E/ActivityThread(26182): 	at android.os.AsyncTask$2.call(AsyncTask.java:288)
E/ActivityThread(26182): 	at java.util.concurrent.FutureTask.run(FutureTask.java:237)
E/ActivityThread(26182): 	at android.os.AsyncTask$SerialExecutor$1.run(AsyncTask.java:231)
E/ActivityThread(26182): 	at java.util.concurrent.ThreadPoolExecutor.runWorker(ThreadPoolExecutor.java:1112)
E/ActivityThread(26182): 	at java.util.concurrent.ThreadPoolExecutor$Worker.run(ThreadPoolExecutor.java:587)
E/ActivityThread(26182): 	at java.lang.Thread.run(Thread.java:841)
W/EDMNativeHelper( 2545): EDMNativeHelperService is published
I/Mms/MmsApp(26081):  start initViewCache mms
D/Mms/ComposeMessageFragment(26081): fillCache, easy = false
D/checkbox(26081): setButtonDrawable(Drawable d) mButtonBgHasBeenSet=false
D/checkbox(26081): This is checkbox with ADVANCED_VI_EFFECTS enabled
D/checkbox(26081): setChecked(1) checked=false, mCheckBoxAnimationEnabled=true, mIsAttached=false
D/checkbox(26081): checkMarkDrawable=android.graphics.drawable.StateListDrawable@42c34660, checkRectangleDrawable=android.graphics.drawable.StateListDrawable@42c4d360, enabled=true
E/dalvikvm(26081): 26081(com.android.mms) stat: (e)   75  1136KB / (c)    1  1035KB / (a)    0     0KB / (h)  1989KB  2412KB   422KB
D/dalvikvm(26081): GC_CONCURRENT freed 1035K, 13% free 18741K/21404K, paused 2ms+3ms, total 20ms
D/dalvikvm(26081): WAIT_FOR_CONCURRENT_GC blocked 10ms
E/dalvikvm(26081): 26081(com.android.mms) stat: (e)   75  1136KB / (c)    1  1035KB / (a)    1    42KB / (h)  3610KB  3948KB   337KB
D/dalvikvm(26081): GC_FOR_ALLOC freed 42K, 10% free 20362K/22384K, paused 11ms, total 11ms
I/DVFSHelper(26081): DVFSHelper:: New instance is created for LIST_SCROLL_BOOSTER
D/AbsListView(26081): Get MotionRecognitionManager
D/MotionRecognitionService( 3036):  ssp status : true
D/Mms/Synchronizer(26081): [start]    dbSync()
V/TP/MmsSmsProvider( 3481): query,matched:0
V/TP/MmsSmsProvider( 3481): getSimpleConversations entered.
D/TP/MmsSmsProvider( 3481): update uri: content://mms-sms/db_synchronization
D/TP/MmsSmsProvider( 3481): match 0:Elapsed time : 0.935 ms
D/Mms/Synchronizer(26081): [end]    dbSync()
D/Mms/MessagingNotification(26081): checkBadgeCount unreadCount=0 badgeCount=0
V/TP/MmsSmsProvider( 3481): query,matched:6
D/TP/MmsSmsProvider( 3481): match 6:Elapsed time : 0.845 ms
D/DataRouter( 2563): After the usb select
D/DataRouter( 2563): read usb data[len:4]
D/DataRouter( 2563): read usb data message:
D/DataRouter( 2563): Before the usb select
D/connfw  ( 2565): [DR->CONNFW]Received data notification
D/connfw  ( 2565): NOT DEFINE
D/connfw  ( 2565): Message:
E/DataRouter( 2563): [socket:10]******* Received data notification *******
D/SSRMv2:Monitor( 3036): SIOP:: AP = 440, Prev AP = 390, Duration = 10028, PST = 363
I/GAV2    (26018): Thread[GAThread,5,main]: No campaign data found.
D/SSRMv2:AmoledAdjustTimer( 3036): prevTemp = 315, currTemp = 315, prevStep = 4, currStep = 4
E/USB     (26255): [CSSVC	][Connsvc_USB_HandleOpen:1646	] open /dev/android_ssusbcon failed (errno 2 : No such file or directory)
E/USB     (26255): [CSSVC	][Connsvc_USB_DeviceCreate:881	] Connsvc_USB_HandleOpen fail.
E/USB     (26255): [CSSVC	][Connsvc_USB_DeviceCreate:940	] -- Status -1
E/USB     (26255): [CSSVC	][Connsvc_USB_EnumDevice:181	] Connsvc_USB_DeviceCreate fail, deviceName : /dev/android_ssusbcon
E/General (26255): [CSSVC	][Connsvc_USB_Init:46	]  -- Status : 0xfffffff4
E/General (26255): [CSSVC	][Connsvc_Startup:84	] Connsvc_USB_Init fail. status : -12
E/General (26255): [CSSVC	][main:117	] Connsvc_Startup fail. Status : -12
D/DataRouter( 2563): After the usb select
D/DataRouter( 2563): read usb data[len:4]
D/DataRouter( 2563): read usb data message:
D/DataRouter( 2563): Before the usb select
D/connfw  ( 2565): [DR->CONNFW]Received data notification
D/connfw  ( 2565): NOT DEFINE
D/connfw  ( 2565): Message:
E/DataRouter( 2563): [socket:10]******* Received data notification *******
W/EDMNativeHelper( 2545): EDMNativeHelperService is published
D/DataRouter( 2563): After the usb select
D/DataRouter( 2563): read usb data[len:4]
D/DataRouter( 2563): read usb data message:
D/DataRouter( 2563): Before the usb select
D/connfw  ( 2565): [DR->CONNFW]Received data notification
D/connfw  ( 2565): NOT DEFINE
D/connfw  ( 2565): Message:
E/DataRouter( 2563): [socket:10]******* Received data notification *******
E/USB     (26311): [CSSVC	][Connsvc_USB_HandleOpen:1646	] open /dev/android_ssusbcon failed (errno 2 : No such file or directory)
E/USB     (26311): [CSSVC	][Connsvc_USB_DeviceCreate:881	] Connsvc_USB_HandleOpen fail.
E/USB     (26311): [CSSVC	][Connsvc_USB_DeviceCreate:940	] -- Status -1
E/USB     (26311): [CSSVC	][Connsvc_USB_EnumDevice:181	] Connsvc_USB_DeviceCreate fail, deviceName : /dev/android_ssusbcon
E/General (26311): [CSSVC	][Connsvc_USB_Init:46	]  -- Status : 0xfffffff4
E/General (26311): [CSSVC	][Connsvc_Startup:84	] Connsvc_USB_Init fail. status : -12
E/General (26311): [CSSVC	][main:117	] Connsvc_Startup fail. Status : -12
I/dumpstate(25893): done
I/DEBUG   ( 2551): ptrace detach from 25738 failed: No such process
I/DEBUG   ( 2551): debuggerd committing suicide to free the zombie!
I/DEBUG   (26316): debuggerd: Feb  5 2014 00:46:13
D/DataRouter( 2563): After the usb select
D/DataRouter( 2563): read usb data[len:4]
D/DataRouter( 2563): read usb data message:
D/DataRouter( 2563): Before the usb select
D/connfw  ( 2565): [DR->CONNFW]Received data notification
D/connfw  ( 2565): NOT DEFINE
D/connfw  ( 2565): Message:
E/DataRouter( 2563): [socket:10]******* Received data notification *******
W/EDMNativeHelper( 2545): EDMNativeHelperService is published
V/AlarmManager( 3036): waitForAlarm result :4
V/AlarmManager( 3036): AlarmManager_setLocked to type=2 curELAPSED = 6853130 as =7000 ans=305000000
V/AlarmManager( 3036): AlarmManager_setLocked to type=3 curELAPSED = 6853131 as =6854 ans=287000000
V/AlarmManager( 3036): sending alarm Alarm{430f00f8 type 0 com.android.vending}
V/AlarmManager( 3036): [TA][Trigger] com.android.vending, code=bd9ab011 PendingIntent{4364a270: PendingIntentRecord{437a64d0 com.android.vending startService}}
V/AlarmManager( 3036): trigger ELAPSED_REALTIME_WAKEUP or RTC_WAKEUP
V/AlarmManager( 3036): !@trigger WAKEUP Alarm{430f00f8 type 0 com.android.vending}
E/dalvikvm( 4951): 4951(com.android.vending) stat: (e)   21   307KB / (c)    1  2526KB / (a)    0     0KB / (h)   556KB  1892KB  1335KB
D/dalvikvm( 4951): GC_CONCURRENT freed 2526K, 20% free 17308K/21460K, paused 52ms+3ms, total 185ms
D/dalvikvm( 4951): WAIT_FOR_CONCURRENT_GC blocked 103ms
D/DataRouter( 2563): After the usb select
D/DataRouter( 2563): read usb data[len:4]
D/DataRouter( 2563): read usb data message:
D/DataRouter( 2563): Before the usb select
D/connfw  ( 2565): [DR->CONNFW]Received data notification
D/connfw  ( 2565): NOT DEFINE
D/connfw  ( 2565): Message:
E/DataRouter( 2563): [socket:10]******* Received data notification *******
D/SSRMv2:Monitor( 3036): SIOP:: AP = 390, Prev AP = 440, Duration = 10007, PST = 367
D/Finsky  ( 4951): [1] 5.onFinished: Installation state replication succeeded.
V/AlarmManager( 3036): waitForAlarm result :8
V/AlarmManager( 3036): sending alarm Alarm{437d8f38 type 3 android}
V/AlarmManager( 3036): [TA][Trigger] android, code=c1aab58 PendingIntent{43068e60: PendingIntentRecord{42e96838 android broadcastIntent}}
D/STATUSBAR-NetworkController( 3293): onSignalStrengthsChanged signalStrength=SignalStrength: 21 -1 -1 -1 -1 -1 -1 99 2147483647 2147483647 2147483647 -1 2147483647 gsm|lte 0x4 level=4
D/STATUSBAR-NetworkController( 3293): Nothing, mRoamingIconId = 0
D/KeyguardClockWidgetService( 4584): onReceive action=android.intent.action.TIME_TICK
E/KeyguardClockWidgetService( 4584): return : because of no lockscreen or screen off state
V/AlarmManager( 3036): ClockReceiver onReceive() ACTION_TIME_TICK
W/AlarmManager( 3036): Set alarm: type= 3 triggerAtTime= 6914286 , called by : android, intent:Intent { act=android.intent.action.TIME_TICK flg=0x50000000 }
W/AlarmManager( 3036): FACTORY_ON= 0
V/AlarmManager( 3036): setExact (T:3)20150403T131000 android (6914286:6914286/6914286/0,42e96838:c1aab58) from 1000:3036
V/AlarmManager( 3036): AlarmManager_setLocked to type=3 curELAPSED = 6854316 as =6914 ans=286000000
D/SViewCoverWidget( 3269): onReceive() : intent=Intent { act=android.intent.action.TIME_TICK flg=0x50000014 (has extras) }
D/SViewCoverWidget( 3269): initClock() : TimeZone =libcore.util.ZoneInfo[id="Europe/Kiev",mRawOffset=7200000,mEarliestRawOffset=7200000,mUseDst=true,mDstSavings=3600000,transitions=119]
D/KeyguardUpdateMonitor( 3293): received broadcast android.intent.action.TIME_TICK
D/KeyguardUpdateMonitor( 3293): handleTimeUpdate
D/STATUSBAR-Clock( 3293): updateClock:1428055740052 mCalendar.getTimeZone():Europe/Kiev TimeZone.getDefault():Europe/Kiev
D/STATUSBAR-Clock( 3293): getSmallTime:Fri Apr 03 13:09:00 EEST 2015
D/STATUSBAR-IconMerger( 3293): checkOverflow(648), More:false, Req:false Child:3
D/STATUSBAR-Clock( 3293): updateClock:1428055740115 mCalendar.getTimeZone():Europe/Kiev TimeZone.getDefault():Europe/Kiev
D/STATUSBAR-Clock( 3293): getSmallTime:Fri Apr 03 13:09:00 EEST 2015
D/daemonapp( 4598): [MSC_Accu_Daemon]>>> U:1071 [0:0] cDayONight() ::: sunrise is null 
D/daemonapp( 4598): [MSC_Accu_Daemon]>>> U:1087 [0:0] cDayONight() ::: sunset is null 
D/daemonapp( 4598): [MSC_Accu_Daemon]>>> WCS:90 [0:0] action:androidintentactionTIME_TICK
D/accuweather( 3944): [Accuweather J]>>> SWW:615 [0:0] =============== BR act = androidintentactionTIME_TICK
D/accuweather( 3944): [Accuweather J]>>> SWW:652 [0:0] renderUpdateTime : [0] = 1
D/accuweather( 3944): [Accuweather J]>>> WR:452 [0:0] =============== updateTime = 1
D/daemonapp( 4598): [MSC_Accu_Daemon]>>> AWDS:69 [0:0] Act : widgetappapaccuweatherdaemonactionCHANGE_ICON_OF_DAEMON, run:true
D/comsamsunglog( 4598): [MSC_Accu_Daemon]>>> ====================================================================================================================
D/comsamsunglog( 4598): [MSC_Accu_Daemon]>>> daemonapp [Version : 14012701 ] [ 1 ] 
D/comsamsunglog( 4598): [MSC_Accu_Daemon]>>> Header set to : ===> "daemonapp" <===
D/comsamsunglog( 4598): [MSC_Accu_Daemon]>>> ====================================================================================================================
D/accuweather( 3944): [Accuweather J]>>> SM:1031 [0:0] updateCurrentCityTime : [1]0/1
D/accuweather( 3944): [Accuweather J]>>> SM:1046 [0:0] updateCurrentCityTime , ConditionLayerWidth = 852, mConditionLayerHeight = 532
D/daemonapp( 4598): [MSC_Accu_Daemon]>>> ACP:433 [0:0] Provider query : content://apaccuweatherprovider/packagename
D/accuweather( 3944): [Accuweather J]>>> SM:1887 [0:0] drw 1nd Tm dt = Fri, 3 April
D/accuweather( 3944): [Accuweather J]>>> SM:1920 [0:0] makeTimeText[1] time :Fri, 3 April 13:08 , new :Fri, 3 April 13:09 
D/accuweather( 3944): [Accuweather J]>>> SM:2004 [0:0] uCCV : msg = -1, oT = true
D/daemonapp( 4598): [MSC_Accu_Daemon]>>> AWDS:1068 [0:0] PakNme size = 0
D/daemonapp( 4598): [MSC_Accu_Daemon]>>> ACP:433 [0:0] Provider query : content://apaccuweatherprovider/current_weatherinfo
D/daemonapp( 4598): [MSC_Accu_Daemon]>>> ACP:433 [0:0] Provider query : content://apaccuweatherprovider/current_weatherinfo
D/daemonapp( 4598): [MSC_Accu_Daemon]>>> ACP:433 [0:0] Provider query : content://apaccuweatherprovider/current_weatherinfo
D/daemonapp( 4598): [MSC_Accu_Daemon]>>> AWDS:111 [0:0] SerStus:false,TmpS:1,AtRfr:3
D/daemonapp( 4598): [MSC_Accu_Daemon]>>> AWDS:639 [0:0] ====ACTION_SEC_CHANGE_ICON_OF_DAEMON===
D/daemonapp( 4598): [MSC_Accu_Daemon]>>> U:1071 [0:0] cDayONight() ::: sunrise is null 
D/daemonapp( 4598): [MSC_Accu_Daemon]>>> U:1087 [0:0] cDayONight() ::: sunset is null 
D/daemonapp( 4598): [MSC_Accu_Daemon]>>> AWDS:642 [0:0] checkDay:true, UtilgetIsDay():false
D/daemonapp( 4598): [MSC_Accu_Daemon]>>> ACP:433 [0:0] Provider query : content://apaccuweatherprovider/weatherinfo
D/SSRMv2:AmoledAdjustTimer( 3036): prevTemp = 315, currTemp = 315, prevStep = 4, currStep = 4
E/dalvikvm( 4598): 4598(com.sec.android.daemonapp) stat: (e)   15   221KB / (c)   18    36MB / (a)    0     0KB / (h)   364KB  1492KB  1127KB
D/dalvikvm( 4598): GC_CONCURRENT freed 2026K, 20% free 17116K/21312K, paused 32ms+8ms, total 162ms
E/USB     (26339): [CSSVC	][Connsvc_USB_HandleOpen:1646	] open /dev/android_ssusbcon failed (errno 2 : No such file or directory)
E/USB     (26339): [CSSVC	][Connsvc_USB_DeviceCreate:881	] Connsvc_USB_HandleOpen fail.
E/USB     (26339): [CSSVC	][Connsvc_USB_DeviceCreate:940	] -- Status -1
E/USB     (26339): [CSSVC	][Connsvc_USB_EnumDevice:181	] Connsvc_USB_DeviceCreate fail, deviceName : /dev/android_ssusbcon
E/General (26339): [CSSVC	][Connsvc_USB_Init:46	]  -- Status : 0xfffffff4
E/General (26339): [CSSVC	][Connsvc_Startup:84	] Connsvc_USB_Init fail. status : -12
E/General (26339): [CSSVC	][main:117	] Connsvc_Startup fail. Status : -12
D/BatteryService( 3036): level:100, scale:100, status:5, health:2, present:true, voltage: 4322, temperature: 314, technology: Li-ion, AC powered:false, USB powered:true, Wireless powered:false, icon:17303408, invalid charger:0, online:4, current avg:460, charge type:0
D/BatteryService( 3036): Sending ACTION_BATTERY_CHANGED.
D/WifiController( 3036): handleMessage: E msg.what=155652
D/WifiController( 3036): processMsg: StaDisabledWithScanState
D/WifiController( 3036): processMsg: DefaultState
D/WifiController( 3036): handleMessage: X
D/KeyguardUpdateMonitor( 3293): received broadcast android.intent.action.BATTERY_CHANGED
D/UiModeManager( 3036): mCoverManager.getCoverState() : true
D/WifiController( 3036): battery changed pluggedType: 2
D/SSRMv2:BatteryCoolDownMode( 3036):  Current Battery Temperature : 314
D/SSRMv2:Monitor( 3036): mCurrentBatteryLevel:: 100
W/BackupManagerService( 3036): dataChanged but no participant pkg='com.android.providers.settings' uid=10020
D/KeyguardUpdateMonitor( 3293): handleBatteryUpdate
D/STATUSBAR-PhoneStatusBar( 3293):  mBrightnessEnablebySettings = true mBrightnessEnablebyBattery = true mBrightnessEnablebyDisableFlag = true mPmsBrightnessEnablebySettings = true
D/BatteryMeterView( 3293): ACTION_BATTERY_CHANGED : level:100 status:5 health:2
D/DataRouter( 2563): After the usb select
D/DataRouter( 2563): read usb data[len:4]
D/DataRouter( 2563): read usb data message:
D/DataRouter( 2563): Before the usb select
D/connfw  ( 2565): [DR->CONNFW]Received data notification
D/connfw  ( 2565): NOT DEFINE
D/connfw  ( 2565): Message:
E/DataRouter( 2563): [socket:10]******* Received data notification *******
W/EDMNativeHelper( 2545): EDMNativeHelperService is published
E/USB     (26366): [CSSVC	][Connsvc_USB_HandleOpen:1646	] open /dev/android_ssusbcon failed (errno 2 : No such file or directory)
E/USB     (26366): [CSSVC	][Connsvc_USB_DeviceCreate:881	] Connsvc_USB_HandleOpen fail.
E/USB     (26366): [CSSVC	][Connsvc_USB_DeviceCreate:940	] -- Status -1
E/USB     (26366): [CSSVC	][Connsvc_USB_EnumDevice:181	] Connsvc_USB_DeviceCreate fail, deviceName : /dev/android_ssusbcon
E/General (26366): [CSSVC	][Connsvc_USB_Init:46	]  -- Status : 0xfffffff4
E/General (26366): [CSSVC	][Connsvc_Startup:84	] Connsvc_USB_Init fail. status : -12
E/General (26366): [CSSVC	][main:117	] Connsvc_Startup fail. Status : -12
D/DataRouter( 2563): After the usb select
D/DataRouter( 2563): read usb data[len:4]
D/DataRouter( 2563): read usb data message:
D/DataRouter( 2563): Before the usb select
D/connfw  ( 2565): [DR->CONNFW]Received data notification
D/connfw  ( 2565): NOT DEFINE
D/connfw  ( 2565): Message:
E/DataRouter( 2563): [socket:10]******* Received data notification *******
W/EDMNativeHelper( 2545): EDMNativeHelperService is published
D/DataRouter( 2563): After the usb select
D/DataRouter( 2563): read usb data[len:4]
D/DataRouter( 2563): read usb data message:
D/DataRouter( 2563): Before the usb select
D/connfw  ( 2565): [DR->CONNFW]Received data notification
D/connfw  ( 2565): NOT DEFINE
D/connfw  ( 2565): Message:
E/DataRouter( 2563): [socket:10]******* Received data notification *******
D/SSRMv2:Monitor( 3036): SIOP:: AP = 370, Prev AP = 390, Duration = 10044, PST = 369
D/SSRMv2:AmoledAdjustTimer( 3036): prevTemp = 315, currTemp = 314, prevStep = 4, currStep = 4
D/DataRouter( 2563): After the usb select
D/DataRouter( 2563): read usb data[len:4]
D/DataRouter( 2563): read usb data message:
D/DataRouter( 2563): Before the usb select
D/connfw  ( 2565): [DR->CONNFW]Received data notification
D/connfw  ( 2565): NOT DEFINE
D/connfw  ( 2565): Message:
E/DataRouter( 2563): [socket:10]******* Received data notification *******
E/USB     (26399): [CSSVC	][Connsvc_USB_HandleOpen:1646	] open /dev/android_ssusbcon failed (errno 2 : No such file or directory)
E/USB     (26399): [CSSVC	][Connsvc_USB_DeviceCreate:881	] Connsvc_USB_HandleOpen fail.
E/USB     (26399): [CSSVC	][Connsvc_USB_DeviceCreate:940	] -- Status -1
E/USB     (26399): [CSSVC	][Connsvc_USB_EnumDevice:181	] Connsvc_USB_DeviceCreate fail, deviceName : /dev/android_ssusbcon
E/General (26399): [CSSVC	][Connsvc_USB_Init:46	]  -- Status : 0xfffffff4
E/General (26399): [CSSVC	][Connsvc_Startup:84	] Connsvc_USB_Init fail. status : -12
E/General (26399): [CSSVC	][main:117	] Connsvc_Startup fail. Status : -12
E/Watchdog( 3036): !@Sync 228
W/EDMNativeHelper( 2545): EDMNativeHelperService is published
D/DataRouter( 2563): After the usb select
D/DataRouter( 2563): read usb data[len:4]
D/DataRouter( 2563): read usb data message:
D/DataRouter( 2563): Before the usb select
D/connfw  ( 2565): [DR->CONNFW]Received data notification
D/connfw  ( 2565): NOT DEFINE
D/connfw  ( 2565): Message:
E/DataRouter( 2563): [socket:10]******* Received data notification *******
E/USB     (26426): [CSSVC	][Connsvc_USB_HandleOpen:1646	] open /dev/android_ssusbcon failed (errno 2 : No such file or directory)
E/USB     (26426): [CSSVC	][Connsvc_USB_DeviceCreate:881	] Connsvc_USB_HandleOpen fail.
E/USB     (26426): [CSSVC	][Connsvc_USB_DeviceCreate:940	] -- Status -1
E/USB     (26426): [CSSVC	][Connsvc_USB_EnumDevice:181	] Connsvc_USB_DeviceCreate fail, deviceName : /dev/android_ssusbcon
E/General (26426): [CSSVC	][Connsvc_USB_Init:46	]  -- Status : 0xfffffff4
E/General (26426): [CSSVC	][Connsvc_Startup:84	] Connsvc_USB_Init fail. status : -12
E/General (26426): [CSSVC	][main:117	] Connsvc_Startup fail. Status : -12
D/DataRouter( 2563): After the usb select
D/DataRouter( 2563): read usb data[len:4]
D/DataRouter( 2563): read usb data message:
D/DataRouter( 2563): Before the usb select
D/connfw  ( 2565): [DR->CONNFW]Received data notification
D/connfw  ( 2565): NOT DEFINE
D/connfw  ( 2565): Message:
E/DataRouter( 2563): [socket:10]******* Received data notification *******
W/EDMNativeHelper( 2545): EDMNativeHelperService is published
D/DataRouter( 2563): After the usb select
D/DataRouter( 2563): read usb data[len:4]
D/DataRouter( 2563): read usb data message:
D/DataRouter( 2563): Before the usb select
D/connfw  ( 2565): [DR->CONNFW]Received data notification
D/connfw  ( 2565): NOT DEFINE
D/connfw  ( 2565): Message:
E/DataRouter( 2563): [socket:10]******* Received data notification *******
D/SSRMv2:Monitor( 3036): SIOP:: AP = 360, Prev AP = 370, Duration = 10054, PST = 370
D/SSRMv2:AmoledAdjustTimer( 3036): prevTemp = 314, currTemp = 314, prevStep = 4, currStep = 4
E/USB     (26455): [CSSVC	][Connsvc_USB_HandleOpen:1646	] open /dev/android_ssusbcon failed (errno 2 : No such file or directory)
E/USB     (26455): [CSSVC	][Connsvc_USB_DeviceCreate:881	] Connsvc_USB_HandleOpen fail.
E/USB     (26455): [CSSVC	][Connsvc_USB_DeviceCreate:940	] -- Status -1
E/USB     (26455): [CSSVC	][Connsvc_USB_EnumDevice:181	] Connsvc_USB_DeviceCreate fail, deviceName : /dev/android_ssusbcon
E/General (26455): [CSSVC	][Connsvc_USB_Init:46	]  -- Status : 0xfffffff4
E/General (26455): [CSSVC	][Connsvc_Startup:84	] Connsvc_USB_Init fail. status : -12
E/General (26455): [CSSVC	][main:117	] Connsvc_Startup fail. Status : -12
D/DataRouter( 2563): After the usb select
D/DataRouter( 2563): read usb data[len:4]
D/DataRouter( 2563): read usb data message:
D/DataRouter( 2563): Before the usb select
D/connfw  ( 2565): [DR->CONNFW]Received data notification
D/connfw  ( 2565): NOT DEFINE
D/connfw  ( 2565): Message:
E/DataRouter( 2563): [socket:10]******* Received data notification *******
W/EDMNativeHelper( 2545): EDMNativeHelperService is published
D/DataRouter( 2563): After the usb select
D/DataRouter( 2563): read usb data[len:4]
D/DataRouter( 2563): read usb data message:
D/DataRouter( 2563): Before the usb select
D/connfw  ( 2565): [DR->CONNFW]Received data notification
D/connfw  ( 2565): NOT DEFINE
D/connfw  ( 2565): Message:
E/DataRouter( 2563): [socket:10]******* Received data notification *******
E/USB     (26484): [CSSVC	][Connsvc_USB_HandleOpen:1646	] open /dev/android_ssusbcon failed (errno 2 : No such file or directory)
E/USB     (26484): [CSSVC	][Connsvc_USB_DeviceCreate:881	] Connsvc_USB_HandleOpen fail.
E/USB     (26484): [CSSVC	][Connsvc_USB_DeviceCreate:940	] -- Status -1
E/USB     (26484): [CSSVC	][Connsvc_USB_EnumDevice:181	] Connsvc_USB_DeviceCreate fail, deviceName : /dev/android_ssusbcon
E/General (26484): [CSSVC	][Connsvc_USB_Init:46	]  -- Status : 0xfffffff4
E/General (26484): [CSSVC	][Connsvc_Startup:84	] Connsvc_USB_Init fail. status : -12
E/General (26484): [CSSVC	][main:117	] Connsvc_Startup fail. Status : -12
D/DataRouter( 2563): After the usb select
D/DataRouter( 2563): read usb data[len:4]
D/DataRouter( 2563): read usb data message:
D/DataRouter( 2563): Before the usb select
D/connfw  ( 2565): [DR->CONNFW]Received data notification
D/connfw  ( 2565): NOT DEFINE
D/connfw  ( 2565): Message:
E/DataRouter( 2563): [socket:10]******* Received data notification *******
W/EDMNativeHelper( 2545): EDMNativeHelperService is published
D/DataRouter( 2563): After the usb select
D/DataRouter( 2563): read usb data[len:4]
D/DataRouter( 2563): read usb data message:
D/DataRouter( 2563): Before the usb select
D/connfw  ( 2565): [DR->CONNFW]Received data notification
D/connfw  ( 2565): NOT DEFINE
D/connfw  ( 2565): Message:
E/DataRouter( 2563): [socket:10]******* Received data notification *******
D/SSRMv2:Monitor( 3036): SIOP:: AP = 360, Prev AP = 360, Duration = 10011, PST = 371
D/SSRMv2:AmoledAdjustTimer( 3036): prevTemp = 314, currTemp = 314, prevStep = 4, currStep = 4
E/USB     (26506): [CSSVC	][Connsvc_USB_HandleOpen:1646	] open /dev/android_ssusbcon failed (errno 2 : No such file or directory)
E/USB     (26506): [CSSVC	][Connsvc_USB_DeviceCreate:881	] Connsvc_USB_HandleOpen fail.
E/USB     (26506): [CSSVC	][Connsvc_USB_DeviceCreate:940	] -- Status -1
E/USB     (26506): [CSSVC	][Connsvc_USB_EnumDevice:181	] Connsvc_USB_DeviceCreate fail, deviceName : /dev/android_ssusbcon
E/General (26506): [CSSVC	][Connsvc_USB_Init:46	]  -- Status : 0xfffffff4
E/General (26506): [CSSVC	][Connsvc_Startup:84	] Connsvc_USB_Init fail. status : -12
E/General (26506): [CSSVC	][main:117	] Connsvc_Startup fail. Status : -12
D/AndroidRuntime(26511): 
D/AndroidRuntime(26511): >>>>>> AndroidRuntime START com.android.internal.os.RuntimeInit <<<<<<
D/AndroidRuntime(26511): CheckJNI is ON
D/AndroidRuntime(26511): setted country_code = Russia
D/AndroidRuntime(26511): setted countryiso_code = RU
D/AndroidRuntime(26511): setted sales_code = SER
D/AndroidRuntime(26511): readGMSProperty: start
D/AndroidRuntime(26511): readGMSProperty: already setted!!
D/AndroidRuntime(26511): readGMSProperty: end
D/AndroidRuntime(26511): addProductProperty: start
D/dalvikvm(26511): Trying to load lib libjavacore.so 0x0
D/dalvikvm(26511): Added shared lib libjavacore.so 0x0
D/dalvikvm(26511): Trying to load lib libnativehelper.so 0x0
D/dalvikvm(26511): Added shared lib libnativehelper.so 0x0
D/dalvikvm(26511): No JNI_OnLoad found in libnativehelper.so 0x0, skipping init
E/memtrack(26511): Couldn't load memtrack module (No such file or directory)
E/android.os.Debug(26511): failed to load memtrack module: -2
D/dalvikvm(26511): Note: class Landroid/app/ActivityManagerNative; has 187 unimplemented (abstract) methods
D/AndroidRuntime(26511): Calling main entry com.android.commands.am.Am
V/ApplicationPolicy( 3036): isApplicationStateBlocked userId 0 pkgname com.samsung.demo.wbtatransitioneffect
I/ActivityManager( 3036): Force stopping com.samsung.demo.wbtatransitioneffect appid=10457 user=0: from pid 26511
D/AndroidRuntime(26511): Shutting down VM
E/dalvikvm(26511): 26511(unknown) stat: (e)    0     0KB / (c)    1    95KB / (a)    0     0KB / (h)   662KB   728KB    65KB
D/dalvikvm(26511): GC_CONCURRENT freed 95K, 13% free 662K/760K, paused 1ms+1ms, total 5ms
D/ContainerEventsRelayManager( 3544): <<< Intent action is >>> : android.intent.action.PACKAGE_RESTARTED
D/ContainerEventsRelayManager( 3544): <<< Intent data is   >>> : package:com.samsung.demo.wbtatransitioneffect
D/RegisteredServicesCache( 3520): Intent action: android.intent.action.PACKAGE_RESTARTED
E/ClearCoverMusicWidet( 3269): onReceive() : intent=Intent { act=android.intent.action.PACKAGE_RESTARTED dat=package:com.samsung.demo.wbtatransitioneffect flg=0x10 (has extras) }
D/RegisteredAidCache( 3520): Current default: null
D/RegisteredAidCache( 3520): No default set, last payment service removed.
D/RegisteredAidCache( 3520): Updating default component to: null
D/RegisteredAidCache( 3520): generateRoutingTypeLocked
D/RegisteredAidCache( 3520): Not updating routing table because NFC is off.
V/PackageIntentReceiver(25809): onReceive() Restart PackageName: com.samsung.demo.wbtatransitioneffect Action:null
D/BatteryService( 3036): level:100, scale:100, status:5, health:2, present:true, voltage: 4306, temperature: 313, technology: Li-ion, AC powered:false, USB powered:true, Wireless powered:false, icon:17303408, invalid charger:0, online:4, current avg:460, charge type:0
D/WifiController( 3036): handleMessage: E msg.what=155652
D/WifiController( 3036): processMsg: StaDisabledWithScanState
D/WifiController( 3036): processMsg: DefaultState
D/WifiController( 3036): handleMessage: X
D/KeyguardUpdateMonitor( 3293): received broadcast android.intent.action.BATTERY_CHANGED
D/BatteryService( 3036): Sending ACTION_BATTERY_CHANGED.
D/WifiController( 3036): battery changed pluggedType: 2
D/UiModeManager( 3036): mCoverManager.getCoverState() : true
D/KeyguardUpdateMonitor( 3293): handleBatteryUpdate
D/SSRMv2:BatteryCoolDownMode( 3036):  Current Battery Temperature : 313
D/SSRMv2:Monitor( 3036): mCurrentBatteryLevel:: 100
D/STATUSBAR-PhoneStatusBar( 3293):  mBrightnessEnablebySettings = true mBrightnessEnablebyBattery = true mBrightnessEnablebyDisableFlag = true mPmsBrightnessEnablebySettings = true
D/BatteryMeterView( 3293): ACTION_BATTERY_CHANGED : level:100 status:5 health:2
D/DataRouter( 2563): After the usb select
D/DataRouter( 2563): read usb data[len:4]
D/DataRouter( 2563): read usb data message:
D/DataRouter( 2563): Before the usb select
D/connfw  ( 2565): [DR->CONNFW]Received data notification
D/connfw  ( 2565): NOT DEFINE
D/connfw  ( 2565): Message:
