--------- beginning of /dev/log/main
D/ChatON  (25683): [1][isApplicationInstalled] com.android.mms was installed
W/ContextImpl(25683): Implicit intents with startService are not safe: Intent { act=com.sec.chaton.push.PUSH_CLIENT_SERVICE_ACTION } android.content.ContextWrapper.startService:506 com.sec.chaton.global.GlobalApplication.onCreate:358 android.app.Instrumentation.callApplicationOnCreate:1025 
--------- beginning of /dev/log/system
W/ActivityManager( 3036): Unable to start service Intent { act=com.sec.chaton.push.PUSH_CLIENT_SERVICE_ACTION } U=0: not found
D/ChatON  (25683): [1][a] ChatONV is available.
D/ChatON  (25683): [1][a] ChatONVPlugIn.isAvailable()
I/SELinux (25701): Function: selinux_android_load_priority [0], There is no sepolicy file.
I/SELinux (25701):  
I/SELinux (25701): Function: selinux_android_load_priority [1], There is no sepolicy version file.
I/SELinux (25701):  
I/SELinux (25701): Function: selinux_android_load_priority , loading version is VE=SEPF_GT-I9500_4.4.2_0005
I/SELinux (25701):  
I/SELinux (25701):  
I/SELinux (25701): selinux_android_seapp_context_reload: seapp_contexts file is loaded from /seapp_contexts
I/ActivityManager( 3036): Start proc com.coolots.chaton for content provider com.coolots.chaton/.common.util.ChatONContentProvider: pid=25701 uid=1000 gids={41000, 3002, 3001, 1023, 1007, 3003, 1028, 1015, 3004, 3005, 2001, 1001, 1024}
D/SSRMv2:AmoledAdjustTimer( 3036): prevTemp = 314, currTemp = 315, prevStep = 4, currStep = 4
E/COOLOTS (25701): (UNKNOWN)[ChatONContentProvider]waitForFillVariables()++
E/COOLOTS (25701): (UNKNOWN)[CoolotsChatOn]onCreate is called!!!!
W/System.err(25701): android.content.pm.PackageManager$NameNotFoundException: com.coolots.chatonforcanada
W/System.err(25701): 	at android.app.ApplicationPackageManager.getPackageInfo(ApplicationPackageManager.java:104)
W/System.err(25701): 	at com.coolots.chaton.common.controller.ChatOnPhoneManagerKR.setCanadaFlag(ChatOnPhoneManagerKR.java:99)
W/System.err(25701): 	at com.coolots.chaton.common.controller.ChatOnPhoneManagerKR.<init>(ChatOnPhoneManagerKR.java:63)
W/System.err(25701): 	at com.coolots.chaton.CoolotsChatOn.onCreate(CoolotsChatOn.java:71)
W/System.err(25701): 	at android.app.Instrumentation.callApplicationOnCreate(Instrumentation.java:1025)
W/System.err(25701): 	at android.app.ActivityThread.handleBindApplication(ActivityThread.java:4581)
W/System.err(25701): 	at android.app.ActivityThread.access$1600(ActivityThread.java:161)
W/System.err(25701): 	at android.app.ActivityThread$H.handleMessage(ActivityThread.java:1325)
W/System.err(25701): 	at android.os.Handler.dispatchMessage(Handler.java:102)
W/System.err(25701): 	at android.os.Looper.loop(Looper.java:157)
W/System.err(25701): 	at android.app.ActivityThread.main(ActivityThread.java:5356)
W/System.err(25701): 	at java.lang.reflect.Method.invokeNative(Native Method)
W/System.err(25701): 	at java.lang.reflect.Method.invoke(Method.java:515)
W/System.err(25701): 	at com.android.internal.os.ZygoteInit$MethodAndArgsCaller.run(ZygoteInit.java:1265)
W/System.err(25701): 	at com.android.internal.os.ZygoteInit.main(ZygoteInit.java:1081)
W/System.err(25701): 	at dalvik.system.NativeStart.main(Native Method)
E/COOLOTS (25701): (1.5.0.45)[ChatONContentProvider]waitForFillVariables()++
E/USB     (25717): [CSSVC	][Connsvc_USB_HandleOpen:1646	] open /dev/android_ssusbcon failed (errno 2 : No such file or directory)
E/USB     (25717): [CSSVC	][Connsvc_USB_DeviceCreate:881	] Connsvc_USB_HandleOpen fail.
E/USB     (25717): [CSSVC	][Connsvc_USB_DeviceCreate:940	] -- Status -1
E/USB     (25717): [CSSVC	][Connsvc_USB_EnumDevice:181	] Connsvc_USB_DeviceCreate fail, deviceName : /dev/android_ssusbcon
E/General (25717): [CSSVC	][Connsvc_USB_Init:46	]  -- Status : 0xfffffff4
E/General (25717): [CSSVC	][Connsvc_Startup:84	] Connsvc_USB_Init fail. status : -12
E/General (25717): [CSSVC	][main:117	] Connsvc_Startup fail. Status : -12
D/DataRouter( 2563): After the usb select
D/DataRouter( 2563): read usb data[len:4]
D/DataRouter( 2563): read usb data message:
D/DataRouter( 2563): Before the usb select
D/connfw  ( 2565): [DR->CONNFW]Received data notification
D/connfw  ( 2565): NOT DEFINE
D/connfw  ( 2565): Message:
E/DataRouter( 2563): [socket:10]******* Received data notification *******
E/COOLOTS (25701): (1.5.0.45)[PhoneManager]setLogLevelWithServerType()
E/COOLOTS (25701): (1.5.0.45)[PhoneManager]LOG_LEVEL_ERROR
E/COOLOTS (25701): (1.5.0.45)[DatabaseHelper] create finish!!! isNeedDBUpgrade = false
V/MediaPlayer-JNI(25701): native_setup
V/MediaPlayer(25701): constructor
V/MediaPlayer(25701): setListener
V/MediaPlayer-JNI(25701): setAudioStreamType: 0
V/MediaPlayer(25701): MediaPlayer::setAudioStreamType
V/MediaPlayer-JNI(25701): setLooping: 0
V/MediaPlayer(25701): MediaPlayer::setLooping
V/MediaPlayer-JNI(25701): setDataSourceFD: fd 52
V/MediaPlayer(25701): setDataSource(52, 26249388, 6165)
V/MediaPlayerService( 2555): Client(17) constructor
V/MediaPlayerService( 2555): Create new client(17) from pid 25701, uid 1000, 
V/MediaPlayerService( 2555): setDataSource fd=28, offset=26249388, length=6165
V/MediaPlayerService( 2555): st_dev  = 66316
V/MediaPlayerService( 2555): st_mode = 33188
V/MediaPlayerService( 2555): st_uid  = 0
V/MediaPlayerService( 2555): st_gid  = 0
V/MediaPlayerService( 2555): st_size = 30886664
V/MediaPlayerService( 2555): player type = 3
V/AwesomePlayer( 2555): setDefault
V/AwesomePlayer( 2555): constructor
V/AwesomePlayer( 2555): setDefault
V/AwesomePlayer( 2555): reset_l()
V/AwesomePlayer( 2555): notifyListner_l() msg (8-MEDIA_STOPPED), ext1 (0), ext2 (0)
V/AwesomePlayer( 2555): reset_l() while (mFlags & PREPARING) condition check
V/AwesomePlayer( 2555): cancelPlayerEvents (keepNotifications=0)
V/AwesomePlayer( 2555): mAudioTrackVector clear
V/AwesomePlayer( 2555): reset_l() mAudioPlayer successfully deleted
V/AwesomePlayer( 2555): mSecMediaClock clear
V/StagefrightPlayer( 2555): StagefrightPlayer
V/AwesomePlayer( 2555): setListener
V/StagefrightPlayer( 2555): initCheck
V/AwesomePlayer( 2555): AwesomePlayer running on behalf of uid 1000
V/AudioSink( 2555): AudioOutput(23)
V/AwesomePlayer( 2555): setAudioSink
V/StagefrightPlayer( 2555): setDataSource(28, 26249388, 6165)
V/AwesomePlayer( 2555): reset_l()
V/AwesomePlayer( 2555): notifyListner_l() msg (8-MEDIA_STOPPED), ext1 (0), ext2 (0)
V/MediaPlayerService( 2555): [17] notify (0xb721a038, 8, 0, 0)
V/AwesomePlayer( 2555): reset_l() while (mFlags & PREPARING) condition check
V/AwesomePlayer( 2555): cancelPlayerEvents (keepNotifications=0)
V/AwesomePlayer( 2555): mAudioTrackVector clear
V/AwesomePlayer( 2555): reset_l() mAudioPlayer successfully deleted
V/AwesomePlayer( 2555): mSecMediaClock clear
V/MediaPlayer(25701): message received msg=8, ext1=0, ext2=0
V/MediaPlayer(25701): notify(8, 0, 0) callback on disconnected mediaplayer
V/AwesomePlayer( 2555): track of type 'audio/vorbis' does not publish bitrate
V/AwesomePlayer( 2555): mBitrate = -1 bits/sec
W/AwesomePlayer( 2555): couldn't get userdata - Weather
W/AwesomePlayer( 2555): couldn't get userdata - Authorization 
W/AwesomePlayer( 2555): couldn't get userdata - SnapShot 
W/AwesomePlayer( 2555): couldn't get userdata - SMRD
I/OggExtractor( 2555): OggSource::OggSource() mExtractor ref count = 4
V/AwesomePlayer( 2555): current audio track index (0) is added to vector
V/AwesomePlayer( 2555): setDataSource_l: Audio(1), Video(0)
I/AwesomePlayer( 2555): AwesomePlayer::setDataSource_l():: This is not a DRM content
V/MediaPlayerService( 2555):  setDataSource
V/MediaPlayerService( 2555): [17] setParameter(1604)
V/StagefrightPlayer( 2555): setParameter(key=1604)
V/AwesomePlayer( 2555): setParameter key (1604)
V/AwesomePlayer( 2555): Current Contet PID : 25701
V/MediaPlayerService( 2555): setDataSource ContextAware(fd) mUri (/system/app/ChatONV_J.apk)
V/MediaPlayerService( 2555): [17] getParameter(1700)
V/MediaPlayer-JNI(25701): native_setup
V/MediaPlayer(25701): constructor
V/MediaPlayer(25701): setListener
V/MediaPlayer-JNI(25701): setAudioStreamType: 0
V/MediaPlayer(25701): MediaPlayer::setAudioStreamType
V/MediaPlayer-JNI(25701): setLooping: 1
V/MediaPlayer(25701): MediaPlayer::setLooping
V/MediaPlayer-JNI(25701): setDataSourceFD: fd 52
V/MediaPlayer(25701): setDataSource(52, 26536684, 292220)
V/MediaPlayerService( 2555): Client(18) constructor
V/MediaPlayerService( 2555): Create new client(18) from pid 25701, uid 1000, 
V/MediaPlayerService( 2555): setDataSource fd=28, offset=26536684, length=292220
V/MediaPlayerService( 2555): st_dev  = 66316
V/MediaPlayerService( 2555): st_mode = 33188
V/MediaPlayerService( 2555): st_uid  = 0
V/MediaPlayerService( 2555): st_gid  = 0
V/MediaPlayerService( 2555): st_size = 30886664
V/MediaPlayerService( 2555): player type = 3
V/AwesomePlayer( 2555): setDefault
V/AwesomePlayer( 2555): constructor
V/AwesomePlayer( 2555): setDefault
V/AwesomePlayer( 2555): reset_l()
V/AwesomePlayer( 2555): notifyListner_l() msg (8-MEDIA_STOPPED), ext1 (0), ext2 (0)
V/AwesomePlayer( 2555): reset_l() while (mFlags & PREPARING) condition check
V/AwesomePlayer( 2555): cancelPlayerEvents (keepNotifications=0)
V/AwesomePlayer( 2555): mAudioTrackVector clear
V/AwesomePlayer( 2555): reset_l() mAudioPlayer successfully deleted
V/AwesomePlayer( 2555): mSecMediaClock clear
V/StagefrightPlayer( 2555): StagefrightPlayer
V/AwesomePlayer( 2555): setListener
V/StagefrightPlayer( 2555): initCheck
V/AwesomePlayer( 2555): AwesomePlayer running on behalf of uid 1000
V/AudioSink( 2555): AudioOutput(24)
V/AwesomePlayer( 2555): setAudioSink
V/StagefrightPlayer( 2555): setDataSource(28, 26536684, 292220)
V/AwesomePlayer( 2555): reset_l()
V/AwesomePlayer( 2555): notifyListner_l() msg (8-MEDIA_STOPPED), ext1 (0), ext2 (0)
V/MediaPlayerService( 2555): [18] notify (0xb72389e0, 8, 0, 0)
V/AwesomePlayer( 2555): reset_l() while (mFlags & PREPARING) condition check
V/AwesomePlayer( 2555): cancelPlayerEvents (keepNotifications=0)
V/AwesomePlayer( 2555): mAudioTrackVector clear
V/AwesomePlayer( 2555): reset_l() mAudioPlayer successfully deleted
V/AwesomePlayer( 2555): mSecMediaClock clear
V/MediaPlayer(25701): message received msg=8, ext1=0, ext2=0
V/MediaPlayer(25701): notify(8, 0, 0) callback on disconnected mediaplayer
E/COOLOTS (25701): (1.5.0.45)[ChatONContentProvider]waitForFillVariables()++
D/WVMDrmPlugIn( 2554): WVMDrmPlugin::onInitialize : 8179
D/WVMDrmPlugIn( 2554): WVMDrmPlugin::onSetOnInfoListener : add 8179
E/SEC_DRM_PLUGIN_Oma( 2554): OmaPlugin::onInitialize : 8179
E/SEC_DRM_PLUGIN_Oma( 2554): OmaPlugin::onSetOnInfoListener : 8179
D/SEC_DRM_PLUGIN_Playready( 2554): PlayreadyPlugIn::onInitialize[8179]
I/PrGenericPlugin( 2554): [F] ENTER onInitialize : 0x1ff3
I/PrGenericPlugin( 2554): [F] LEAVE onInitialize : 0x1ff3
D/ANDROID_DRM_FRWORKS_DrmManager( 2554): DrmManager::getSupportedPlugInIdFromPath(path:/system/app/ChatONV_J.apk)(plugin:)
D/WVMDrmPlugIn( 2554): WVMDrmPlugin::onTerminate : 8179
E/SEC_DRM_PLUGIN_Oma( 2554): OmaPlugin::onTerminate : 8179
D/SEC_DRM_PLUGIN_Playready( 2554): PlayreadyPlugIn::onTerminate[8179]
I/PrGenericPlugin( 2554): [F] ENTER onTerminate : 0x1ff3
I/PrGenericPlugin( 2554): check context leak for (0) entries in conextMap.
I/PrGenericPlugin( 2554): [F] LEAVE onTerminate : 0x1ff3
V/AwesomePlayer( 2555): mBitrate = 128000 bits/sec
W/AwesomePlayer( 2555): couldn't get userdata - Weather
W/AwesomePlayer( 2555): couldn't get userdata - Authorization 
W/AwesomePlayer( 2555): couldn't get userdata - SnapShot 
W/AwesomePlayer( 2555): couldn't get userdata - SMRD
V/AwesomePlayer( 2555): current audio track index (0) is added to vector
V/AwesomePlayer( 2555): setDataSource_l: Audio(1), Video(0)
I/AwesomePlayer( 2555): AwesomePlayer::setDataSource_l():: This is not a DRM content
V/MediaPlayerService( 2555):  setDataSource
V/MediaPlayerService( 2555): [18] setParameter(1604)
V/StagefrightPlayer( 2555): setParameter(key=1604)
V/AwesomePlayer( 2555): setParameter key (1604)
V/AwesomePlayer( 2555): Current Contet PID : 25701
V/MediaPlayerService( 2555): setDataSource ContextAware(fd) mUri (/system/app/ChatONV_J.apk)
V/MediaPlayerService( 2555): [18] getParameter(1700)
V/MediaPlayer-JNI(25701): native_setup
V/MediaPlayer(25701): constructor
V/MediaPlayer(25701): setListener
V/MediaPlayer-JNI(25701): setAudioStreamType: 2
V/MediaPlayer(25701): MediaPlayer::setAudioStreamType
V/MediaPlayer-JNI(25701): setLooping: 1
V/MediaPlayer(25701): MediaPlayer::setLooping
V/MediaPlayer-JNI(25701): setDataSourceFD: fd 52
V/MediaPlayer(25701): setDataSource(52, 26828956, 262244)
V/MediaPlayerService( 2555): Client(19) constructor
V/MediaPlayerService( 2555): Create new client(19) from pid 25701, uid 1000, 
V/MediaPlayerService( 2555): setDataSource fd=28, offset=26828956, length=262244
V/MediaPlayerService( 2555): st_dev  = 66316
V/MediaPlayerService( 2555): st_mode = 33188
V/MediaPlayerService( 2555): st_uid  = 0
V/MediaPlayerService( 2555): st_gid  = 0
V/MediaPlayerService( 2555): st_size = 30886664
V/MediaPlayerService( 2555): player type = 3
V/AwesomePlayer( 2555): setDefault
V/AwesomePlayer( 2555): constructor
V/AwesomePlayer( 2555): setDefault
V/AwesomePlayer( 2555): reset_l()
V/AwesomePlayer( 2555): notifyListner_l() msg (8-MEDIA_STOPPED), ext1 (0), ext2 (0)
V/AwesomePlayer( 2555): reset_l() while (mFlags & PREPARING) condition check
V/AwesomePlayer( 2555): cancelPlayerEvents (keepNotifications=0)
V/AwesomePlayer( 2555): mAudioTrackVector clear
V/AwesomePlayer( 2555): reset_l() mAudioPlayer successfully deleted
V/AwesomePlayer( 2555): mSecMediaClock clear
V/StagefrightPlayer( 2555): StagefrightPlayer
V/AwesomePlayer( 2555): setListener
V/StagefrightPlayer( 2555): initCheck
V/AwesomePlayer( 2555): AwesomePlayer running on behalf of uid 1000
V/AudioSink( 2555): AudioOutput(25)
V/AwesomePlayer( 2555): setAudioSink
D/AndroidRuntime(25714): 
D/AndroidRuntime(25714): >>>>>> AndroidRuntime START com.android.internal.os.RuntimeInit <<<<<<
V/StagefrightPlayer( 2555): setDataSource(28, 26828956, 262244)
V/AwesomePlayer( 2555): reset_l()
V/AwesomePlayer( 2555): notifyListner_l() msg (8-MEDIA_STOPPED), ext1 (0), ext2 (0)
V/MediaPlayerService( 2555): [19] notify (0xb7267a68, 8, 0, 0)
V/AwesomePlayer( 2555): reset_l() while (mFlags & PREPARING) condition check
V/AwesomePlayer( 2555): cancelPlayerEvents (keepNotifications=0)
V/AwesomePlayer( 2555): mAudioTrackVector clear
V/AwesomePlayer( 2555): reset_l() mAudioPlayer successfully deleted
V/AwesomePlayer( 2555): mSecMediaClock clear
V/MediaPlayer(25701): message received msg=8, ext1=0, ext2=0
V/MediaPlayer(25701): notify(8, 0, 0) callback on disconnected mediaplayer
D/AndroidRuntime(25714): CheckJNI is ON
D/AndroidRuntime(25714): setted country_code = Russia
D/AndroidRuntime(25714): setted countryiso_code = RU
D/AndroidRuntime(25714): setted sales_code = SER
D/AndroidRuntime(25714): readGMSProperty: start
D/AndroidRuntime(25714): readGMSProperty: already setted!!
D/AndroidRuntime(25714): readGMSProperty: end
D/AndroidRuntime(25714): addProductProperty: start
V/AwesomePlayer( 2555): track of type 'audio/vorbis' does not publish bitrate
V/AwesomePlayer( 2555): mBitrate = -1 bits/sec
W/AwesomePlayer( 2555): couldn't get userdata - Weather
W/AwesomePlayer( 2555): couldn't get userdata - Authorization 
W/AwesomePlayer( 2555): couldn't get userdata - SnapShot 
W/AwesomePlayer( 2555): couldn't get userdata - SMRD
I/OggExtractor( 2555): OggSource::OggSource() mExtractor ref count = 4
V/AwesomePlayer( 2555): current audio track index (0) is added to vector
V/AwesomePlayer( 2555): setDataSource_l: Audio(1), Video(0)
I/AwesomePlayer( 2555): AwesomePlayer::setDataSource_l():: This is not a DRM content
V/MediaPlayerService( 2555):  setDataSource
V/MediaPlayerService( 2555): [19] setParameter(1604)
V/StagefrightPlayer( 2555): setParameter(key=1604)
V/AwesomePlayer( 2555): setParameter key (1604)
V/AwesomePlayer( 2555): Current Contet PID : 25701
V/MediaPlayerService( 2555): setDataSource ContextAware(fd) mUri (/system/app/ChatONV_J.apk)
V/MediaPlayerService( 2555): [19] getParameter(1700)
V/MediaPlayer-JNI(25701): native_setup
V/MediaPlayer(25701): constructor
V/MediaPlayer(25701): setListener
V/MediaPlayer-JNI(25701): setAudioStreamType: 0
V/MediaPlayer(25701): MediaPlayer::setAudioStreamType
V/MediaPlayer-JNI(25701): setLooping: 1
V/MediaPlayer(25701): MediaPlayer::setLooping
V/MediaPlayer-JNI(25701): setDataSourceFD: fd 52
V/MediaPlayer(25701): setDataSource(52, 26261620, 275017)
V/MediaPlayerService( 2555): Client(20) constructor
V/MediaPlayerService( 2555): Create new client(20) from pid 25701, uid 1000, 
V/MediaPlayerService( 2555): setDataSource fd=28, offset=26261620, length=275017
V/MediaPlayerService( 2555): st_dev  = 66316
V/MediaPlayerService( 2555): st_mode = 33188
V/MediaPlayerService( 2555): st_uid  = 0
V/MediaPlayerService( 2555): st_gid  = 0
V/MediaPlayerService( 2555): st_size = 30886664
V/MediaPlayerService( 2555): player type = 3
V/AwesomePlayer( 2555): setDefault
V/AwesomePlayer( 2555): constructor
V/AwesomePlayer( 2555): setDefault
V/AwesomePlayer( 2555): reset_l()
V/AwesomePlayer( 2555): notifyListner_l() msg (8-MEDIA_STOPPED), ext1 (0), ext2 (0)
V/AwesomePlayer( 2555): reset_l() while (mFlags & PREPARING) condition check
V/AwesomePlayer( 2555): cancelPlayerEvents (keepNotifications=0)
V/AwesomePlayer( 2555): mAudioTrackVector clear
V/AwesomePlayer( 2555): reset_l() mAudioPlayer successfully deleted
V/AwesomePlayer( 2555): mSecMediaClock clear
V/StagefrightPlayer( 2555): StagefrightPlayer
V/AwesomePlayer( 2555): setListener
V/StagefrightPlayer( 2555): initCheck
V/AwesomePlayer( 2555): AwesomePlayer running on behalf of uid 1000
V/AudioSink( 2555): AudioOutput(26)
V/AwesomePlayer( 2555): setAudioSink
V/StagefrightPlayer( 2555): setDataSource(28, 26261620, 275017)
V/AwesomePlayer( 2555): reset_l()
V/AwesomePlayer( 2555): notifyListner_l() msg (8-MEDIA_STOPPED), ext1 (0), ext2 (0)
V/MediaPlayerService( 2555): [20] notify (0xb7253070, 8, 0, 0)
V/AwesomePlayer( 2555): reset_l() while (mFlags & PREPARING) condition check
V/AwesomePlayer( 2555): cancelPlayerEvents (keepNotifications=0)
V/AwesomePlayer( 2555): mAudioTrackVector clear
V/AwesomePlayer( 2555): reset_l() mAudioPlayer successfully deleted
V/AwesomePlayer( 2555): mSecMediaClock clear
V/MediaPlayer(25701): message received msg=8, ext1=0, ext2=0
V/MediaPlayer(25701): notify(8, 0, 0) callback on disconnected mediaplayer
D/dalvikvm(25714): Trying to load lib libjavacore.so 0x0
D/dalvikvm(25714): Added shared lib libjavacore.so 0x0
D/dalvikvm(25714): Trying to load lib libnativehelper.so 0x0
D/dalvikvm(25714): Added shared lib libnativehelper.so 0x0
D/dalvikvm(25714): No JNI_OnLoad found in libnativehelper.so 0x0, skipping init
D/WVMDrmPlugIn( 2554): WVMDrmPlugin::onInitialize : 7434
D/WVMDrmPlugIn( 2554): WVMDrmPlugin::onSetOnInfoListener : add 7434
E/SEC_DRM_PLUGIN_Oma( 2554): OmaPlugin::onInitialize : 7434
E/SEC_DRM_PLUGIN_Oma( 2554): OmaPlugin::onSetOnInfoListener : 7434
D/SEC_DRM_PLUGIN_Playready( 2554): PlayreadyPlugIn::onInitialize[7434]
I/PrGenericPlugin( 2554): [F] ENTER onInitialize : 0x1d0a
I/PrGenericPlugin( 2554): [F] LEAVE onInitialize : 0x1d0a
D/ANDROID_DRM_FRWORKS_DrmManager( 2554): DrmManager::getSupportedPlugInIdFromPath(path:/system/app/ChatONV_J.apk)(plugin:)
D/WVMDrmPlugIn( 2554): WVMDrmPlugin::onTerminate : 7434
E/SEC_DRM_PLUGIN_Oma( 2554): OmaPlugin::onTerminate : 7434
D/SEC_DRM_PLUGIN_Playready( 2554): PlayreadyPlugIn::onTerminate[7434]
I/PrGenericPlugin( 2554): [F] ENTER onTerminate : 0x1d0a
I/PrGenericPlugin( 2554): check context leak for (0) entries in conextMap.
I/PrGenericPlugin( 2554): [F] LEAVE onTerminate : 0x1d0a
V/AwesomePlayer( 2555): mBitrate = 128000 bits/sec
W/AwesomePlayer( 2555): couldn't get userdata - Weather
W/AwesomePlayer( 2555): couldn't get userdata - Authorization 
W/AwesomePlayer( 2555): couldn't get userdata - SnapShot 
W/AwesomePlayer( 2555): couldn't get userdata - SMRD
V/AwesomePlayer( 2555): current audio track index (0) is added to vector
V/AwesomePlayer( 2555): setDataSource_l: Audio(1), Video(0)
I/AwesomePlayer( 2555): AwesomePlayer::setDataSource_l():: This is not a DRM content
V/MediaPlayerService( 2555):  setDataSource
V/MediaPlayerService( 2555): [20] setParameter(1604)
V/StagefrightPlayer( 2555): setParameter(key=1604)
V/AwesomePlayer( 2555): setParameter key (1604)
V/AwesomePlayer( 2555): Current Contet PID : 25701
V/MediaPlayerService( 2555): setDataSource ContextAware(fd) mUri (/system/app/ChatONV_J.apk)
V/MediaPlayerService( 2555): [20] getParameter(1700)
W/linker  (25701): libsisosrtp.so has text relocations. This is wasting memory and is a security risk. Please fix.
D/dalvikvm(25701): No JNI_OnLoad found in /system/lib/libsisosrtp.so 0x429efca0, skipping init
W/linker  (25701): libSamsungAudioEngine_SDK.so has text relocations. This is wasting memory and is a security risk. Please fix.
D/SAE     (25701): CFramework Start!
D/SAE     (25701): CFramework End!
D/SAE     (25701): SAE_SetNativeInterface Start! TID[25701]
D/SAE     (25701): [SAE_SetNativeInterface] success to GetEnv
D/SAE     (25701): [SAE_SetNativeInterface]  JNI_VERSION_1_6
W/linker  (25701): libstylize.so has text relocations. This is wasting memory and is a security risk. Please fix.
D/dalvikvm(25701): No JNI_OnLoad found in /system/lib/libstylize.so 0x429efca0, skipping init
W/linker  (25701): libdmcFaceEngineWithGaze.so has text relocations. This is wasting memory and is a security risk. Please fix.
D/dalvikvm(25701): No JNI_OnLoad found in /system/lib/libdmcFaceEngineWithGaze.so 0x429efca0, skipping init
D/dalvikvm(25701): No JNI_OnLoad found in /system/lib/libPSI.so 0x429efca0, skipping init
W/linker  (25701): librtp.so has text relocations. This is wasting memory and is a security risk. Please fix.
D/dalvikvm(25701): No JNI_OnLoad found in /system/lib/librtp.so 0x429efca0, skipping init
W/linker  (25701): librtppayload.so has text relocations. This is wasting memory and is a security risk. Please fix.
D/dalvikvm(25701): No JNI_OnLoad found in /system/lib/librtppayload.so 0x429efca0, skipping init
W/linker  (25701): librtpreorder.so has text relocations. This is wasting memory and is a security risk. Please fix.
D/dalvikvm(25701): No JNI_OnLoad found in /system/lib/librtpreorder.so 0x429efca0, skipping init
W/linker  (25701): libFaceEmotionlib.so has text relocations. This is wasting memory and is a security risk. Please fix.
D/dalvikvm(25701): No JNI_OnLoad found in /system/lib/libFaceEmotionlib.so 0x429efca0, skipping init
W/linker  (25701): libsavsvc.so has text relocations. This is wasting memory and is a security risk. Please fix.
E/COOLOTS (25701): (1.5.0.45)[ChatONContentProvider]waitForFillVariables()++
D/dalvikvm(25701): No JNI_OnLoad found in /system/lib/libsamsung_videoengine_JBP_44.so 0x429efca0, skipping init
D/dalvikvm(25701): No JNI_OnLoad found in /system/lib/libSamsungMediaEngineRecorder_JBP_44.so 0x429efca0, skipping init
W/linker  (25701): libpjsip_jni_KK.so has text relocations. This is wasting memory and is a security risk. Please fix.
E/COOLOTS (25701): (1.5.0.45)[CallTextToSpeech]CallTextToSpeech()
E/COOLOTS (25701): (1.5.0.45)[ChatOnJoinManager]<<YHT11>> setJoinActivity!!!!
E/COOLOTS (25701): (1.5.0.45)[CoolotsChatOn]onCreate()--
E/memtrack(25714): Couldn't load memtrack module (No such file or directory)
E/android.os.Debug(25714): failed to load memtrack module: -2
D/dalvikvm(25714): Note: class Landroid/app/ActivityManagerNative; has 187 unimplemented (abstract) methods
D/AndroidRuntime(25714): Calling main entry com.android.commands.am.Am
E/EnterpriseContainerManager( 3036): ContainerPolicy Service is not yet ready!!!
D/EnterpriseDeviceManager( 3036): ContainerId: 0
V/ApplicationPolicy( 3036): isApplicationStateBlocked userId 0 pkgname com.samsung.demo.wbtatransitioneffect
I/DVFSHelper( 3036): acquire:: timeout = -1, mIsAcquired = false
I/CustomFrequencyManager( 3036): newFrequencyRequest  - mFrequency = 1200000, mTimeoutMs = -1, mPkgName = ACTIVITY_RESUME_BOOSTER@4
I/CustomFrequencyManager( 3036): Boost Request from package = ACTIVITY_RESUME_BOOSTER@4 frequency : 1200000type = 6
I/CustomFrequencyManager( 3036): !! pkgName = ACTIVITY_RESUME_BOOSTER@4
I/CustomFrequencyManager( 3036): CPUDVFSControlRequest : doFrequencyRequest::  = 1200000 Timeout : -1
I/ActivityManager( 3036): START u0 {act=android.intent.action.MAIN flg=0x10000000 cmp=com.samsung.demo.wbtatransitioneffect/.OpenSDKDemoActivity} from pid 25714
D/SSRMv2:CustomFrequencyManagerService( 3036): checkCPUBoostRange : 1200000
D/SSRMv2:CustomFrequencyManagerService( 3036): acquireDVFSLockLocked : type : DVFS_MIN_LIMIT  frequency : 1200000  uid : 1000  pid : 3036  pkgName : ACTIVITY_RESUME_BOOSTER@4
D/SSRMv2:CustomFrequencyManagerService( 3036): Before Adding ---------
D/SSRMv2:CustomFrequencyManagerService( 3036): After Adding ---------
D/SSRMv2:CustomFrequencyManagerService( 3036): ############################ Start : CPU BOOST ###############################
D/SSRMv2:CustomFrequencyManagerService( 3036): dumpDVFSLockList : DVFS_MIN_LIMIT
I/DVFSHelper( 3036): acquire:: timeout = -1, mIsAcquired = false
I/CustomFrequencyManager( 3036): newFrequencyRequest  - mFrequency = 266, mTimeoutMs = -1, mPkgName = ACTIVITY_RESUME_BOOSTER@5
I/CustomFrequencyManager( 3036): Boost Request from package = ACTIVITY_RESUME_BOOSTER@5 frequency : 266type = 1
I/CustomFrequencyManager( 3036): !! pkgName = ACTIVITY_RESUME_BOOSTER@5
I/CustomFrequencyManager( 3036): GPU : doFrequencyRequest::  = 266 Timeout : -1
I/CustomFrequencyManager( 3036): GPU : doFrequencyRequest::  = 266 Timeout : -1
D/SSRMv2:CustomFrequencyManagerService( 3036):     0 : tag : ACTIVITY_RESUME_BOOSTER@4  frequency : 1200000  elapsed time : 1 Binder = android.os.Binder@435b6458 UID 1000 PID = 3036
D/SSRMv2:CustomFrequencyManagerService( 3036): ############################ END : CPU BOOST ###############################
D/SSRMv2:CustomFrequencyManagerService( 3036): acquireDVFSLockLocked : Creating new Lock type & adding to List : DVFS_MIN_LIMIT  frequency : 1200000  uid : 1000  pid : 3036  pkgName : ACTIVITY_RESUME_BOOSTER@4
D/SSRMv2:CustomFrequencyManagerService( 3036): writeSysfs:: path = /sys/power/cpufreq_min_limit, value = 1200000
W/ActivityManager( 3036): mDVFSHelper.acquire()
D/SSRMv2:CustomFrequencyManagerService( 3036): requestGPU, frequency : 266 package : ACTIVITY_RESUME_BOOSTER@5 uid: 1000 pid: 3036
D/SSRMv2:CustomFrequencyManagerService( 3036): requestGPU, index: -1
D/SSRMv2:CustomFrequencyManagerService( 3036): GPU before adding----------
D/SSRMv2:CustomFrequencyManagerService( 3036): FrequencyrequestList.addReqest:: insert new request.
D/SSRMv2:CustomFrequencyManagerService( 3036): GPU after adding----------
D/SSRMv2:CustomFrequencyManagerService( 3036): ############################ Start : LCD BUS GPU ###############################
D/SSRMv2:CustomFrequencyManagerService( 3036): GPU     0 : tag : ACTIVITY_RESUME_BOOSTER@5  Frequency = 266 Binder = android.os.Binder@435b6458 UID 1000 PID = 3036
D/SSRMv2:CustomFrequencyManagerService( 3036): ############################ End :  LCD BUS GPU ###############################
D/SSRMv2:CustomFrequencyManagerService( 3036): requestGPU, index not found, new req added in list
D/SSRMv2:GenericFalImpl( 3036): modifyToValues:: path = /sys/devices/platform/pvrsrvkm.0/sgx_dvfs_min_lock, value = 266
E/COOLOTS (25701): (1.5.0.45)[ChatONContentProvider]waitForFillVariables()++
I/SurfaceFlinger( 2552): id=196 createSurf (16x16),-1 flag=20004, DimLayer
E/COOLOTS (25701): (1.5.0.45)[ChatONContentProvider]account is null
I/SurfaceFlinger( 2552): id=197 createSurf (16x16),-1 flag=20004, DimLayer
I/ContextFramework( 3532): AppUsageMonitor: app info not found for com.sec.android.app.launcher/com.android.launcher2.Launcher
W/ContextImpl( 3036): Calling a method in the system process without a qualified user: android.app.ContextImpl.sendBroadcast:1481 com.android.server.am.ActivityStack.startPausingLocked:1006 com.android.server.am.ActivityStackSupervisor.pauseBackStacks:686 com.android.server.am.ActivityStack.resumeTopActivityLocked:1942 com.android.server.am.ActivityStackSupervisor.resumeTopActivitiesLocked:3113 
D/Launcher( 3607): onPause, Launcher: 1118458496
D/Launcher.HomeView( 3607): onPause
D/InputDispatcher( 3036): Focused application set to: AppWindowToken{44ba6178 token=Token{44bc7b58 ActivityRecord{44bc79e0 u0 com.samsung.demo.wbtatransitioneffect/.OpenSDKDemoActivity t17}}}
D/InputDispatcher( 3036): Focus left window: Window{42b33430 u0 com.sec.android.app.launcher/com.android.launcher2.Launcher}
D/AndroidRuntime(25714): Shutting down VM
V/SmartFaceService - 3rd party pause( 3036): onReceive [android.intent.action.ACTIVITY_STATE/com.sec.android.app.launcher/pause]
E/dalvikvm(25714): 25714(unknown) stat: (e)    0     0KB / (c)    1    98KB / (a)    0     0KB / (h)   707KB   776KB    68KB
D/dalvikvm(25714): GC_CONCURRENT freed 98K, 13% free 707K/808K, paused 0ms+0ms, total 2ms
E/COOLOTS (25701): (1.5.0.45)[ChatONContentProvider]waitForFillVariables()++
D/Launcher.Workspace( 3607): exitWidgetResizeMode State: NORMAL, newDragStarted: false
E/COOLOTS (25701): (1.5.0.45)[PhoneManager]setLogLevelWithServerType()
E/COOLOTS (25701): (1.5.0.45)[PhoneManager]LOG_LEVEL_ERROR
E/COOLOTS (25701): (1.5.0.45)[EngineInterface]getState() return: 0
I/SELinux (25738): Function: selinux_android_load_priority [0], There is no sepolicy file.
I/SELinux (25738):  
I/SELinux (25738): Function: selinux_android_load_priority [1], There is no sepolicy version file.
I/SELinux (25738):  
I/SELinux (25738): Function: selinux_android_load_priority , loading version is VE=SEPF_GT-I9500_4.4.2_0005
I/SELinux (25738):  
I/SELinux (25738):  
I/SELinux (25738): selinux_android_seapp_context_reload: seapp_contexts file is loaded from /seapp_contexts
I/ActivityManager( 3036): Start proc com.samsung.demo.wbtatransitioneffect for activity com.samsung.demo.wbtatransitioneffect/.OpenSDKDemoActivity: pid=25738 uid=10457 gids={50457, 1028, 1015}
I/ApplicationUsage( 3036): handleMessage : MSG_UPDATE_USAGE_DB
I/ApplicationUsage( 3036): Updating Usage Statistics in DB @ 1428055721157
D/dalvikvm(25738): Not late-enabling CheckJNI (already on)
D/InputTransport( 3036): Input channel constructed: name='434b5710 Starting com.samsung.demo.wbtatransitioneffect (server)', fd=461
D/InputTransport( 3036): Input channel constructed: name='434b5710 Starting com.samsung.demo.wbtatransitioneffect (client)', fd=462
I/SurfaceFlinger( 2552): id=198 createSurf (1x1),2 flag=404, Starting com.samsung.demo.wbtatransitioneffect
I/dalvikvm(25738): CheckJNI enabled: not enabling JNI app bug workarounds.
D/PointerIcon( 3036): setMouseIconStyle1 pointerType: 1001iconType:101 flag:0
D/PointerIcon( 3036): setMouseCustomIcon IconType is same.101
D/PointerIcon( 3036): setHoveringSpenIconStyle1 pointerType: 10001iconType:1 flag:0
D/PointerIcon( 3036): setHoveringSpenCustomIcon IconType is same.1
V/WindowOrientationListener( 3036): mSContextAutoRotationListener.getProposedRotation, mbResultFaceDectection: false
V/WindowOrientationListener( 3036): mSContextAutoRotationListener.getProposedRotation, Rotation: 0
V/WindowOrientationListener( 3036): mSContextAutoRotationListener.getProposedRotation, mbResultFaceDectection: false
V/WindowOrientationListener( 3036): mSContextAutoRotationListener.getProposedRotation, Rotation: 0
I/DVFSHelper( 3036): acquire:: timeout = 2000, mIsAcquired = true
I/DVFSHelper( 3036): acquire:: DVFS lock is already acquired. Previous lock will be released first.
I/DVFSHelper( 3036): release:: mIsAcquired = true
I/DVFSHelper( 3036): release:: cpuRequest is released.
I/CustomFrequencyManager( 3036): newFrequencyRequest  - mFrequency = 1600000, mTimeoutMs = 2000, mPkgName = ROTATION_BOOSTER@20
I/CustomFrequencyManager( 3036): Boost Request from package = ROTATION_BOOSTER@20 frequency : 1600000type = 6
I/CustomFrequencyManager( 3036): !! pkgName = ROTATION_BOOSTER@20
I/CustomFrequencyManager( 3036): CPUDVFSControlRequest : doFrequencyRequest::  = 1600000 Timeout : 2000
I/DVFSHelper( 3036): acquire:: timeout = 500, mIsAcquired = true
I/DVFSHelper( 3036): acquire:: DVFS lock is already acquired. Previous lock will be released first.
I/DVFSHelper( 3036): release:: mIsAcquired = true
D/InputDispatcher( 3036): setInputDispatchMode: enabled=1, frozen=1
I/SurfaceFlinger( 2552): id=199 createSurf (1080x1920),2 flag=404, ScreenshotSurface
V/WindowManager( 3036): rotationForOrientationLw(orient=0, last=0); user=0  sensorRotation=0 mLidState=-1 mDockMode=0 mHdmiPlugged=false mAccelerometerDefault=false gripRotationLock=false
D/SSRMv2:CustomFrequencyManagerService( 3036): Before Removing ---------
D/SSRMv2:CustomFrequencyManagerService( 3036): ############################ Start : CPU BOOST ###############################
D/SSRMv2:CustomFrequencyManagerService( 3036): dumpDVFSLockList : DVFS_MIN_LIMIT
D/SSRMv2:CustomFrequencyManagerService( 3036):     0 : tag : ACTIVITY_RESUME_BOOSTER@4  frequency : 1200000  elapsed time : 120 Binder = android.os.Binder@435b6458 UID 1000 PID = 3036
D/SSRMv2:CustomFrequencyManagerService( 3036): ############################ END : CPU BOOST ###############################
D/SSRMv2:CustomFrequencyManagerService( 3036): dumpDVFSLockList : mCurrentDVFSMinLock : 0
D/SSRMv2:CustomFrequencyManagerService( 3036): After Removing ----------
D/SSRMv2:CustomFrequencyManagerService( 3036): ############################ Start : CPU BOOST ###############################
D/SSRMv2:CustomFrequencyManagerService( 3036): dumpDVFSLockList : DVFS_MIN_LIMIT
D/SSRMv2:CustomFrequencyManagerService( 3036):     0 : tag : ACTIVITY_RESUME_BOOSTER@4  frequency : 1200000  elapsed time : 120 Binder = android.os.Binder@435b6458 UID 1000 PID = 3036
D/SSRMv2:CustomFrequencyManagerService( 3036): ############################ END : CPU BOOST ###############################
D/SSRMv2:CustomFrequencyManagerService( 3036): dumpDVFSLockList : mCurrentDVFSMinLock : 0
D/SSRMv2:CustomFrequencyManagerService( 3036): checkCPUBoostRange : 1600000
D/SSRMv2:CustomFrequencyManagerService( 3036): acquireDVFSLockLocked : type : DVFS_MIN_LIMIT  frequency : 1600000  uid : 1000  pid : 3036  pkgName : ROTATION_BOOSTER@20
D/SSRMv2:CustomFrequencyManagerService( 3036): Before Adding ---------
D/SSRMv2:CustomFrequencyManagerService( 3036): ############################ Start : CPU BOOST ###############################
D/SSRMv2:CustomFrequencyManagerService( 3036): dumpDVFSLockList : DVFS_MIN_LIMIT
D/SSRMv2:CustomFrequencyManagerService( 3036):     0 : tag : ACTIVITY_RESUME_BOOSTER@4  frequency : 1200000  elapsed time : 121 Binder = android.os.Binder@435b6458 UID 1000 PID = 3036
D/SSRMv2:CustomFrequencyManagerService( 3036): ############################ END : CPU BOOST ###############################
D/SSRMv2:CustomFrequencyManagerService( 3036): dumpDVFSLockList : mCurrentDVFSMinLock : 0
D/SSRMv2:CustomFrequencyManagerService( 3036): After Adding ---------
D/SSRMv2:CustomFrequencyManagerService( 3036): ############################ Start : CPU BOOST ###############################
D/SSRMv2:CustomFrequencyManagerService( 3036): dumpDVFSLockList : DVFS_MIN_LIMIT
D/SSRMv2:CustomFrequencyManagerService( 3036):     0 : tag : ACTIVITY_RESUME_BOOSTER@4  frequency : 1200000  elapsed time : 121 Binder = android.os.Binder@435b6458 UID 1000 PID = 3036
D/SSRMv2:CustomFrequencyManagerService( 3036): dumpDVFSLockList : DVFS_MIN_LIMIT
D/SSRMv2:CustomFrequencyManagerService( 3036):     1 : tag : ROTATION_BOOSTER@20  frequency : 1600000  elapsed time : 0 Binder = android.os.Binder@435b6458 UID 1000 PID = 3036
D/SSRMv2:CustomFrequencyManagerService( 3036): ############################ END : CPU BOOST ###############################
D/SSRMv2:CustomFrequencyManagerService( 3036): dumpDVFSLockList : mCurrentDVFSMinLock : 0
D/SSRMv2:CustomFrequencyManagerService( 3036): acquireDVFSLockLocked : Creating new Lock type & adding to List : DVFS_MIN_LIMIT  frequency : 1600000  uid : 1000  pid : 3036  pkgName : ROTATION_BOOSTER@20
D/SSRMv2:CustomFrequencyManagerService( 3036): writeSysfs:: path = /sys/power/cpufreq_min_limit, value = 1600000
D/SSRMv2:AirViewOnOff( 3036): DeviceInfo:: 00001000000
D/SSRMv2:AirViewOnOff( 3036): SettingsAirViewInfo:: 000000000
D/SSRMv2:Monitor( 3036): MSG_CFMS_COMMAND:: values[0] = TYPE_WINDOW_ORIENTATION, values[1] = LANDSCAPE
I/SurfaceFlinger( 2552): Orientation 0=>1
I/ActivityManager( 3036): Config changes=480 {0 1.0 ?mcc?mnc en_GB ldltr sw360dp w640dp h335dp 480dpi nrml long land finger -keyb/v/h -nav/h s.31}
D/PhoneApp( 3481): hardkeyboardHidden : 2
D/PhoneApp( 3481): updateProximitySensorMode: state = IDLE
I/SamsungIME( 3871): beforeConfigrationChanged()
D/PhoneApp( 3481): - isCoverClosed : false
D/PhoneApp( 3481):   - screenOnImmediately : true
D/PhoneApp( 3481):   - isForegroundActivityForProximity : false
D/PhoneApp( 3481):   - proximitySensorActive : 1
D/PhoneApp( 3481): updateProximitySensorMode: lock already released.
D/EnterpriseDeviceManager( 3036): ContainerId: 0
D/STATUSBAR-StatusBarManagerService( 3036): manageDisableList what=0x0 pkg=WindowManager.LayoutParams
I/InputReader( 3036): Reconfiguring input devices.  changes=0x00000004
I/InputReader( 3036): Device reconfigured: id=2, name='sec_touchscreen', size 1080x1920, orientation 1, mode 1, display id 0
D/SamsungIME( 3871): onStartInput
W/ContextImpl( 3036): Calling a method in the system process without a qualified user: android.app.ContextImpl.sendBroadcast:1481 com.android.server.am.ActivityStackSupervisor.realStartActivityLocked:1170 com.android.server.am.ActivityStackSupervisor.attachApplicationLocked:604 com.android.server.am.ActivityManagerService.attachApplicationLocked:6020 com.android.server.am.ActivityManagerService.attachApplication:6080 
I/ActivityManager( 3036): Killing 22037:com.google.android.talk/u0a115 (adj 15): empty for 3138s
D/Launcher( 3607): onStop, Launcher: 1118458496
D/Launcher.HomeView( 3607): onStop
D/SurfaceWidgetConnection( 3607): .SurfaceWidgetWeather#1 is being paused by launcher
D/SurfaceWidgetClient$ISurfaceWidgetStub( 3944): [123491/1] Surface widget pause on instance = 1
D/SurfaceWidgetClient$ISurfaceWidgetStub( 3960): [123491/1] Surface widget visibility changed visibility = false on instance = 1
D/SurfaceWidgetClient$ISurfaceWidgetStub( 3944): [123491/1] Surface widget visibility changed visibility = false on instance = 1
D/SurfaceWidgetClient$ISurfaceWidgetStub( 3928): [123491/1] Surface widget visibility changed visibility = false on instance = 1
D/SurfaceWidgetClient$ISurfaceWidgetStub( 3920): [123491/1] Surface widget visibility changed visibility = false on instance = 1
V/SmartFaceService - 3rd party pause( 3036): onReceive [android.intent.action.ACTIVITY_STATE/com.samsung.demo.wbtatransitioneffect/create]
D/accuweather( 3944): [Accuweather J]>>> SWW:208 [0:0] [SWW] onPause : rI = 1
D/PhoneStatusBar( 3293): mSettingsPanelGravity = 55
D/accuweather( 3944): [Accuweather J]>>> SWW:218 [0:0] [SWW] onPause : size = 0
D/accuweather( 3944): [Accuweather J]>>> SWW:626 [0:0]  unRegisterTTReceiver !! 
D/SurfaceWidget.Renderer( 3944): [123491/1] SurfaceWidgetRenderer waiting: 1 (Thread[Thread-106,5,main])
D/PhoneStatusBarView( 3293): marqueeStatusBar:183, mClearCover:0
E/Watchdog( 3036): !@Sync 227
I/SELinux (25753): Function: selinux_android_load_priority [0], There is no sepolicy file.
I/SELinux (25753):  
I/SELinux (25753): Function: selinux_android_load_priority [1], There is no sepolicy version file.
I/SELinux (25753):  
I/SELinux (25753): Function: selinux_android_load_priority , loading version is VE=SEPF_GT-I9500_4.4.2_0005
I/SELinux (25753):  
I/SELinux (25753):  
I/SELinux (25753): selinux_android_seapp_context_reload: seapp_contexts file is loaded from /seapp_contexts
I/ActivityManager( 3036): Start proc com.samsung.android.app.filterinstaller for broadcast com.samsung.android.app.filterinstaller/.PackageIntentReceiver: pid=25753 uid=1000 gids={41000, 3002, 3001, 1023, 1007, 3003, 1028, 1015, 3004, 3005, 2001, 1001, 1024}
W/ApplicationPackageManager(25738): getCSCPackageItemText()
D/STATUSBAR-QuickSettingPanel( 3293): setSingleLine:true
D/STATUSBAR-QuickSettingButton( 3293): Button configurationchanged
D/STATUSBAR-QuickSettingButton( 3293): Button dynamicallyReduceTextSize
D/Launcher( 3607): onTrimMemory. Level: 20
D/STATUSBAR-QuickSettingButton( 3293): Button configurationchanged
D/STATUSBAR-QuickSettingButton( 3293): Button dynamicallyReduceTextSize
D/STATUSBAR-QuickSettingButton( 3293): Button configurationchanged
D/STATUSBAR-QuickSettingButton( 3293): Button dynamicallyReduceTextSize
D/STATUSBAR-QuickSettingButton( 3293): Button configurationchanged
D/STATUSBAR-QuickSettingButton( 3293): Button dynamicallyReduceTextSize
D/STATUSBAR-QuickSettingButton( 3293): Button configurationchanged
D/STATUSBAR-QuickSettingButton( 3293): Button dynamicallyReduceTextSize
D/STATUSBAR-QuickSettingButton( 3293): Button configurationchanged
D/STATUSBAR-QuickSettingButton( 3293): Button dynamicallyReduceTextSize
D/STATUSBAR-QuickSettingButton( 3293): Button configurationchanged
D/STATUSBAR-QuickSettingButton( 3293): Button dynamicallyReduceTextSize
D/STATUSBAR-QuickSettingButton( 3293): Button configurationchanged
D/STATUSBAR-QuickSettingButton( 3293): Button dynamicallyReduceTextSize
D/STATUSBAR-QuickSettingButton( 3293): Button configurationchanged
D/STATUSBAR-QuickSettingButton( 3293): Button dynamicallyReduceTextSize
D/STATUSBAR-QuickSettingButton( 3293): Button configurationchanged
D/accuweather( 3944): [Accuweather J]>>> WCD:1428 [0:0] cARH()
D/accuweather( 3944): [Accuweather J]>>> WCD:546 [0:0]  onPause 
D/accuweather( 3944): [Accuweather J]>>> WR:471 [0:0] onPause : 1
D/accuweather( 3944): [Accuweather J]>>> SWW:536 [0:0] =================== , pause :1
D/STATUSBAR-QuickSettingButton( 3293): Button dynamicallyReduceTextSize
D/STATUSBAR-QuickSettingButton( 3293): Button configurationchanged
D/STATUSBAR-QuickSettingButton( 3293): Button configurationchanged
D/STATUSBAR-QuickSettingButton( 3293): Button configurationchanged
D/STATUSBAR-QuickSettingButton( 3293): Button configurationchanged
D/STATUSBAR-QuickSettingButton( 3293): Button configurationchanged
D/STATUSBAR-QuickSettingButton( 3293): Button configurationchanged
D/STATUSBAR-QuickSettingButton( 3293): Button configurationchanged
D/STATUSBAR-QuickSettingButton( 3293): Button configurationchanged
D/STATUSBAR-QuickSettingButton( 3293): Button configurationchanged
D/STATUSBAR-QuickSettingButton( 3293): Button configurationchanged
D/STATUSBAR-QuickSettingButton( 3293): Button configurationchanged
D/STATUSBAR-QuickSettingButton( 3293): Button configurationchanged
D/ContainerEventsRelayManager( 3544): <<< Intent action is >>> : android.intent.action.CONFIGURATION_CHANGED
D/ContainerEventsRelayManager( 3544): <<< Intent data is   >>> : null
D/Tethering( 3036): setOemDunRequired
E/Tethering( 3036): No numeric data
D/ECS_EnterpriseContainerService( 3036): getContainers   --  Called + uid1000
D/SViewCoverView( 3269): BroadcastReceiver onReceive() : action : android.intent.action.CONFIGURATION_CHANGED
D/SViewCoverWidget( 3269): onReceive() : intent=Intent { act=android.intent.action.CONFIGURATION_CHANGED flg=0x70000010 }
D/InCallQuickPanel( 3481): Action: android.intent.action.CONFIGURATION_CHANGED
D/SViewCoverWidget( 3269): initClock() : TimeZone =libcore.util.ZoneInfo[id="Europe/Kiev",mRawOffset=7200000,mEarliestRawOffset=7200000,mUseDst=true,mDstSavings=3600000,transitions=119]
D/NotificationMgr( 3481): updateInCallNotification(allowFullScreenIntent = false)...
D/NotificationMgr( 3481): cancelInCall()...
D/GestureService( 3773): deviceConditionChangeReceiver: onReceive - android.intent.action.CONFIGURATION_CHANGED
E/SmartFaceService( 3036): onReceive: android.intent.action.CONFIGURATION_CHANGED
E/SmartFaceService( 3036): mFolderCoverOpened: (true, true) -> true
D/ECS_EnterpriseContainerService( 3036): getContainers   --  Called passing security
D/ECS_EnterpriseContainerCacheData( 3036): Container cache getContainers 
D/ECS_EnterpriseContainerCacheData( 3036): Container cache getContainers not null
D/SSRMv2:Monitor( 3036): onForegroundAppChanged:: packageName = com.samsung.demo.wbtatransitioneffect, pid = 25738
D/SSRMv2:GovernorAdonis( 3036): updateParameters:: mIsTargetAppInForeground = false
D/Monitor ( 3036): writeStringToSysfs:: path = /sys/devices/system/cpu/cpufreq/ondemand/sampling_down_factor, value = 1
D/Monitor ( 3036): writeStringToSysfs:: path = /sys/devices/system/cpu/cpufreq/ondemand/sampling_rate, value = 100000
D/Monitor ( 3036): writeStringToSysfs:: path = /sys/devices/system/cpu/cpufreq/ondemand/up_step_level_b, value = 1200000
D/Monitor ( 3036): writeStringToSysfs:: path = /sys/devices/system/cpu/cpufreq/ondemand/up_step_level_l, value = 600000
D/Monitor ( 3036): writeStringToSysfs:: path = /sys/devices/system/cpu/cpufreq/ondemand/up_threshold, value = 90
D/Monitor ( 3036): writeStringToSysfs:: path = /sys/devices/system/cpu/cpufreq/ondemand/up_threshold_h, value = 90
D/Monitor ( 3036): writeStringToSysfs:: path = /sys/devices/system/cpu/cpufreq/ondemand/up_threshold_l, value = 90
I/ContainerAgent(25622): SettingsFontWriterFile is not existed.
D/SurfaceWidgetView( 3607): destroyHardwareResources():1127042848
D/SurfaceWidgetView( 3607): destroyHardwareResources():1124585472
D/SurfaceWidgetView( 3607): destroyHardwareResources():1124601152
D/SurfaceWidgetView( 3607): destroyHardwareResources():1124617248
I/DVFSHelper(25738): DVFSHelper:: New instance is created for LIST_SCROLL_BOOSTER
W/ContextImpl(25753): Calling a method in the system process without a qualified user: android.app.ContextImpl.startService:1823 android.content.ContextWrapper.startService:506 android.content.ContextWrapper.startService:506 com.samsung.android.app.filterinstaller.PackageIntentReceiver.onReceive:53 android.app.ActivityThread.handleReceiver:2552 
D/AbsListView(25738): Get MotionRecognitionManager
I/SELinux (25767): Function: selinux_android_load_priority [0], There is no sepolicy file.
I/SELinux (25767):  
I/SELinux (25767): Function: selinux_android_load_priority [1], There is no sepolicy version file.
I/SELinux (25767):  
I/SELinux (25767): Function: selinux_android_load_priority , loading version is VE=SEPF_GT-I9500_4.4.2_0005
I/SELinux (25767):  
I/SELinux (25767):  
I/SELinux (25767): selinux_android_seapp_context_reload: seapp_contexts file is loaded from /seapp_contexts
D/MotionRecognitionService( 3036):  ssp status : true
I/DVFSHelper(25738): DVFSHelper:: New instance is created for LIST_SCROLL_BOOSTER
D/AbsListView(25738): Get MotionRecognitionManager
I/ActivityManager( 3036): Start proc com.samsung.android.app.watchmanagerstub for broadcast com.samsung.android.app.watchmanagerstub/com.sec.android.applicationmgr.PackageIntentReceiver: pid=25767 uid=10107 gids={50107, 3003, 1028, 1015, 3002}
D/dalvikvm(25738): Trying to load lib /data/app-lib/com.samsung.demo.wbtatransitioneffect-21/libSgi.so 0x429efe30
I/SELinux (25779): Function: selinux_android_load_priority [0], There is no sepolicy file.
I/SELinux (25779):  
I/SELinux (25779): Function: selinux_android_load_priority [1], There is no sepolicy version file.
I/SELinux (25779):  
I/SELinux (25779): Function: selinux_android_load_priority , loading version is VE=SEPF_GT-I9500_4.4.2_0005
I/SELinux (25779):  
I/SELinux (25779):  
I/SELinux (25779): selinux_android_seapp_context_reload: seapp_contexts file is loaded from /seapp_contexts
I/SurfaceFlinger( 2552): id=195 Removed com.sec.android.app.launcher/com.android.launcher2.Launcher (6/13)
I/SurfaceFlinger( 2552): id=195 Removed com.sec.android.app.launcher/com.android.launcher2.Launcher (-2/13)
I/ActivityManager( 3036): Start proc com.samsung.android.provider.filterprovider for content provider com.samsung.android.provider.filterprovider/.FilterProvider: pid=25779 uid=10104 gids={50104, 1023}
D/STATUSBAR-IconMerger( 3293): checkOverflow(1512), More:false, Req:false Child:3
D/Launcher.Model( 3607): onReceive intent=Intent { act=android.intent.action.CONFIGURATION_CHANGED flg=0x70000010 }
D/Launcher.Model( 3607): hasLocaleChangedLocked. mcc: 0-->0; mnc: 0-->0; locale: en_GB-->en_GB; return: false
D/STATUSBAR-NetworkController( 3293): onReceive() - ACTION_CONFIGURATION_CHANGED
D/STATUSBAR-NetworkController( 3293): Nothing, mRoamingIconId = 0
D/STATUSBAR-Clock( 3293): updateClock:1428055721663 mCalendar.getTimeZone():Europe/Kiev TimeZone.getDefault():Europe/Kiev
D/STATUSBAR-Clock( 3293): getSmallTime:Fri Apr 03 13:08:41 EEST 2015
D/STATUSBAR-Clock( 3293): updateClock:1428055721667 mCalendar.getTimeZone():Europe/Kiev TimeZone.getDefault():Europe/Kiev
D/STATUSBAR-Clock( 3293): getSmallTime:Fri Apr 03 13:08:41 EEST 2015
D/STATUSBAR-IconMerger( 3293): checkOverflow(1512), More:false, Req:false Child:3
I/SELinux (25794): Function: selinux_android_load_priority [0], There is no sepolicy file.
I/SELinux (25794):  
I/SELinux (25794): Function: selinux_android_load_priority [1], There is no sepolicy version file.
I/SELinux (25794):  
I/SELinux (25794): Function: selinux_android_load_priority , loading version is VE=SEPF_GT-I9500_4.4.2_0005
I/SELinux (25794):  
I/SELinux (25794):  
I/SELinux (25794): selinux_android_seapp_context_reload: seapp_contexts file is loaded from /seapp_contexts
